Archive member included to satisfy reference by file (symbol)

/home/viktor/Downloads/AT32_IDE_V1.0.13_Linux-x86_64/AT32IDE_V1.0.13_Linux-X86_64/platform/tools/gcc-arm-none-eabi-10.3-2021.10/bin/../lib/gcc/arm-none-eabi/10.3.1/../../../../arm-none-eabi/lib/thumb/v7e-m+fp/hard/libm.a(lib_a-s_round.o)
                              ./user/main.o (round)
/home/viktor/Downloads/AT32_IDE_V1.0.13_Linux-x86_64/AT32IDE_V1.0.13_Linux-X86_64/platform/tools/gcc-arm-none-eabi-10.3-2021.10/bin/../lib/gcc/arm-none-eabi/10.3.1/../../../../arm-none-eabi/lib/thumb/v7e-m+fp/hard/libm.a(lib_a-w_pow.o)
                              ./user/main.o (pow)
/home/viktor/Downloads/AT32_IDE_V1.0.13_Linux-x86_64/AT32IDE_V1.0.13_Linux-X86_64/platform/tools/gcc-arm-none-eabi-10.3-2021.10/bin/../lib/gcc/arm-none-eabi/10.3.1/../../../../arm-none-eabi/lib/thumb/v7e-m+fp/hard/libm.a(lib_a-e_pow.o)
                              /home/viktor/Downloads/AT32_IDE_V1.0.13_Linux-x86_64/AT32IDE_V1.0.13_Linux-X86_64/platform/tools/gcc-arm-none-eabi-10.3-2021.10/bin/../lib/gcc/arm-none-eabi/10.3.1/../../../../arm-none-eabi/lib/thumb/v7e-m+fp/hard/libm.a(lib_a-w_pow.o) (__ieee754_pow)
/home/viktor/Downloads/AT32_IDE_V1.0.13_Linux-x86_64/AT32IDE_V1.0.13_Linux-X86_64/platform/tools/gcc-arm-none-eabi-10.3-2021.10/bin/../lib/gcc/arm-none-eabi/10.3.1/../../../../arm-none-eabi/lib/thumb/v7e-m+fp/hard/libm.a(lib_a-e_sqrt.o)
                              /home/viktor/Downloads/AT32_IDE_V1.0.13_Linux-x86_64/AT32IDE_V1.0.13_Linux-X86_64/platform/tools/gcc-arm-none-eabi-10.3-2021.10/bin/../lib/gcc/arm-none-eabi/10.3.1/../../../../arm-none-eabi/lib/thumb/v7e-m+fp/hard/libm.a(lib_a-e_pow.o) (__ieee754_sqrt)
/home/viktor/Downloads/AT32_IDE_V1.0.13_Linux-x86_64/AT32IDE_V1.0.13_Linux-X86_64/platform/tools/gcc-arm-none-eabi-10.3-2021.10/bin/../lib/gcc/arm-none-eabi/10.3.1/../../../../arm-none-eabi/lib/thumb/v7e-m+fp/hard/libm.a(lib_a-math_err.o)
                              /home/viktor/Downloads/AT32_IDE_V1.0.13_Linux-x86_64/AT32IDE_V1.0.13_Linux-X86_64/platform/tools/gcc-arm-none-eabi-10.3-2021.10/bin/../lib/gcc/arm-none-eabi/10.3.1/../../../../arm-none-eabi/lib/thumb/v7e-m+fp/hard/libm.a(lib_a-e_pow.o) (__math_uflow)
/home/viktor/Downloads/AT32_IDE_V1.0.13_Linux-x86_64/AT32IDE_V1.0.13_Linux-X86_64/platform/tools/gcc-arm-none-eabi-10.3-2021.10/bin/../lib/gcc/arm-none-eabi/10.3.1/../../../../arm-none-eabi/lib/thumb/v7e-m+fp/hard/libm.a(lib_a-s_fabs.o)
                              /home/viktor/Downloads/AT32_IDE_V1.0.13_Linux-x86_64/AT32IDE_V1.0.13_Linux-X86_64/platform/tools/gcc-arm-none-eabi-10.3-2021.10/bin/../lib/gcc/arm-none-eabi/10.3.1/../../../../arm-none-eabi/lib/thumb/v7e-m+fp/hard/libm.a(lib_a-e_pow.o) (fabs)
/home/viktor/Downloads/AT32_IDE_V1.0.13_Linux-x86_64/AT32IDE_V1.0.13_Linux-X86_64/platform/tools/gcc-arm-none-eabi-10.3-2021.10/bin/../lib/gcc/arm-none-eabi/10.3.1/../../../../arm-none-eabi/lib/thumb/v7e-m+fp/hard/libm.a(lib_a-s_finite.o)
                              /home/viktor/Downloads/AT32_IDE_V1.0.13_Linux-x86_64/AT32IDE_V1.0.13_Linux-X86_64/platform/tools/gcc-arm-none-eabi-10.3-2021.10/bin/../lib/gcc/arm-none-eabi/10.3.1/../../../../arm-none-eabi/lib/thumb/v7e-m+fp/hard/libm.a(lib_a-w_pow.o) (finite)
/home/viktor/Downloads/AT32_IDE_V1.0.13_Linux-x86_64/AT32IDE_V1.0.13_Linux-X86_64/platform/tools/gcc-arm-none-eabi-10.3-2021.10/bin/../lib/gcc/arm-none-eabi/10.3.1/../../../../arm-none-eabi/lib/thumb/v7e-m+fp/hard/libm.a(lib_a-s_scalbn.o)
                              /home/viktor/Downloads/AT32_IDE_V1.0.13_Linux-x86_64/AT32IDE_V1.0.13_Linux-X86_64/platform/tools/gcc-arm-none-eabi-10.3-2021.10/bin/../lib/gcc/arm-none-eabi/10.3.1/../../../../arm-none-eabi/lib/thumb/v7e-m+fp/hard/libm.a(lib_a-e_pow.o) (scalbn)
/home/viktor/Downloads/AT32_IDE_V1.0.13_Linux-x86_64/AT32IDE_V1.0.13_Linux-X86_64/platform/tools/gcc-arm-none-eabi-10.3-2021.10/bin/../lib/gcc/arm-none-eabi/10.3.1/thumb/v7e-m+fp/hard/libgcc.a(_arm_muldf3.o)
                              ./user/main.o (__aeabi_dmul)
/home/viktor/Downloads/AT32_IDE_V1.0.13_Linux-x86_64/AT32IDE_V1.0.13_Linux-X86_64/platform/tools/gcc-arm-none-eabi-10.3-2021.10/bin/../lib/gcc/arm-none-eabi/10.3.1/thumb/v7e-m+fp/hard/libgcc.a(_arm_addsubdf3.o)
                              /home/viktor/Downloads/AT32_IDE_V1.0.13_Linux-x86_64/AT32IDE_V1.0.13_Linux-X86_64/platform/tools/gcc-arm-none-eabi-10.3-2021.10/bin/../lib/gcc/arm-none-eabi/10.3.1/../../../../arm-none-eabi/lib/thumb/v7e-m+fp/hard/libm.a(lib_a-e_pow.o) (__aeabi_dsub)
/home/viktor/Downloads/AT32_IDE_V1.0.13_Linux-x86_64/AT32IDE_V1.0.13_Linux-X86_64/platform/tools/gcc-arm-none-eabi-10.3-2021.10/bin/../lib/gcc/arm-none-eabi/10.3.1/thumb/v7e-m+fp/hard/libgcc.a(_arm_muldivdf3.o)
                              ./user/main.o (__aeabi_ddiv)
/home/viktor/Downloads/AT32_IDE_V1.0.13_Linux-x86_64/AT32IDE_V1.0.13_Linux-X86_64/platform/tools/gcc-arm-none-eabi-10.3-2021.10/bin/../lib/gcc/arm-none-eabi/10.3.1/thumb/v7e-m+fp/hard/libgcc.a(_arm_cmpdf2.o)
[...]
Memory Configuration

Name             Origin             Length             Attributes
FLASH            0x0000000008000000 0x00000000000e0000 xr
RAM              0x0000000020000000 0x0000000000018000 xrw
SPIM             0x0000000008400000 0x0000000001000000 xr
DATA_SECTION     0x00000000080e0000 0x0000000000020000 rw
*default*        0x0000000000000000 0xffffffffffffffff

Linker script and memory map

LOAD /home/viktor/Downloads/AT32_IDE_V1.0.13_Linux-x86_64/AT32IDE_V1.0.13_Linux-X86_64/platform/tools/gcc-arm-none-eabi-10.3-2021.10/bin/../lib/gcc/arm-none-eabi/10.3.1/thumb/v7e-m+fp/hard/crti.o
LOAD /home/viktor/Downloads/AT32_IDE_V1.0.13_Linux-x86_64/AT32IDE_V1.0.13_Linux-X86_64/platform/tools/gcc-arm-none-eabi-10.3-2021.10/bin/../lib/gcc/arm-none-eabi/10.3.1/thumb/v7e-m+fp/hard/crtbegin.o
LOAD /home/viktor/Downloads/AT32_IDE_V1.0.13_Linux-x86_64/AT32IDE_V1.0.13_Linux-X86_64/platform/tools/gcc-arm-none-eabi-10.3-2021.10/bin/../lib/gcc/arm-none-eabi/10.3.1/../../../../arm-none-eabi/lib/thumb/v7e-m+fp/hard/crt0.o
LOAD /home/viktor/Downloads/AT32_IDE_V1.0.13_Linux-x86_64/AT32IDE_V1.0.13_Linux-X86_64/platform/tools/gcc-arm-none-eabi-10.3-2021.10/bin/../lib/gcc/arm-none-eabi/10.3.1/../../../../arm-none-eabi/lib/thumb/v7e-m+fp/hard/libm.a
LOAD ./user/at32f403a_407_clock.o
LOAD ./user/at32f403a_407_int.o
LOAD ./user/main.o
LOAD ./user/sampler_loader.o
LOAD ./user/systick.o
LOAD ./firmware/at32f403a_407_acc.o
LOAD ./firmware/at32f403a_407_adc.o
LOAD ./firmware/at32f403a_407_bpr.o
LOAD ./firmware/at32f403a_407_can.o
LOAD ./firmware/at32f403a_407_crc.o
LOAD ./firmware/at32f403a_407_crm.o
LOAD ./firmware/at32f403a_407_dac.o
LOAD ./firmware/at32f403a_407_debug.o
LOAD ./firmware/at32f403a_407_dma.o
LOAD ./firmware/at32f403a_407_emac.o
LOAD ./firmware/at32f403a_407_exint.o
LOAD ./firmware/at32f403a_407_flash.o
LOAD ./firmware/at32f403a_407_gpio.o
LOAD ./firmware/at32f403a_407_i2c.o
LOAD ./firmware/at32f403a_407_misc.o
LOAD ./firmware/at32f403a_407_pwc.o
LOAD ./firmware/at32f403a_407_rtc.o
LOAD ./firmware/at32f403a_407_sdio.o
LOAD ./firmware/at32f403a_407_spi.o
LOAD ./firmware/at32f403a_407_tmr.o
LOAD ./firmware/at32f403a_407_usart.o
LOAD ./firmware/at32f403a_407_usb.o
LOAD ./firmware/at32f403a_407_wdt.o
LOAD ./firmware/at32f403a_407_wwdt.o
LOAD ./firmware/at32f403a_407_xmc.o
LOAD ./cmsis/startup_at32f403a_407.o
LOAD ./cmsis/system_at32f403a_407.o
LOAD ./bsp/at32f403a_407_board.o
LOAD /home/viktor/Downloads/AT32_IDE_V1.0.13_Linux-x86_64/AT32IDE_V1.0.13_Linux-X86_64/platform/tools/gcc-arm-none-eabi-10.3-2021.10/bin/../lib/gcc/arm-none-eabi/10.3.1/../../../../arm-none-eabi/lib/thumb/v7e-m+fp/hard/libm.a
START GROUP
LOAD /home/viktor/Downloads/AT32_IDE_V1.0.13_Linux-x86_64/AT32IDE_V1.0.13_Linux-X86_64/platform/tools/gcc-arm-none-eabi-10.3-2021.10/bin/../lib/gcc/arm-none-eabi/10.3.1/thumb/v7e-m+fp/hard/libgcc.a
LOAD /home/viktor/Downloads/AT32_IDE_V1.0.13_Linux-x86_64/AT32IDE_V1.0.13_Linux-X86_64/platform/tools/gcc-arm-none-eabi-10.3-2021.10/bin/../lib/gcc/arm-none-eabi/10.3.1/../../../../arm-none-eabi/lib/thumb/v7e-m+fp/hard/libg_nano.a
LOAD /home/viktor/Downloads/AT32_IDE_V1.0.13_Linux-x86_64/AT32IDE_V1.0.13_Linux-X86_64/platform/tools/gcc-arm-none-eabi-10.3-2021.10/bin/../lib/gcc/arm-none-eabi/10.3.1/../../../../arm-none-eabi/lib/thumb/v7e-m+fp/hard/libc_nano.a
END GROUP
START GROUP
LOAD /home/viktor/Downloads/AT32_IDE_V1.0.13_Linux-x86_64/AT32IDE_V1.0.13_Linux-X86_64/platform/tools/gcc-arm-none-eabi-10.3-2021.10/bin/../lib/gcc/arm-none-eabi/10.3.1/thumb/v7e-m+fp/hard/libgcc.a
LOAD /home/viktor/Downloads/AT32_IDE_V1.0.13_Linux-x86_64/AT32IDE_V1.0.13_Linux-X86_64/platform/tools/gcc-arm-none-eabi-10.3-2021.10/bin/../lib/gcc/arm-none-eabi/10.3.1/../../../../arm-none-eabi/lib/thumb/v7e-m+fp/hard/libc_nano.a
LOAD /home/viktor/Downloads/AT32_IDE_V1.0.13_Linux-x86_64/AT32IDE_V1.0.13_Linux-X86_64/platform/tools/gcc-arm-none-eabi-10.3-2021.10/bin/../lib/gcc/arm-none-eabi/10.3.1/../../../../arm-none-eabi/lib/thumb/v7e-m+fp/hard/libnosys.a
END GROUP
START GROUP
LOAD /home/viktor/Downloads/AT32_IDE_V1.0.13_Linux-x86_64/AT32IDE_V1.0.13_Linux-X86_64/platform/tools/gcc-arm-none-eabi-10.3-2021.10/bin/../lib/gcc/arm-none-eabi/10.3.1/thumb/v7e-m+fp/hard/libgcc.a
LOAD /home/viktor/Downloads/AT32_IDE_V1.0.13_Linux-x86_64/AT32IDE_V1.0.13_Linux-X86_64/platform/tools/gcc-arm-none-eabi-10.3-2021.10/bin/../lib/gcc/arm-none-eabi/10.3.1/../../../../arm-none-eabi/lib/thumb/v7e-m+fp/hard/libc_nano.a
LOAD /home/viktor/Downloads/AT32_IDE_V1.0.13_Linux-x86_64/AT32IDE_V1.0.13_Linux-X86_64/platform/tools/gcc-arm-none-eabi-10.3-2021.10/bin/../lib/gcc/arm-none-eabi/10.3.1/../../../../arm-none-eabi/lib/thumb/v7e-m+fp/hard/libnosys.a
END GROUP
LOAD /home/viktor/Downloads/AT32_IDE_V1.0.13_Linux-x86_64/AT32IDE_V1.0.13_Linux-X86_64/platform/tools/gcc-arm-none-eabi-10.3-2021.10/bin/../lib/gcc/arm-none-eabi/10.3.1/thumb/v7e-m+fp/hard/crtend.o
LOAD /home/viktor/Downloads/AT32_IDE_V1.0.13_Linux-x86_64/AT32IDE_V1.0.13_Linux-X86_64/platform/tools/gcc-arm-none-eabi-10.3-2021.10/bin/../lib/gcc/arm-none-eabi/10.3.1/thumb/v7e-m+fp/hard/crtn.o
                0x0000000020018000                _estack = 0x20018000
                0x0000000000000200                _Min_Heap_Size = 0x200
                0x0000000000000400                _Min_Stack_Size = 0x400

.isr_vector     0x0000000008000000      0x184
                0x0000000008000000                . = ALIGN (0x4)
 *(.isr_vector)
 .isr_vector    0x0000000008000000      0x184 ./cmsis/startup_at32f403a_407.o
                0x0000000008000000                g_pfnVectors
                0x0000000008000184                . = ALIGN (0x4)

.text           0x0000000008000190     0x9b34
                0x0000000008000190                . = ALIGN (0x4)
 *(.text)
 .text          0x0000000008000190       0x40 /home/viktor/Downloads/AT32_IDE_V1.0.13_Linux-x86_64/AT32IDE_V1.0.13_Linux-X86_64/platform/tools/gcc-arm-none-eabi-10.3-2021.10/bin/../lib/gcc/arm-none-eabi/10.3.1/thumb/v7e-m+fp/hard/crtbegin.o
 .text          0x00000000080001d0      0x378 /home/viktor/Downloads/AT32_IDE_V1.0.13_Linux-x86_64/AT32IDE_V1.0.13_Linux-X86_64/platform/tools/gcc-arm-none-eabi-10.3-2021.10/bin/../lib/gcc/arm-none-eabi/10.3.1/thumb/v7e-m+fp/hard/libgcc.a(_arm_addsubdf3.o)
                0x00000000080001d0                __aeabi_drsub
                0x00000000080001d8                __aeabi_dsub
                0x00000000080001d8                __subdf3
                0x00000000080001dc                __adddf3
                0x00000000080001dc                __aeabi_dadd
                0x0000000008000454                __aeabi_ui2d
                0x0000000008000454                __floatunsidf
                0x0000000008000474                __floatsidf
                0x0000000008000474                __aeabi_i2d
                0x0000000008000498                __extendsfdf2
                0x0000000008000498                __aeabi_f2d
                0x00000000080004dc                __aeabi_ul2d
                0x00000000080004dc                __floatundidf
                0x00000000080004ec                __floatdidf
                0x00000000080004ec                __aeabi_l2d
 .text          0x0000000008000548      0x424 /home/viktor/Downloads/AT32_IDE_V1.0.13_Linux-x86_64/AT32IDE_V1.0.13_Linux-X86_64/platform/tools/gcc-arm-none-eabi-10.3-2021.10/bin/../lib/gcc/arm-none-eabi/10.3.1/thumb/v7e-m+fp/hard/libgcc.a(_arm_muldivdf3.o)
                0x0000000008000548                __aeabi_dmul
                0x0000000008000548                __muldf3
                0x000000000800079c                __aeabi_ddiv
                0x000000000800079c                __divdf3
 .text          0x000000000800096c      0x110 /home/viktor/Downloads/AT32_IDE_V1.0.13_Linux-x86_64/AT32IDE_V1.0.13_Linux-X86_64/platform/tools/gcc-arm-none-eabi-10.3-2021.10/bin/../lib/gcc/arm-none-eabi/10.3.1/thumb/v7e-m+fp/hard/libgcc.a(_arm_cmpdf2.o)
                0x000000000800096c                __gtdf2
                0x000000000800096c                __gedf2
                0x0000000008000974                __ltdf2
                0x0000000008000974                __ledf2
                0x000000000800097c                __cmpdf2
                0x000000000800097c                __eqdf2
                0x000000000800097c                __nedf2
                0x00000000080009f8                __aeabi_cdrcmple
                0x0000000008000a08                __aeabi_cdcmple
                0x0000000008000a08                __aeabi_cdcmpeq
                0x0000000008000a18                __aeabi_dcmpeq
                0x0000000008000a2c                __aeabi_dcmplt
                0x0000000008000a40                __aeabi_dcmple
                0x0000000008000a54                __aeabi_dcmpge
                0x0000000008000a68                __aeabi_dcmpgt
 .text          0x0000000008000a7c       0x2c /home/viktor/Downloads/AT32_IDE_V1.0.13_Linux-x86_64/AT32IDE_V1.0.13_Linux-X86_64/platform/tools/gcc-arm-none-eabi-10.3-2021.10/bin/../lib/gcc/arm-none-eabi/10.3.1/thumb/v7e-m+fp/hard/libgcc.a(_arm_unorddf2.o)
                0x0000000008000a7c                __aeabi_dcmpun
                0x0000000008000a7c                __unorddf2
 .text          0x0000000008000aa8       0x40 /home/viktor/Downloads/AT32_IDE_V1.0.13_Linux-x86_64/AT32IDE_V1.0.13_Linux-X86_64/platform/tools/gcc-arm-none-eabi-10.3-2021.10/bin/../lib/gcc/arm-none-eabi/10.3.1/thumb/v7e-m+fp/hard/libgcc.a(_arm_fixunsdfsi.o)
                0x0000000008000aa8                __fixunsdfsi
                0x0000000008000aa8                __aeabi_d2uiz
 .text          0x0000000008000ae8       0xa0 /home/viktor/Downloads/AT32_IDE_V1.0.13_Linux-x86_64/AT32IDE_V1.0.13_Linux-X86_64/platform/tools/gcc-arm-none-eabi-10.3-2021.10/bin/../lib/gcc/arm-none-eabi/10.3.1/thumb/v7e-m+fp/hard/libgcc.a(_arm_truncdfsf2.o)
                0x0000000008000ae8                __aeabi_d2f
                0x0000000008000ae8                __truncdfsf2
 .text          0x0000000008000b88       0x14 /home/viktor/Downloads/AT32_IDE_V1.0.13_Linux-x86_64/AT32IDE_V1.0.13_Linux-X86_64/platform/tools/gcc-arm-none-eabi-10.3-2021.10/bin/../lib/gcc/arm-none-eabi/10.3.1/../../../../arm-none-eabi/lib/thumb/v7e-m+fp/hard/libg_nano.a(lib_a-strcmp.o)
                0x0000000008000b88                strcmp
 .text          0x0000000008000b9c       0x10 /home/viktor/Downloads/AT32_IDE_V1.0.13_Linux-x86_64/AT32IDE_V1.0.13_Linux-X86_64/platform/tools/gcc-arm-none-eabi-10.3-2021.10/bin/../lib/gcc/arm-none-eabi/10.3.1/../../../../arm-none-eabi/lib/thumb/v7e-m+fp/hard/libg_nano.a(lib_a-strlen.o)
                0x0000000008000b9c                strlen
 *fill*         0x0000000008000bac        0x4 
 .text          0x0000000008000bb0       0xa0 /home/viktor/Downloads/AT32_IDE_V1.0.13_Linux-x86_64/AT32IDE_V1.0.13_Linux-X86_64/platform/tools/gcc-arm-none-eabi-10.3-2021.10/bin/../lib/gcc/arm-none-eabi/10.3.1/../../../../arm-none-eabi/lib/thumb/v7e-m+fp/hard/libg_nano.a(lib_a-memchr.o)
                0x0000000008000bb0                memchr
 .text          0x0000000008000c50       0x50 /home/viktor/Downloads/AT32_IDE_V1.0.13_Linux-x86_64/AT32IDE_V1.0.13_Linux-X86_64/platform/tools/gcc-arm-none-eabi-10.3-2021.10/bin/../lib/gcc/arm-none-eabi/10.3.1/thumb/v7e-m+fp/hard/libgcc.a(_arm_fixdfsi.o)
                0x0000000008000c50                __fixdfsi
                0x0000000008000c50                __aeabi_d2iz
 *(.text*)
 .text.wait_stbl
                0x0000000008000ca0       0x2a ./user/at32f403a_407_clock.o
 .text.system_clock_config
                0x0000000008000cca       0x8c ./user/at32f403a_407_clock.o
                0x0000000008000cca                system_clock_config
 .text.NMI_Handler
                0x0000000008000d56        0xe ./user/at32f403a_407_int.o
                0x0000000008000d56                NMI_Handler
 .text.HardFault_Handler
                0x0000000008000d64        0x6 ./user/at32f403a_407_int.o
                0x0000000008000d64                HardFault_Handler
 .text.MemManage_Handler
                0x0000000008000d6a        0x6 ./user/at32f403a_407_int.o
                0x0000000008000d6a                MemManage_Handler
 .text.BusFault_Handler
                0x0000000008000d70        0x6 ./user/at32f403a_407_int.o
                0x0000000008000d70                BusFault_Handler
 .text.UsageFault_Handler
                0x0000000008000d76        0x6 ./user/at32f403a_407_int.o
                0x0000000008000d76                UsageFault_Handler
 .text.SVC_Handler
                0x0000000008000d7c        0xe ./user/at32f403a_407_int.o
                0x0000000008000d7c                SVC_Handler
 .text.DebugMon_Handler
                0x0000000008000d8a        0xe ./user/at32f403a_407_int.o
                0x0000000008000d8a                DebugMon_Handler
 .text.PendSV_Handler
                0x0000000008000d98        0xe ./user/at32f403a_407_int.o
                0x0000000008000d98                PendSV_Handler
 *fill*         0x0000000008000da6        0x2 
 .text.SysTick_Handler
                0x0000000008000da8       0x1c ./user/at32f403a_407_int.o
                0x0000000008000da8                SysTick_Handler
 *fill*         0x0000000008000dc4        0x4 
 .text.midi_note_pwm_calculator
                0x0000000008000dc8      0x11c ./user/main.o
                0x0000000008000dc8                midi_note_pwm_calculator
 .text.envelopes_preprocess
                0x0000000008000ee4      0x1b8 ./user/main.o
                0x0000000008000ee4                envelopes_preprocess
 .text.waves    0x000000000800109c       0x7c ./user/main.o
                0x000000000800109c                waves
 .text.ram_page_read
                0x0000000008001118       0xf0 ./user/main.o
                0x0000000008001118                ram_page_read
 .text.ram_page_write
                0x0000000008001208       0xc8 ./user/main.o
                0x0000000008001208                ram_page_write
 .text.wk_dma_channel_config
                0x00000000080012d0       0x2c ./user/main.o
                0x00000000080012d0                wk_dma_channel_config
 .text.dac_config
                0x00000000080012fc      0x28c ./user/main.o
                0x00000000080012fc                dac_config
 .text.usart_config
                0x0000000008001588       0x84 ./user/main.o
                0x0000000008001588                usart_config
 .text.gpio_config
                0x000000000800160c       0x64 ./user/main.o
                0x000000000800160c                gpio_config
 .text.spi4_init
                0x0000000008001670      0x118 ./user/main.o
                0x0000000008001670                spi4_init
 .text.wk_dma1_channel2_init
                0x0000000008001788       0x78 ./user/main.o
                0x0000000008001788                wk_dma1_channel2_init
 .text.wk_dma1_channel3_init
                0x0000000008001800       0x78 ./user/main.o
                0x0000000008001800                wk_dma1_channel3_init
 .text.wk_uart4_init
                0x0000000008001878       0xd4 ./user/main.o
                0x0000000008001878                wk_uart4_init
 .text.settings_storage
                0x000000000800194c      0x104 ./user/main.o
                0x000000000800194c                settings_storage
 .text.flash_settings_write
                0x0000000008001a50       0x60 ./user/main.o
                0x0000000008001a50                flash_settings_write
 .text.next_sample
                0x0000000008001ab0      0x448 ./user/main.o
                0x0000000008001ab0                next_sample
 .text.ADSR_TIM_writer
                0x0000000008001ef8      0x170 ./user/main.o
                0x0000000008001ef8                ADSR_TIM_writer
 .text.delay_calc
                0x0000000008002068       0x64 ./user/main.o
                0x0000000008002068                delay_calc
 .text.resample_hermite_oneshot
                0x00000000080020cc      0x134 ./user/main.o
                0x00000000080020cc                resample_hermite_oneshot
 .text.lfo_out  0x0000000008002200       0x88 ./user/main.o
                0x0000000008002200                lfo_out
 .text.note_fifo
                0x0000000008002288       0x98 ./user/main.o
                0x0000000008002288                note_fifo
 .text.midi_fifo
                0x0000000008002320       0xec ./user/main.o
                0x0000000008002320                midi_fifo
 .text.program_change
                0x000000000800240c      0x100 ./user/main.o
                0x000000000800240c                program_change
 *fill*         0x000000000800250c        0x4 
 .text.control_change
                0x0000000008002510      0x298 ./user/main.o
                0x0000000008002510                control_change
 .text.midi_incoming
                0x00000000080027a8      0x2ac ./user/main.o
                0x00000000080027a8                midi_incoming
 .text.note_process
                0x0000000008002a54      0x13c ./user/main.o
                0x0000000008002a54                note_process
 .text.main     0x0000000008002b90      0x4ac ./user/main.o
                0x0000000008002b90                main
 .text.USART2_IRQHandler
                0x000000000800303c       0x90 ./user/main.o
                0x000000000800303c                USART2_IRQHandler
 .text.USART3_IRQHandler
                0x00000000080030cc       0x74 ./user/main.o
                0x00000000080030cc                USART3_IRQHandler
 .text.UART4_IRQHandler
                0x0000000008003140       0x6c ./user/main.o
                0x0000000008003140                UART4_IRQHandler
 .text.TMR7_GLOBAL_IRQHandler
                0x00000000080031ac       0x44 ./user/main.o
                0x00000000080031ac                TMR7_GLOBAL_IRQHandler
 .text.DMA1_Channel1_IRQHandler
                0x00000000080031f0       0x24 ./user/main.o
                0x00000000080031f0                DMA1_Channel1_IRQHandler
 .text.DMA1_Channel2_IRQHandler
                0x0000000008003214       0x64 ./user/main.o
                0x0000000008003214                DMA1_Channel2_IRQHandler
 .text.DMA1_Channel3_IRQHandler
                0x0000000008003278       0x44 ./user/main.o
                0x0000000008003278                DMA1_Channel3_IRQHandler
 .text.process_uart_command
                0x00000000080032bc      0x244 ./user/sampler_loader.o
                0x00000000080032bc                process_uart_command
 .text.uart_receive_char
                0x0000000008003500       0x58 ./user/sampler_loader.o
                0x0000000008003500                uart_receive_char
 .text.play_sample
                0x0000000008003558       0x16 ./user/sampler_loader.o
                0x0000000008003558                play_sample
 *fill*         0x000000000800356e        0x2 
 .text.crm_reset
                0x0000000008003570       0x6c ./firmware/at32f403a_407_crm.o
                0x0000000008003570                crm_reset
 .text.crm_flag_get
                0x00000000080035dc       0x50 ./firmware/at32f403a_407_crm.o
                0x00000000080035dc                crm_flag_get
 .text.crm_hext_stable_wait
                0x000000000800362c       0x4a ./firmware/at32f403a_407_crm.o
                0x000000000800362c                crm_hext_stable_wait
 .text.crm_periph_clock_enable
                0x0000000008003676       0x7c ./firmware/at32f403a_407_crm.o
                0x0000000008003676                crm_periph_clock_enable
 *fill*         0x00000000080036f2        0x2 
 .text.crm_clock_source_enable
                0x00000000080036f4       0xa8 ./firmware/at32f403a_407_crm.o
                0x00000000080036f4                crm_clock_source_enable
 .text.crm_ahb_div_set
                0x000000000800379c       0x2c ./firmware/at32f403a_407_crm.o
                0x000000000800379c                crm_ahb_div_set
 .text.crm_apb1_div_set
                0x00000000080037c8       0x2c ./firmware/at32f403a_407_crm.o
                0x00000000080037c8                crm_apb1_div_set
 .text.crm_apb2_div_set
                0x00000000080037f4       0x2c ./firmware/at32f403a_407_crm.o
                0x00000000080037f4                crm_apb2_div_set
 .text.crm_pll_config
                0x0000000008003820       0x9c ./firmware/at32f403a_407_crm.o
                0x0000000008003820                crm_pll_config
 .text.crm_sysclk_switch
                0x00000000080038bc       0x54 ./firmware/at32f403a_407_crm.o
                0x00000000080038bc                crm_sysclk_switch
 .text.crm_sysclk_switch_status_get
                0x0000000008003910       0x1c ./firmware/at32f403a_407_crm.o
                0x0000000008003910                crm_sysclk_switch_status_get
 .text.crm_clocks_freq_get
                0x000000000800392c      0x1d4 ./firmware/at32f403a_407_crm.o
                0x000000000800392c                crm_clocks_freq_get
 .text.dac_enable
                0x0000000008003b00       0x54 ./firmware/at32f403a_407_dac.o
                0x0000000008003b00                dac_enable
 .text.dac_output_buffer_enable
                0x0000000008003b54       0x64 ./firmware/at32f403a_407_dac.o
                0x0000000008003b54                dac_output_buffer_enable
 .text.dac_trigger_enable
                0x0000000008003bb8       0x54 ./firmware/at32f403a_407_dac.o
                0x0000000008003bb8                dac_trigger_enable
 .text.dac_trigger_select
                0x0000000008003c0c       0x54 ./firmware/at32f403a_407_dac.o
                0x0000000008003c0c                dac_trigger_select
 .text.dac_wave_generate
                0x0000000008003c60       0x54 ./firmware/at32f403a_407_dac.o
                0x0000000008003c60                dac_wave_generate
 .text.dac_dma_enable
                0x0000000008003cb4       0x54 ./firmware/at32f403a_407_dac.o
                0x0000000008003cb4                dac_dma_enable
 .text.dma_reset
                0x0000000008003d08       0xac ./firmware/at32f403a_407_dma.o
                0x0000000008003d08                dma_reset
 .text.dma_interrupt_enable
                0x0000000008003db4       0x3c ./firmware/at32f403a_407_dma.o
                0x0000000008003db4                dma_interrupt_enable
 .text.dma_channel_enable
                0x0000000008003df0       0x2a ./firmware/at32f403a_407_dma.o
                0x0000000008003df0                dma_channel_enable
 .text.dma_flexible_config
                0x0000000008003e1a       0xe0 ./firmware/at32f403a_407_dma.o
                0x0000000008003e1a                dma_flexible_config
 *fill*         0x0000000008003efa        0x2 
 .text.dma_interrupt_flag_get
                0x0000000008003efc       0x50 ./firmware/at32f403a_407_dma.o
                0x0000000008003efc                dma_interrupt_flag_get
 .text.dma_flag_clear
                0x0000000008003f4c       0x38 ./firmware/at32f403a_407_dma.o
                0x0000000008003f4c                dma_flag_clear
 .text.dma_default_para_init
                0x0000000008003f84       0x50 ./firmware/at32f403a_407_dma.o
                0x0000000008003f84                dma_default_para_init
 .text.dma_init
                0x0000000008003fd4       0xc4 ./firmware/at32f403a_407_dma.o
                0x0000000008003fd4                dma_init
 .text.flash_operation_status_get
                0x0000000008004098       0x5c ./firmware/at32f403a_407_flash.o
                0x0000000008004098                flash_operation_status_get
 .text.flash_bank1_operation_status_get
                0x00000000080040f4       0x5c ./firmware/at32f403a_407_flash.o
                0x00000000080040f4                flash_bank1_operation_status_get
 .text.flash_bank2_operation_status_get
                0x0000000008004150       0x5c ./firmware/at32f403a_407_flash.o
                0x0000000008004150                flash_bank2_operation_status_get
 .text.flash_spim_operation_status_get
                0x00000000080041ac       0x64 ./firmware/at32f403a_407_flash.o
                0x00000000080041ac                flash_spim_operation_status_get
 .text.flash_operation_wait_for
                0x0000000008004210       0x44 ./firmware/at32f403a_407_flash.o
                0x0000000008004210                flash_operation_wait_for
 .text.flash_bank1_operation_wait_for
                0x0000000008004254       0x44 ./firmware/at32f403a_407_flash.o
                0x0000000008004254                flash_bank1_operation_wait_for
 .text.flash_bank2_operation_wait_for
                0x0000000008004298       0x44 ./firmware/at32f403a_407_flash.o
                0x0000000008004298                flash_bank2_operation_wait_for
 .text.flash_spim_operation_wait_for
                0x00000000080042dc       0x44 ./firmware/at32f403a_407_flash.o
                0x00000000080042dc                flash_spim_operation_wait_for
 .text.flash_unlock
                0x0000000008004320       0x34 ./firmware/at32f403a_407_flash.o
                0x0000000008004320                flash_unlock
 .text.flash_sector_erase
                0x0000000008004354       0xec ./firmware/at32f403a_407_flash.o
                0x0000000008004354                flash_sector_erase
 .text.flash_byte_program
                0x0000000008004440       0x90 ./firmware/at32f403a_407_flash.o
                0x0000000008004440                flash_byte_program
 .text.flash_spim_dummy_read
                0x00000000080044d0       0x24 ./firmware/at32f403a_407_flash.o
                0x00000000080044d0                flash_spim_dummy_read
 .text.gpio_init
                0x00000000080044f4      0x138 ./firmware/at32f403a_407_gpio.o
                0x00000000080044f4                gpio_init
 .text.gpio_default_para_init
                0x000000000800462c       0x34 ./firmware/at32f403a_407_gpio.o
                0x000000000800462c                gpio_default_para_init
 .text.gpio_pin_remap_config
                0x0000000008004660       0x98 ./firmware/at32f403a_407_gpio.o
                0x0000000008004660                gpio_pin_remap_config
 .text.__NVIC_SetPriorityGrouping
                0x00000000080046f8       0x48 ./firmware/at32f403a_407_misc.o
 .text.__NVIC_GetPriorityGrouping
                0x0000000008004740       0x1c ./firmware/at32f403a_407_misc.o
 .text.__NVIC_EnableIRQ
                0x000000000800475c       0x3c ./firmware/at32f403a_407_misc.o
 .text.__NVIC_SetPriority
                0x0000000008004798       0x54 ./firmware/at32f403a_407_misc.o
 .text.NVIC_EncodePriority
                0x00000000080047ec       0x66 ./firmware/at32f403a_407_misc.o
 .text.nvic_irq_enable
                0x0000000008004852       0x42 ./firmware/at32f403a_407_misc.o
                0x0000000008004852                nvic_irq_enable
 .text.nvic_priority_group_config
                0x0000000008004894       0x1a ./firmware/at32f403a_407_misc.o
                0x0000000008004894                nvic_priority_group_config
 *fill*         0x00000000080048ae        0x2 
 .text.systick_clock_source_config
                0x00000000080048b0       0x3c ./firmware/at32f403a_407_misc.o
                0x00000000080048b0                systick_clock_source_config
 .text.spi_default_para_init
                0x00000000080048ec       0x44 ./firmware/at32f403a_407_spi.o
                0x00000000080048ec                spi_default_para_init
 .text.spi_init
                0x0000000008004930      0x1a2 ./firmware/at32f403a_407_spi.o
                0x0000000008004930                spi_init
 .text.spi_enable
                0x0000000008004ad2       0x2a ./firmware/at32f403a_407_spi.o
                0x0000000008004ad2                spi_enable
 .text.spi_i2s_dma_transmitter_enable
                0x0000000008004afc       0x2a ./firmware/at32f403a_407_spi.o
                0x0000000008004afc                spi_i2s_dma_transmitter_enable
 .text.spi_i2s_dma_receiver_enable
                0x0000000008004b26       0x2a ./firmware/at32f403a_407_spi.o
                0x0000000008004b26                spi_i2s_dma_receiver_enable
 .text.spi_i2s_flag_get
                0x0000000008004b50       0x32 ./firmware/at32f403a_407_spi.o
                0x0000000008004b50                spi_i2s_flag_get
 .text.tmr_counter_enable
                0x0000000008004b82       0x2a ./firmware/at32f403a_407_tmr.o
                0x0000000008004b82                tmr_counter_enable
 .text.tmr_base_init
                0x0000000008004bac       0x2e ./firmware/at32f403a_407_tmr.o
                0x0000000008004bac                tmr_base_init
 .text.tmr_cnt_dir_set
                0x0000000008004bda       0x2a ./firmware/at32f403a_407_tmr.o
                0x0000000008004bda                tmr_cnt_dir_set
 .text.tmr_counter_value_get
                0x0000000008004c04       0x18 ./firmware/at32f403a_407_tmr.o
                0x0000000008004c04                tmr_counter_value_get
 .text.tmr_primary_mode_select
                0x0000000008004c1c       0x2a ./firmware/at32f403a_407_tmr.o
                0x0000000008004c1c                tmr_primary_mode_select
 .text.tmr_interrupt_flag_get
                0x0000000008004c46       0x3e ./firmware/at32f403a_407_tmr.o
                0x0000000008004c46                tmr_interrupt_flag_get
 .text.tmr_flag_clear
                0x0000000008004c84       0x1e ./firmware/at32f403a_407_tmr.o
                0x0000000008004c84                tmr_flag_clear
 *fill*         0x0000000008004ca2        0x2 
 .text.usart_init
                0x0000000008004ca4       0xe0 ./firmware/at32f403a_407_usart.o
                0x0000000008004ca4                usart_init
 .text.usart_parity_selection_config
                0x0000000008004d84       0x6a ./firmware/at32f403a_407_usart.o
                0x0000000008004d84                usart_parity_selection_config
 .text.usart_enable
                0x0000000008004dee       0x2a ./firmware/at32f403a_407_usart.o
                0x0000000008004dee                usart_enable
 .text.usart_transmitter_enable
                0x0000000008004e18       0x2a ./firmware/at32f403a_407_usart.o
                0x0000000008004e18                usart_transmitter_enable
 .text.usart_receiver_enable
                0x0000000008004e42       0x2a ./firmware/at32f403a_407_usart.o
                0x0000000008004e42                usart_receiver_enable
 .text.usart_interrupt_enable
                0x0000000008004e6c       0x68 ./firmware/at32f403a_407_usart.o
                0x0000000008004e6c                usart_interrupt_enable
 .text.usart_data_transmit
                0x0000000008004ed4       0x22 ./firmware/at32f403a_407_usart.o
                0x0000000008004ed4                usart_data_transmit
 .text.usart_data_receive
                0x0000000008004ef6       0x1a ./firmware/at32f403a_407_usart.o
                0x0000000008004ef6                usart_data_receive
 .text.usart_hardware_flow_control_set
                0x0000000008004f10       0x86 ./firmware/at32f403a_407_usart.o
                0x0000000008004f10                usart_hardware_flow_control_set
 .text.usart_flag_get
                0x0000000008004f96       0x28 ./firmware/at32f403a_407_usart.o
                0x0000000008004f96                usart_flag_get
 *fill*         0x0000000008004fbe        0x2 
 .text.usart_interrupt_flag_get
                0x0000000008004fc0      0x1ac ./firmware/at32f403a_407_usart.o
                0x0000000008004fc0                usart_interrupt_flag_get
 .text.Reset_Handler
                0x000000000800516c       0x48 ./cmsis/startup_at32f403a_407.o
                0x000000000800516c                Reset_Handler
 .text.Default_Handler
                0x00000000080051b4        0x2 ./cmsis/startup_at32f403a_407.o
                0x00000000080051b4                SDIO1_IRQHandler
                0x00000000080051b4                XMC_IRQHandler
                0x00000000080051b4                EXINT2_IRQHandler
                0x00000000080051b4                USBFS_L_CAN1_RX0_IRQHandler
                0x00000000080051b4                UART8_IRQHandler
                0x00000000080051b4                SPI4_IRQHandler
                0x00000000080051b4                I2C2_EVT_IRQHandler
                0x00000000080051b4                TMR1_OVF_TMR10_IRQHandler
                0x00000000080051b4                TMR8_TRG_HALL_TMR14_IRQHandler
                0x00000000080051b4                USBFS_H_CAN1_TX_IRQHandler
                0x00000000080051b4                I2C1_ERR_IRQHandler
                0x00000000080051b4                EXINT9_5_IRQHandler
                0x00000000080051b4                EMAC_IRQHandler
                0x00000000080051b4                CAN2_RX1_IRQHandler
                0x00000000080051b4                TMR5_GLOBAL_IRQHandler
                0x00000000080051b4                SDIO2_IRQHandler
                0x00000000080051b4                ADC1_2_IRQHandler
                0x00000000080051b4                SPI1_IRQHandler
                0x00000000080051b4                TAMPER_IRQHandler
                0x00000000080051b4                CAN2_RX0_IRQHandler
                0x00000000080051b4                DMA2_Channel2_IRQHandler
                0x00000000080051b4                DMA1_Channel4_IRQHandler
                0x00000000080051b4                TMR8_CH_IRQHandler
                0x00000000080051b4                USART6_IRQHandler
                0x00000000080051b4                EXINT0_IRQHandler
                0x00000000080051b4                RTC_IRQHandler
                0x00000000080051b4                DMA1_Channel7_IRQHandler
                0x00000000080051b4                CAN1_RX1_IRQHandler
                0x00000000080051b4                UART5_IRQHandler
                0x00000000080051b4                ADC3_IRQHandler
                0x00000000080051b4                ACC_IRQHandler
                0x00000000080051b4                EMAC_WKUP_IRQHandler
                0x00000000080051b4                DMA2_Channel1_IRQHandler
                0x00000000080051b4                EXINT3_IRQHandler
                0x00000000080051b4                DMA1_Channel6_IRQHandler
                0x00000000080051b4                Default_Handler
                0x00000000080051b4                USBFS_MAPH_IRQHandler
                0x00000000080051b4                TMR3_GLOBAL_IRQHandler
                0x00000000080051b4                CAN1_SE_IRQHandler
                0x00000000080051b4                CAN2_TX_IRQHandler
                0x00000000080051b4                I2C3_ERR_IRQHandler
                0x00000000080051b4                SPI3_I2S3EXT_IRQHandler
                0x00000000080051b4                TMR1_BRK_TMR9_IRQHandler
                0x00000000080051b4                USBFS_MAPL_IRQHandler
                0x00000000080051b4                TMR8_BRK_TMR12_IRQHandler
                0x00000000080051b4                TMR1_TRG_HALL_TMR11_IRQHandler
                0x00000000080051b4                DMA1_Channel5_IRQHandler
                0x00000000080051b4                TMR4_GLOBAL_IRQHandler
                0x00000000080051b4                EXINT4_IRQHandler
                0x00000000080051b4                CAN2_SE_IRQHandler
                0x00000000080051b4                DMA2_Channel6_7_IRQHandler
                0x00000000080051b4                PVM_IRQHandler
                0x00000000080051b4                I2C3_EVT_IRQHandler
                0x00000000080051b4                I2C1_EVT_IRQHandler
                0x00000000080051b4                TMR8_OVF_TMR13_IRQHandler
                0x00000000080051b4                TMR6_GLOBAL_IRQHandler
                0x00000000080051b4                EXINT1_IRQHandler
                0x00000000080051b4                RTCAlarm_IRQHandler
                0x00000000080051b4                DMA2_Channel4_5_IRQHandler
                0x00000000080051b4                UART7_IRQHandler
                0x00000000080051b4                TMR2_GLOBAL_IRQHandler
                0x00000000080051b4                FLASH_IRQHandler
                0x00000000080051b4                SPI2_I2S2EXT_IRQHandler
                0x00000000080051b4                I2C2_ERR_IRQHandler
                0x00000000080051b4                USBFSWakeUp_IRQHandler
                0x00000000080051b4                USART1_IRQHandler
                0x00000000080051b4                TMR1_CH_IRQHandler
                0x00000000080051b4                CRM_IRQHandler
                0x00000000080051b4                EXINT15_10_IRQHandler
                0x00000000080051b4                WWDT_IRQHandler
                0x00000000080051b4                DMA2_Channel3_IRQHandler
 *fill*         0x00000000080051b6        0x2 
 .text.SystemInit
                0x00000000080051b8       0x88 ./cmsis/system_at32f403a_407.o
                0x00000000080051b8                SystemInit
 .text.system_core_clock_update
                0x0000000008005240      0x150 ./cmsis/system_at32f403a_407.o
                0x0000000008005240                system_core_clock_update
 .text._write   0x0000000008005390       0x60 ./bsp/at32f403a_407_board.o
                0x0000000008005390                _write
 .text.at32_board_init
                0x00000000080053f0       0x16 ./bsp/at32f403a_407_board.o
                0x00000000080053f0                at32_board_init
 *fill*         0x0000000008005406        0x2 
 .text.at32_button_init
                0x0000000008005408       0x44 ./bsp/at32f403a_407_board.o
                0x0000000008005408                at32_button_init
 .text.at32_led_init
                0x000000000800544c       0x68 ./bsp/at32f403a_407_board.o
                0x000000000800544c                at32_led_init
 .text.at32_led_toggle
                0x00000000080054b4       0x54 ./bsp/at32f403a_407_board.o
                0x00000000080054b4                at32_led_toggle
 .text.delay_init
                0x0000000008005508       0x40 ./bsp/at32f403a_407_board.o
                0x0000000008005508                delay_init
 .text.delay_ms
                0x0000000008005548       0x98 ./bsp/at32f403a_407_board.o
                0x0000000008005548                delay_ms
 .text.round    0x00000000080055e0       0xa0 /home/viktor/Downloads/AT32_IDE_V1.0.13_Linux-x86_64/AT32IDE_V1.0.13_Linux-X86_64/platform/tools/gcc-arm-none-eabi-10.3-2021.10/bin/../lib/gcc/arm-none-eabi/10.3.1/../../../../arm-none-eabi/lib/thumb/v7e-m+fp/hard/libm.a(lib_a-s_round.o)
                0x00000000080055e0                round
 .text.pow      0x0000000008005680       0xf0 /home/viktor/Downloads/AT32_IDE_V1.0.13_Linux-x86_64/AT32IDE_V1.0.13_Linux-X86_64/platform/tools/gcc-arm-none-eabi-10.3-2021.10/bin/../lib/gcc/arm-none-eabi/10.3.1/../../../../arm-none-eabi/lib/thumb/v7e-m+fp/hard/libm.a(lib_a-w_pow.o)
                0x0000000008005680                pow
 .text.__ieee754_pow
                0x0000000008005770      0xb74 /home/viktor/Downloads/AT32_IDE_V1.0.13_Linux-x86_64/AT32IDE_V1.0.13_Linux-X86_64/platform/tools/gcc-arm-none-eabi-10.3-2021.10/bin/../lib/gcc/arm-none-eabi/10.3.1/../../../../arm-none-eabi/lib/thumb/v7e-m+fp/hard/libm.a(lib_a-e_pow.o)
                0x0000000008005770                __ieee754_pow
 .text.__ieee754_sqrt
                0x00000000080062e4      0x198 /home/viktor/Downloads/AT32_IDE_V1.0.13_Linux-x86_64/AT32IDE_V1.0.13_Linux-X86_64/platform/tools/gcc-arm-none-eabi-10.3-2021.10/bin/../lib/gcc/arm-none-eabi/10.3.1/../../../../arm-none-eabi/lib/thumb/v7e-m+fp/hard/libm.a(lib_a-e_sqrt.o)
                0x00000000080062e4                __ieee754_sqrt
 .text.with_errno
                0x000000000800647c       0x18 /home/viktor/Downloads/AT32_IDE_V1.0.13_Linux-x86_64/AT32IDE_V1.0.13_Linux-X86_64/platform/tools/gcc-arm-none-eabi-10.3-2021.10/bin/../lib/gcc/arm-none-eabi/10.3.1/../../../../arm-none-eabi/lib/thumb/v7e-m+fp/hard/libm.a(lib_a-math_err.o)
 .text.xflow    0x0000000008006494       0x2c /home/viktor/Downloads/AT32_IDE_V1.0.13_Linux-x86_64/AT32IDE_V1.0.13_Linux-X86_64/platform/tools/gcc-arm-none-eabi-10.3-2021.10/bin/../lib/gcc/arm-none-eabi/10.3.1/../../../../arm-none-eabi/lib/thumb/v7e-m+fp/hard/libm.a(lib_a-math_err.o)
 .text.__math_uflow
                0x00000000080064c0       0x14 /home/viktor/Downloads/AT32_IDE_V1.0.13_Linux-x86_64/AT32IDE_V1.0.13_Linux-X86_64/platform/tools/gcc-arm-none-eabi-10.3-2021.10/bin/../lib/gcc/arm-none-eabi/10.3.1/../../../../arm-none-eabi/lib/thumb/v7e-m+fp/hard/libm.a(lib_a-math_err.o)
                0x00000000080064c0                __math_uflow
 .text.__math_oflow
                0x00000000080064d4       0x14 /home/viktor/Downloads/AT32_IDE_V1.0.13_Linux-x86_64/AT32IDE_V1.0.13_Linux-X86_64/platform/tools/gcc-arm-none-eabi-10.3-2021.10/bin/../lib/gcc/arm-none-eabi/10.3.1/../../../../arm-none-eabi/lib/thumb/v7e-m+fp/hard/libm.a(lib_a-math_err.o)
                0x00000000080064d4                __math_oflow
 .text.fabs     0x00000000080064e8       0x14 /home/viktor/Downloads/AT32_IDE_V1.0.13_Linux-x86_64/AT32IDE_V1.0.13_Linux-X86_64/platform/tools/gcc-arm-none-eabi-10.3-2021.10/bin/../lib/gcc/arm-none-eabi/10.3.1/../../../../arm-none-eabi/lib/thumb/v7e-m+fp/hard/libm.a(lib_a-s_fabs.o)
                0x00000000080064e8                fabs
 .text.finite   0x00000000080064fc       0x18 /home/viktor/Downloads/AT32_IDE_V1.0.13_Linux-x86_64/AT32IDE_V1.0.13_Linux-X86_64/platform/tools/gcc-arm-none-eabi-10.3-2021.10/bin/../lib/gcc/arm-none-eabi/10.3.1/../../../../arm-none-eabi/lib/thumb/v7e-m+fp/hard/libm.a(lib_a-s_finite.o)
                0x00000000080064fc                finite
 *fill*         0x0000000008006514        0x4 
 .text.scalbn   0x0000000008006518      0x124 /home/viktor/Downloads/AT32_IDE_V1.0.13_Linux-x86_64/AT32IDE_V1.0.13_Linux-X86_64/platform/tools/gcc-arm-none-eabi-10.3-2021.10/bin/../lib/gcc/arm-none-eabi/10.3.1/../../../../arm-none-eabi/lib/thumb/v7e-m+fp/hard/libm.a(lib_a-s_scalbn.o)
                0x0000000008006518                scalbn
 .text.__errno  0x000000000800663c        0xc /home/viktor/Downloads/AT32_IDE_V1.0.13_Linux-x86_64/AT32IDE_V1.0.13_Linux-X86_64/platform/tools/gcc-arm-none-eabi-10.3-2021.10/bin/../lib/gcc/arm-none-eabi/10.3.1/../../../../arm-none-eabi/lib/thumb/v7e-m+fp/hard/libg_nano.a(lib_a-errno.o)
                0x000000000800663c                __errno
 .text.__libc_init_array
                0x0000000008006648       0x48 /home/viktor/Downloads/AT32_IDE_V1.0.13_Linux-x86_64/AT32IDE_V1.0.13_Linux-X86_64/platform/tools/gcc-arm-none-eabi-10.3-2021.10/bin/../lib/gcc/arm-none-eabi/10.3.1/../../../../arm-none-eabi/lib/thumb/v7e-m+fp/hard/libg_nano.a(lib_a-init.o)
                0x0000000008006648                __libc_init_array
 .text.memcpy   0x0000000008006690       0x1c /home/viktor/Downloads/AT32_IDE_V1.0.13_Linux-x86_64/AT32IDE_V1.0.13_Linux-X86_64/platform/tools/gcc-arm-none-eabi-10.3-2021.10/bin/../lib/gcc/arm-none-eabi/10.3.1/../../../../arm-none-eabi/lib/thumb/v7e-m+fp/hard/libg_nano.a(lib_a-memcpy-stub.o)
                0x0000000008006690                memcpy
 .text.memset   0x00000000080066ac       0x10 /home/viktor/Downloads/AT32_IDE_V1.0.13_Linux-x86_64/AT32IDE_V1.0.13_Linux-X86_64/platform/tools/gcc-arm-none-eabi-10.3-2021.10/bin/../lib/gcc/arm-none-eabi/10.3.1/../../../../arm-none-eabi/lib/thumb/v7e-m+fp/hard/libg_nano.a(lib_a-memset.o)
                0x00000000080066ac                memset
 .text.__cvt    0x00000000080066bc       0xc4 /home/viktor/Downloads/AT32_IDE_V1.0.13_Linux-x86_64/AT32IDE_V1.0.13_Linux-X86_64/platform/tools/gcc-arm-none-eabi-10.3-2021.10/bin/../lib/gcc/arm-none-eabi/10.3.1/../../../../arm-none-eabi/lib/thumb/v7e-m+fp/hard/libg_nano.a(lib_a-nano-vfprintf_float.o)
                0x00000000080066bc                __cvt
 .text.__exponent
                0x0000000008006780       0x7c /home/viktor/Downloads/AT32_IDE_V1.0.13_Linux-x86_64/AT32IDE_V1.0.13_Linux-X86_64/platform/tools/gcc-arm-none-eabi-10.3-2021.10/bin/../lib/gcc/arm-none-eabi/10.3.1/../../../../arm-none-eabi/lib/thumb/v7e-m+fp/hard/libg_nano.a(lib_a-nano-vfprintf_float.o)
                0x0000000008006780                __exponent
 .text._printf_float
                0x00000000080067fc      0x46c /home/viktor/Downloads/AT32_IDE_V1.0.13_Linux-x86_64/AT32IDE_V1.0.13_Linux-X86_64/platform/tools/gcc-arm-none-eabi-10.3-2021.10/bin/../lib/gcc/arm-none-eabi/10.3.1/../../../../arm-none-eabi/lib/thumb/v7e-m+fp/hard/libg_nano.a(lib_a-nano-vfprintf_float.o)
                0x00000000080067fc                _printf_float
 .text._printf_common
                0x0000000008006c68       0xda /home/viktor/Downloads/AT32_IDE_V1.0.13_Linux-x86_64/AT32IDE_V1.0.13_Linux-X86_64/platform/tools/gcc-arm-none-eabi-10.3-2021.10/bin/../lib/gcc/arm-none-eabi/10.3.1/../../../../arm-none-eabi/lib/thumb/v7e-m+fp/hard/libg_nano.a(lib_a-nano-vfprintf_i.o)
                0x0000000008006c68                _printf_common
 *fill*         0x0000000008006d42        0x2 
 .text._printf_i
                0x0000000008006d44      0x24c /home/viktor/Downloads/AT32_IDE_V1.0.13_Linux-x86_64/AT32IDE_V1.0.13_Linux-X86_64/platform/tools/gcc-arm-none-eabi-10.3-2021.10/bin/../lib/gcc/arm-none-eabi/10.3.1/../../../../arm-none-eabi/lib/thumb/v7e-m+fp/hard/libg_nano.a(lib_a-nano-vfprintf_i.o)
                0x0000000008006d44                _printf_i
 .text.printf   0x0000000008006f90       0x30 /home/viktor/Downloads/AT32_IDE_V1.0.13_Linux-x86_64/AT32IDE_V1.0.13_Linux-X86_64/platform/tools/gcc-arm-none-eabi-10.3-2021.10/bin/../lib/gcc/arm-none-eabi/10.3.1/../../../../arm-none-eabi/lib/thumb/v7e-m+fp/hard/libg_nano.a(lib_a-printf.o)
                0x0000000008006f90                printf
                0x0000000008006f90                iprintf
 .text._puts_r  0x0000000008006fc0       0xdc /home/viktor/Downloads/AT32_IDE_V1.0.13_Linux-x86_64/AT32IDE_V1.0.13_Linux-X86_64/platform/tools/gcc-arm-none-eabi-10.3-2021.10/bin/../lib/gcc/arm-none-eabi/10.3.1/../../../../arm-none-eabi/lib/thumb/v7e-m+fp/hard/libg_nano.a(lib_a-puts.o)
                0x0000000008006fc0                _puts_r
 .text.puts     0x000000000800709c       0x10 /home/viktor/Downloads/AT32_IDE_V1.0.13_Linux-x86_64/AT32IDE_V1.0.13_Linux-X86_64/platform/tools/gcc-arm-none-eabi-10.3-2021.10/bin/../lib/gcc/arm-none-eabi/10.3.1/../../../../arm-none-eabi/lib/thumb/v7e-m+fp/hard/libg_nano.a(lib_a-puts.o)
                0x000000000800709c                puts
 .text.sscanf   0x00000000080070ac       0x58 /home/viktor/Downloads/AT32_IDE_V1.0.13_Linux-x86_64/AT32IDE_V1.0.13_Linux-X86_64/platform/tools/gcc-arm-none-eabi-10.3-2021.10/bin/../lib/gcc/arm-none-eabi/10.3.1/../../../../arm-none-eabi/lib/thumb/v7e-m+fp/hard/libg_nano.a(lib_a-sscanf.o)
                0x00000000080070ac                sscanf
                0x00000000080070ac                siscanf
 .text.__sread  0x0000000008007104       0x22 /home/viktor/Downloads/AT32_IDE_V1.0.13_Linux-x86_64/AT32IDE_V1.0.13_Linux-X86_64/platform/tools/gcc-arm-none-eabi-10.3-2021.10/bin/../lib/gcc/arm-none-eabi/10.3.1/../../../../arm-none-eabi/lib/thumb/v7e-m+fp/hard/libg_nano.a(lib_a-stdio.o)
                0x0000000008007104                __sread
 .text.__seofread
                0x0000000008007126        0x4 /home/viktor/Downloads/AT32_IDE_V1.0.13_Linux-x86_64/AT32IDE_V1.0.13_Linux-X86_64/platform/tools/gcc-arm-none-eabi-10.3-2021.10/bin/../lib/gcc/arm-none-eabi/10.3.1/../../../../arm-none-eabi/lib/thumb/v7e-m+fp/hard/libg_nano.a(lib_a-stdio.o)
                0x0000000008007126                __seofread
 .text.__swrite
                0x000000000800712a       0x38 /home/viktor/Downloads/AT32_IDE_V1.0.13_Linux-x86_64/AT32IDE_V1.0.13_Linux-X86_64/platform/tools/gcc-arm-none-eabi-10.3-2021.10/bin/../lib/gcc/arm-none-eabi/10.3.1/../../../../arm-none-eabi/lib/thumb/v7e-m+fp/hard/libg_nano.a(lib_a-stdio.o)
                0x000000000800712a                __swrite
 .text.__sseek  0x0000000008007162       0x24 /home/viktor/Downloads/AT32_IDE_V1.0.13_Linux-x86_64/AT32IDE_V1.0.13_Linux-X86_64/platform/tools/gcc-arm-none-eabi-10.3-2021.10/bin/../lib/gcc/arm-none-eabi/10.3.1/../../../../arm-none-eabi/lib/thumb/v7e-m+fp/hard/libg_nano.a(lib_a-stdio.o)
                0x0000000008007162                __sseek
 .text.__sclose
                0x0000000008007186        0x8 /home/viktor/Downloads/AT32_IDE_V1.0.13_Linux-x86_64/AT32IDE_V1.0.13_Linux-X86_64/platform/tools/gcc-arm-none-eabi-10.3-2021.10/bin/../lib/gcc/arm-none-eabi/10.3.1/../../../../arm-none-eabi/lib/thumb/v7e-m+fp/hard/libg_nano.a(lib_a-stdio.o)
                0x0000000008007186                __sclose
 .text.strncmp  0x000000000800718e       0x28 /home/viktor/Downloads/AT32_IDE_V1.0.13_Linux-x86_64/AT32IDE_V1.0.13_Linux-X86_64/platform/tools/gcc-arm-none-eabi-10.3-2021.10/bin/../lib/gcc/arm-none-eabi/10.3.1/../../../../arm-none-eabi/lib/thumb/v7e-m+fp/hard/libg_nano.a(lib_a-strncmp.o)
                0x000000000800718e                strncmp
 .text.strncpy  0x00000000080071b6       0x26 /home/viktor/Downloads/AT32_IDE_V1.0.13_Linux-x86_64/AT32IDE_V1.0.13_Linux-X86_64/platform/tools/gcc-arm-none-eabi-10.3-2021.10/bin/../lib/gcc/arm-none-eabi/10.3.1/../../../../arm-none-eabi/lib/thumb/v7e-m+fp/hard/libg_nano.a(lib_a-strncpy.o)
                0x00000000080071b6                strncpy
 .text.__swbuf_r
                0x00000000080071dc       0xa4 /home/viktor/Downloads/AT32_IDE_V1.0.13_Linux-x86_64/AT32IDE_V1.0.13_Linux-X86_64/platform/tools/gcc-arm-none-eabi-10.3-2021.10/bin/../lib/gcc/arm-none-eabi/10.3.1/../../../../arm-none-eabi/lib/thumb/v7e-m+fp/hard/libg_nano.a(lib_a-wbuf.o)
                0x00000000080071dc                __swbuf_r
 .text._write_r
                0x0000000008007280       0x24 /home/viktor/Downloads/AT32_IDE_V1.0.13_Linux-x86_64/AT32IDE_V1.0.13_Linux-X86_64/platform/tools/gcc-arm-none-eabi-10.3-2021.10/bin/../lib/gcc/arm-none-eabi/10.3.1/../../../../arm-none-eabi/lib/thumb/v7e-m+fp/hard/libg_nano.a(lib_a-writer.o)
                0x0000000008007280                _write_r
 .text.__swsetup_r
                0x00000000080072a4       0xdc /home/viktor/Downloads/AT32_IDE_V1.0.13_Linux-x86_64/AT32IDE_V1.0.13_Linux-X86_64/platform/tools/gcc-arm-none-eabi-10.3-2021.10/bin/../lib/gcc/arm-none-eabi/10.3.1/../../../../arm-none-eabi/lib/thumb/v7e-m+fp/hard/libg_nano.a(lib_a-wsetup.o)
                0x00000000080072a4                __swsetup_r
 .text._close_r
                0x0000000008007380       0x20 /home/viktor/Downloads/AT32_IDE_V1.0.13_Linux-x86_64/AT32IDE_V1.0.13_Linux-X86_64/platform/tools/gcc-arm-none-eabi-10.3-2021.10/bin/../lib/gcc/arm-none-eabi/10.3.1/../../../../arm-none-eabi/lib/thumb/v7e-m+fp/hard/libg_nano.a(lib_a-closer.o)
                0x0000000008007380                _close_r
 .text.quorem   0x00000000080073a0      0x116 /home/viktor/Downloads/AT32_IDE_V1.0.13_Linux-x86_64/AT32IDE_V1.0.13_Linux-X86_64/platform/tools/gcc-arm-none-eabi-10.3-2021.10/bin/../lib/gcc/arm-none-eabi/10.3.1/../../../../arm-none-eabi/lib/thumb/v7e-m+fp/hard/libg_nano.a(lib_a-dtoa.o)
 *fill*         0x00000000080074b6        0x2 
 .text._dtoa_r  0x00000000080074b8      0xbdc /home/viktor/Downloads/AT32_IDE_V1.0.13_Linux-x86_64/AT32IDE_V1.0.13_Linux-X86_64/platform/tools/gcc-arm-none-eabi-10.3-2021.10/bin/../lib/gcc/arm-none-eabi/10.3.1/../../../../arm-none-eabi/lib/thumb/v7e-m+fp/hard/libg_nano.a(lib_a-dtoa.o)
                0x00000000080074b8                _dtoa_r
 .text.__sflush_r
                0x0000000008008094      0x10c /home/viktor/Downloads/AT32_IDE_V1.0.13_Linux-x86_64/AT32IDE_V1.0.13_Linux-X86_64/platform/tools/gcc-arm-none-eabi-10.3-2021.10/bin/../lib/gcc/arm-none-eabi/10.3.1/../../../../arm-none-eabi/lib/thumb/v7e-m+fp/hard/libg_nano.a(lib_a-fflush.o)
                0x0000000008008094                __sflush_r
 .text._fflush_r
                0x00000000080081a0       0x78 /home/viktor/Downloads/AT32_IDE_V1.0.13_Linux-x86_64/AT32IDE_V1.0.13_Linux-X86_64/platform/tools/gcc-arm-none-eabi-10.3-2021.10/bin/../lib/gcc/arm-none-eabi/10.3.1/../../../../arm-none-eabi/lib/thumb/v7e-m+fp/hard/libg_nano.a(lib_a-fflush.o)
                0x00000000080081a0                _fflush_r
 .text.std      0x0000000008008218       0x48 /home/viktor/Downloads/AT32_IDE_V1.0.13_Linux-x86_64/AT32IDE_V1.0.13_Linux-X86_64/platform/tools/gcc-arm-none-eabi-10.3-2021.10/bin/../lib/gcc/arm-none-eabi/10.3.1/../../../../arm-none-eabi/lib/thumb/v7e-m+fp/hard/libg_nano.a(lib_a-findfp.o)
 .text._cleanup_r
                0x0000000008008260        0xc /home/viktor/Downloads/AT32_IDE_V1.0.13_Linux-x86_64/AT32IDE_V1.0.13_Linux-X86_64/platform/tools/gcc-arm-none-eabi-10.3-2021.10/bin/../lib/gcc/arm-none-eabi/10.3.1/../../../../arm-none-eabi/lib/thumb/v7e-m+fp/hard/libg_nano.a(lib_a-findfp.o)
                0x0000000008008260                _cleanup_r
 .text.__sfmoreglue
                0x000000000800826c       0x2c /home/viktor/Downloads/AT32_IDE_V1.0.13_Linux-x86_64/AT32IDE_V1.0.13_Linux-X86_64/platform/tools/gcc-arm-none-eabi-10.3-2021.10/bin/../lib/gcc/arm-none-eabi/10.3.1/../../../../arm-none-eabi/lib/thumb/v7e-m+fp/hard/libg_nano.a(lib_a-findfp.o)
                0x000000000800826c                __sfmoreglue
 .text.__sfp_lock_acquire
                0x0000000008008298        0xc /home/viktor/Downloads/AT32_IDE_V1.0.13_Linux-x86_64/AT32IDE_V1.0.13_Linux-X86_64/platform/tools/gcc-arm-none-eabi-10.3-2021.10/bin/../lib/gcc/arm-none-eabi/10.3.1/../../../../arm-none-eabi/lib/thumb/v7e-m+fp/hard/libg_nano.a(lib_a-findfp.o)
                0x0000000008008298                __sfp_lock_acquire
 .text.__sfp_lock_release
                0x00000000080082a4        0xc /home/viktor/Downloads/AT32_IDE_V1.0.13_Linux-x86_64/AT32IDE_V1.0.13_Linux-X86_64/platform/tools/gcc-arm-none-eabi-10.3-2021.10/bin/../lib/gcc/arm-none-eabi/10.3.1/../../../../arm-none-eabi/lib/thumb/v7e-m+fp/hard/libg_nano.a(lib_a-findfp.o)
                0x00000000080082a4                __sfp_lock_release
 .text.__sinit_lock_acquire
                0x00000000080082b0        0xc /home/viktor/Downloads/AT32_IDE_V1.0.13_Linux-x86_64/AT32IDE_V1.0.13_Linux-X86_64/platform/tools/gcc-arm-none-eabi-10.3-2021.10/bin/../lib/gcc/arm-none-eabi/10.3.1/../../../../arm-none-eabi/lib/thumb/v7e-m+fp/hard/libg_nano.a(lib_a-findfp.o)
                0x00000000080082b0                __sinit_lock_acquire
 .text.__sinit_lock_release
                0x00000000080082bc        0xc /home/viktor/Downloads/AT32_IDE_V1.0.13_Linux-x86_64/AT32IDE_V1.0.13_Linux-X86_64/platform/tools/gcc-arm-none-eabi-10.3-2021.10/bin/../lib/gcc/arm-none-eabi/10.3.1/../../../../arm-none-eabi/lib/thumb/v7e-m+fp/hard/libg_nano.a(lib_a-findfp.o)
                0x00000000080082bc                __sinit_lock_release
 .text.__sinit  0x00000000080082c8       0x70 /home/viktor/Downloads/AT32_IDE_V1.0.13_Linux-x86_64/AT32IDE_V1.0.13_Linux-X86_64/platform/tools/gcc-arm-none-eabi-10.3-2021.10/bin/../lib/gcc/arm-none-eabi/10.3.1/../../../../arm-none-eabi/lib/thumb/v7e-m+fp/hard/libg_nano.a(lib_a-findfp.o)
                0x00000000080082c8                __sinit
 .text.__sfp    0x0000000008008338       0x8c /home/viktor/Downloads/AT32_IDE_V1.0.13_Linux-x86_64/AT32IDE_V1.0.13_Linux-X86_64/platform/tools/gcc-arm-none-eabi-10.3-2021.10/bin/../lib/gcc/arm-none-eabi/10.3.1/../../../../arm-none-eabi/lib/thumb/v7e-m+fp/hard/libg_nano.a(lib_a-findfp.o)
                0x0000000008008338                __sfp
 .text._fwalk_reent
                0x00000000080083c4       0x3e /home/viktor/Downloads/AT32_IDE_V1.0.13_Linux-x86_64/AT32IDE_V1.0.13_Linux-X86_64/platform/tools/gcc-arm-none-eabi-10.3-2021.10/bin/../lib/gcc/arm-none-eabi/10.3.1/../../../../arm-none-eabi/lib/thumb/v7e-m+fp/hard/libg_nano.a(lib_a-fwalk.o)
                0x00000000080083c4                _fwalk_reent
 *fill*         0x0000000008008402        0x2 
 .text._localeconv_r
                0x0000000008008404        0x8 /home/viktor/Downloads/AT32_IDE_V1.0.13_Linux-x86_64/AT32IDE_V1.0.13_Linux-X86_64/platform/tools/gcc-arm-none-eabi-10.3-2021.10/bin/../lib/gcc/arm-none-eabi/10.3.1/../../../../arm-none-eabi/lib/thumb/v7e-m+fp/hard/libg_nano.a(lib_a-localeconv.o)
                0x0000000008008404                _localeconv_r
 .text.__retarget_lock_init_recursive
                0x000000000800840c        0x2 /home/viktor/Downloads/AT32_IDE_V1.0.13_Linux-x86_64/AT32IDE_V1.0.13_Linux-X86_64/platform/tools/gcc-arm-none-eabi-10.3-2021.10/bin/../lib/gcc/arm-none-eabi/10.3.1/../../../../arm-none-eabi/lib/thumb/v7e-m+fp/hard/libg_nano.a(lib_a-lock.o)
                0x000000000800840c                __retarget_lock_init_recursive
 .text.__retarget_lock_acquire_recursive
                0x000000000800840e        0x2 /home/viktor/Downloads/AT32_IDE_V1.0.13_Linux-x86_64/AT32IDE_V1.0.13_Linux-X86_64/platform/tools/gcc-arm-none-eabi-10.3-2021.10/bin/../lib/gcc/arm-none-eabi/10.3.1/../../../../arm-none-eabi/lib/thumb/v7e-m+fp/hard/libg_nano.a(lib_a-lock.o)
                0x000000000800840e                __retarget_lock_acquire_recursive
 .text.__retarget_lock_release_recursive
                0x0000000008008410        0x2 /home/viktor/Downloads/AT32_IDE_V1.0.13_Linux-x86_64/AT32IDE_V1.0.13_Linux-X86_64/platform/tools/gcc-arm-none-eabi-10.3-2021.10/bin/../lib/gcc/arm-none-eabi/10.3.1/../../../../arm-none-eabi/lib/thumb/v7e-m+fp/hard/libg_nano.a(lib_a-lock.o)
                0x0000000008008410                __retarget_lock_release_recursive
 *fill*         0x0000000008008412        0x2 
 .text._lseek_r
                0x0000000008008414       0x24 /home/viktor/Downloads/AT32_IDE_V1.0.13_Linux-x86_64/AT32IDE_V1.0.13_Linux-X86_64/platform/tools/gcc-arm-none-eabi-10.3-2021.10/bin/../lib/gcc/arm-none-eabi/10.3.1/../../../../arm-none-eabi/lib/thumb/v7e-m+fp/hard/libg_nano.a(lib_a-lseekr.o)
                0x0000000008008414                _lseek_r
 .text.__swhatbuf_r
                0x0000000008008438       0x4a /home/viktor/Downloads/AT32_IDE_V1.0.13_Linux-x86_64/AT32IDE_V1.0.13_Linux-X86_64/platform/tools/gcc-arm-none-eabi-10.3-2021.10/bin/../lib/gcc/arm-none-eabi/10.3.1/../../../../arm-none-eabi/lib/thumb/v7e-m+fp/hard/libg_nano.a(lib_a-makebuf.o)
                0x0000000008008438                __swhatbuf_r
 *fill*         0x0000000008008482        0x2 
 .text.__smakebuf_r
                0x0000000008008484       0x80 /home/viktor/Downloads/AT32_IDE_V1.0.13_Linux-x86_64/AT32IDE_V1.0.13_Linux-X86_64/platform/tools/gcc-arm-none-eabi-10.3-2021.10/bin/../lib/gcc/arm-none-eabi/10.3.1/../../../../arm-none-eabi/lib/thumb/v7e-m+fp/hard/libg_nano.a(lib_a-makebuf.o)
                0x0000000008008484                __smakebuf_r
 .text.malloc   0x0000000008008504       0x10 /home/viktor/Downloads/AT32_IDE_V1.0.13_Linux-x86_64/AT32IDE_V1.0.13_Linux-X86_64/platform/tools/gcc-arm-none-eabi-10.3-2021.10/bin/../lib/gcc/arm-none-eabi/10.3.1/../../../../arm-none-eabi/lib/thumb/v7e-m+fp/hard/libg_nano.a(lib_a-malloc.o)
                0x0000000008008504                malloc
 .text._Balloc  0x0000000008008514       0x80 /home/viktor/Downloads/AT32_IDE_V1.0.13_Linux-x86_64/AT32IDE_V1.0.13_Linux-X86_64/platform/tools/gcc-arm-none-eabi-10.3-2021.10/bin/../lib/gcc/arm-none-eabi/10.3.1/../../../../arm-none-eabi/lib/thumb/v7e-m+fp/hard/libg_nano.a(lib_a-mprec.o)
                0x0000000008008514                _Balloc
 .text._Bfree   0x0000000008008594       0x44 /home/viktor/Downloads/AT32_IDE_V1.0.13_Linux-x86_64/AT32IDE_V1.0.13_Linux-X86_64/platform/tools/gcc-arm-none-eabi-10.3-2021.10/bin/../lib/gcc/arm-none-eabi/10.3.1/../../../../arm-none-eabi/lib/thumb/v7e-m+fp/hard/libg_nano.a(lib_a-mprec.o)
                0x0000000008008594                _Bfree
 .text.__multadd
                0x00000000080085d8       0x8c /home/viktor/Downloads/AT32_IDE_V1.0.13_Linux-x86_64/AT32IDE_V1.0.13_Linux-X86_64/platform/tools/gcc-arm-none-eabi-10.3-2021.10/bin/../lib/gcc/arm-none-eabi/10.3.1/../../../../arm-none-eabi/lib/thumb/v7e-m+fp/hard/libg_nano.a(lib_a-mprec.o)
                0x00000000080085d8                __multadd
 .text.__hi0bits
                0x0000000008008664       0x40 /home/viktor/Downloads/AT32_IDE_V1.0.13_Linux-x86_64/AT32IDE_V1.0.13_Linux-X86_64/platform/tools/gcc-arm-none-eabi-10.3-2021.10/bin/../lib/gcc/arm-none-eabi/10.3.1/../../../../arm-none-eabi/lib/thumb/v7e-m+fp/hard/libg_nano.a(lib_a-mprec.o)
                0x0000000008008664                __hi0bits
 .text.__lo0bits
                0x00000000080086a4       0x5e /home/viktor/Downloads/AT32_IDE_V1.0.13_Linux-x86_64/AT32IDE_V1.0.13_Linux-X86_64/platform/tools/gcc-arm-none-eabi-10.3-2021.10/bin/../lib/gcc/arm-none-eabi/10.3.1/../../../../arm-none-eabi/lib/thumb/v7e-m+fp/hard/libg_nano.a(lib_a-mprec.o)
                0x00000000080086a4                __lo0bits
 *fill*         0x0000000008008702        0x2 
 .text.__i2b    0x0000000008008704       0x2c /home/viktor/Downloads/AT32_IDE_V1.0.13_Linux-x86_64/AT32IDE_V1.0.13_Linux-X86_64/platform/tools/gcc-arm-none-eabi-10.3-2021.10/bin/../lib/gcc/arm-none-eabi/10.3.1/../../../../arm-none-eabi/lib/thumb/v7e-m+fp/hard/libg_nano.a(lib_a-mprec.o)
                0x0000000008008704                __i2b
 .text.__multiply
                0x0000000008008730      0x154 /home/viktor/Downloads/AT32_IDE_V1.0.13_Linux-x86_64/AT32IDE_V1.0.13_Linux-X86_64/platform/tools/gcc-arm-none-eabi-10.3-2021.10/bin/../lib/gcc/arm-none-eabi/10.3.1/../../../../arm-none-eabi/lib/thumb/v7e-m+fp/hard/libg_nano.a(lib_a-mprec.o)
                0x0000000008008730                __multiply
 .text.__pow5mult
                0x0000000008008884       0xb4 /home/viktor/Downloads/AT32_IDE_V1.0.13_Linux-x86_64/AT32IDE_V1.0.13_Linux-X86_64/platform/tools/gcc-arm-none-eabi-10.3-2021.10/bin/../lib/gcc/arm-none-eabi/10.3.1/../../../../arm-none-eabi/lib/thumb/v7e-m+fp/hard/libg_nano.a(lib_a-mprec.o)
                0x0000000008008884                __pow5mult
 .text.__lshift
                0x0000000008008938       0xe0 /home/viktor/Downloads/AT32_IDE_V1.0.13_Linux-x86_64/AT32IDE_V1.0.13_Linux-X86_64/platform/tools/gcc-arm-none-eabi-10.3-2021.10/bin/../lib/gcc/arm-none-eabi/10.3.1/../../../../arm-none-eabi/lib/thumb/v7e-m+fp/hard/libg_nano.a(lib_a-mprec.o)
                0x0000000008008938                __lshift
 .text.__mcmp   0x0000000008008a18       0x38 /home/viktor/Downloads/AT32_IDE_V1.0.13_Linux-x86_64/AT32IDE_V1.0.13_Linux-X86_64/platform/tools/gcc-arm-none-eabi-10.3-2021.10/bin/../lib/gcc/arm-none-eabi/10.3.1/../../../../arm-none-eabi/lib/thumb/v7e-m+fp/hard/libg_nano.a(lib_a-mprec.o)
                0x0000000008008a18                __mcmp
 .text.__mdiff  0x0000000008008a50      0x114 /home/viktor/Downloads/AT32_IDE_V1.0.13_Linux-x86_64/AT32IDE_V1.0.13_Linux-X86_64/platform/tools/gcc-arm-none-eabi-10.3-2021.10/bin/../lib/gcc/arm-none-eabi/10.3.1/../../../../arm-none-eabi/lib/thumb/v7e-m+fp/hard/libg_nano.a(lib_a-mprec.o)
                0x0000000008008a50                __mdiff
 .text.__d2b    0x0000000008008b64       0xb8 /home/viktor/Downloads/AT32_IDE_V1.0.13_Linux-x86_64/AT32IDE_V1.0.13_Linux-X86_64/platform/tools/gcc-arm-none-eabi-10.3-2021.10/bin/../lib/gcc/arm-none-eabi/10.3.1/../../../../arm-none-eabi/lib/thumb/v7e-m+fp/hard/libg_nano.a(lib_a-mprec.o)
                0x0000000008008b64                __d2b
 .text._calloc_r
                0x0000000008008c1c       0x2c /home/viktor/Downloads/AT32_IDE_V1.0.13_Linux-x86_64/AT32IDE_V1.0.13_Linux-X86_64/platform/tools/gcc-arm-none-eabi-10.3-2021.10/bin/../lib/gcc/arm-none-eabi/10.3.1/../../../../arm-none-eabi/lib/thumb/v7e-m+fp/hard/libg_nano.a(lib_a-nano-callocr.o)
                0x0000000008008c1c                _calloc_r
 .text._free_r  0x0000000008008c48       0x98 /home/viktor/Downloads/AT32_IDE_V1.0.13_Linux-x86_64/AT32IDE_V1.0.13_Linux-X86_64/platform/tools/gcc-arm-none-eabi-10.3-2021.10/bin/../lib/gcc/arm-none-eabi/10.3.1/../../../../arm-none-eabi/lib/thumb/v7e-m+fp/hard/libg_nano.a(lib_a-nano-freer.o)
                0x0000000008008c48                _free_r
 .text.sbrk_aligned
                0x0000000008008ce0       0x40 /home/viktor/Downloads/AT32_IDE_V1.0.13_Linux-x86_64/AT32IDE_V1.0.13_Linux-X86_64/platform/tools/gcc-arm-none-eabi-10.3-2021.10/bin/../lib/gcc/arm-none-eabi/10.3.1/../../../../arm-none-eabi/lib/thumb/v7e-m+fp/hard/libg_nano.a(lib_a-nano-mallocr.o)
 .text._malloc_r
                0x0000000008008d20       0xe8 /home/viktor/Downloads/AT32_IDE_V1.0.13_Linux-x86_64/AT32IDE_V1.0.13_Linux-X86_64/platform/tools/gcc-arm-none-eabi-10.3-2021.10/bin/../lib/gcc/arm-none-eabi/10.3.1/../../../../arm-none-eabi/lib/thumb/v7e-m+fp/hard/libg_nano.a(lib_a-nano-mallocr.o)
                0x0000000008008d20                _malloc_r
 .text._sungetc_r
                0x0000000008008e08       0x7a /home/viktor/Downloads/AT32_IDE_V1.0.13_Linux-x86_64/AT32IDE_V1.0.13_Linux-X86_64/platform/tools/gcc-arm-none-eabi-10.3-2021.10/bin/../lib/gcc/arm-none-eabi/10.3.1/../../../../arm-none-eabi/lib/thumb/v7e-m+fp/hard/libg_nano.a(lib_a-nano-svfscanf.o)
                0x0000000008008e08                _sungetc_r
 .text.__ssrefill_r
                0x0000000008008e82       0x3a /home/viktor/Downloads/AT32_IDE_V1.0.13_Linux-x86_64/AT32IDE_V1.0.13_Linux-X86_64/platform/tools/gcc-arm-none-eabi-10.3-2021.10/bin/../lib/gcc/arm-none-eabi/10.3.1/../../../../arm-none-eabi/lib/thumb/v7e-m+fp/hard/libg_nano.a(lib_a-nano-svfscanf.o)
                0x0000000008008e82                __ssrefill_r
 .text.__ssvfscanf_r
                0x0000000008008ebc      0x2f0 /home/viktor/Downloads/AT32_IDE_V1.0.13_Linux-x86_64/AT32IDE_V1.0.13_Linux-X86_64/platform/tools/gcc-arm-none-eabi-10.3-2021.10/bin/../lib/gcc/arm-none-eabi/10.3.1/../../../../arm-none-eabi/lib/thumb/v7e-m+fp/hard/libg_nano.a(lib_a-nano-svfscanf.o)
                0x0000000008008ebc                __ssvfscanf_r
                0x0000000008008ebc                __ssvfiscanf_r
 .text.__sfputc_r
                0x00000000080091ac       0x2e /home/viktor/Downloads/AT32_IDE_V1.0.13_Linux-x86_64/AT32IDE_V1.0.13_Linux-X86_64/platform/tools/gcc-arm-none-eabi-10.3-2021.10/bin/../lib/gcc/arm-none-eabi/10.3.1/../../../../arm-none-eabi/lib/thumb/v7e-m+fp/hard/libg_nano.a(lib_a-nano-vfprintf.o)
 .text.__sfputs_r
                0x00000000080091da       0x24 /home/viktor/Downloads/AT32_IDE_V1.0.13_Linux-x86_64/AT32IDE_V1.0.13_Linux-X86_64/platform/tools/gcc-arm-none-eabi-10.3-2021.10/bin/../lib/gcc/arm-none-eabi/10.3.1/../../../../arm-none-eabi/lib/thumb/v7e-m+fp/hard/libg_nano.a(lib_a-nano-vfprintf.o)
                0x00000000080091da                __sfputs_r
 *fill*         0x00000000080091fe        0x2 
 .text._vfprintf_r
                0x0000000008009200      0x260 /home/viktor/Downloads/AT32_IDE_V1.0.13_Linux-x86_64/AT32IDE_V1.0.13_Linux-X86_64/platform/tools/gcc-arm-none-eabi-10.3-2021.10/bin/../lib/gcc/arm-none-eabi/10.3.1/../../../../arm-none-eabi/lib/thumb/v7e-m+fp/hard/libg_nano.a(lib_a-nano-vfprintf.o)
                0x0000000008009200                _vfiprintf_r
                0x0000000008009200                _vfprintf_r
 .text._scanf_chars
                0x0000000008009460       0xb4 /home/viktor/Downloads/AT32_IDE_V1.0.13_Linux-x86_64/AT32IDE_V1.0.13_Linux-X86_64/platform/tools/gcc-arm-none-eabi-10.3-2021.10/bin/../lib/gcc/arm-none-eabi/10.3.1/../../../../arm-none-eabi/lib/thumb/v7e-m+fp/hard/libg_nano.a(lib_a-nano-vfscanf_i.o)
                0x0000000008009460                _scanf_chars
 .text._scanf_i
                0x0000000008009514      0x1f0 /home/viktor/Downloads/AT32_IDE_V1.0.13_Linux-x86_64/AT32IDE_V1.0.13_Linux-X86_64/platform/tools/gcc-arm-none-eabi-10.3-2021.10/bin/../lib/gcc/arm-none-eabi/10.3.1/../../../../arm-none-eabi/lib/thumb/v7e-m+fp/hard/libg_nano.a(lib_a-nano-vfscanf_i.o)
                0x0000000008009514                _scanf_i
 .text._read_r  0x0000000008009704       0x24 /home/viktor/Downloads/AT32_IDE_V1.0.13_Linux-x86_64/AT32IDE_V1.0.13_Linux-X86_64/platform/tools/gcc-arm-none-eabi-10.3-2021.10/bin/../lib/gcc/arm-none-eabi/10.3.1/../../../../arm-none-eabi/lib/thumb/v7e-m+fp/hard/libg_nano.a(lib_a-readr.o)
                0x0000000008009704                _read_r
 .text._sbrk_r  0x0000000008009728       0x20 /home/viktor/Downloads/AT32_IDE_V1.0.13_Linux-x86_64/AT32IDE_V1.0.13_Linux-X86_64/platform/tools/gcc-arm-none-eabi-10.3-2021.10/bin/../lib/gcc/arm-none-eabi/10.3.1/../../../../arm-none-eabi/lib/thumb/v7e-m+fp/hard/libg_nano.a(lib_a-sbrkr.o)
                0x0000000008009728                _sbrk_r
 .text.__sccl   0x0000000008009748       0x70 /home/viktor/Downloads/AT32_IDE_V1.0.13_Linux-x86_64/AT32IDE_V1.0.13_Linux-X86_64/platform/tools/gcc-arm-none-eabi-10.3-2021.10/bin/../lib/gcc/arm-none-eabi/10.3.1/../../../../arm-none-eabi/lib/thumb/v7e-m+fp/hard/libg_nano.a(lib_a-sccl.o)
                0x0000000008009748                __sccl
 .text._strtol_l.constprop.0
                0x00000000080097b8      0x104 /home/viktor/Downloads/AT32_IDE_V1.0.13_Linux-x86_64/AT32IDE_V1.0.13_Linux-X86_64/platform/tools/gcc-arm-none-eabi-10.3-2021.10/bin/../lib/gcc/arm-none-eabi/10.3.1/../../../../arm-none-eabi/lib/thumb/v7e-m+fp/hard/libg_nano.a(lib_a-strtol.o)
 .text._strtol_r
                0x00000000080098bc        0x4 /home/viktor/Downloads/AT32_IDE_V1.0.13_Linux-x86_64/AT32IDE_V1.0.13_Linux-X86_64/platform/tools/gcc-arm-none-eabi-10.3-2021.10/bin/../lib/gcc/arm-none-eabi/10.3.1/../../../../arm-none-eabi/lib/thumb/v7e-m+fp/hard/libg_nano.a(lib_a-strtol.o)
                0x00000000080098bc                _strtol_r
 .text._strtoul_l.constprop.0
                0x00000000080098c0       0xe4 /home/viktor/Downloads/AT32_IDE_V1.0.13_Linux-x86_64/AT32IDE_V1.0.13_Linux-X86_64/platform/tools/gcc-arm-none-eabi-10.3-2021.10/bin/../lib/gcc/arm-none-eabi/10.3.1/../../../../arm-none-eabi/lib/thumb/v7e-m+fp/hard/libg_nano.a(lib_a-strtoul.o)
 .text._strtoul_r
                0x00000000080099a4        0x4 /home/viktor/Downloads/AT32_IDE_V1.0.13_Linux-x86_64/AT32IDE_V1.0.13_Linux-X86_64/platform/tools/gcc-arm-none-eabi-10.3-2021.10/bin/../lib/gcc/arm-none-eabi/10.3.1/../../../../arm-none-eabi/lib/thumb/v7e-m+fp/hard/libg_nano.a(lib_a-strtoul.o)
                0x00000000080099a4                _strtoul_r
 .text.__submore
                0x00000000080099a8       0x74 /home/viktor/Downloads/AT32_IDE_V1.0.13_Linux-x86_64/AT32IDE_V1.0.13_Linux-X86_64/platform/tools/gcc-arm-none-eabi-10.3-2021.10/bin/../lib/gcc/arm-none-eabi/10.3.1/../../../../arm-none-eabi/lib/thumb/v7e-m+fp/hard/libg_nano.a(lib_a-ungetc.o)
                0x00000000080099a8                __submore
 .text.__assert_func
                0x0000000008009a1c       0x3c /home/viktor/Downloads/AT32_IDE_V1.0.13_Linux-x86_64/AT32IDE_V1.0.13_Linux-X86_64/platform/tools/gcc-arm-none-eabi-10.3-2021.10/bin/../lib/gcc/arm-none-eabi/10.3.1/../../../../arm-none-eabi/lib/thumb/v7e-m+fp/hard/libg_nano.a(lib_a-assert.o)
                0x0000000008009a1c                __assert_func
 .text.fprintf  0x0000000008009a58       0x24 /home/viktor/Downloads/AT32_IDE_V1.0.13_Linux-x86_64/AT32IDE_V1.0.13_Linux-X86_64/platform/tools/gcc-arm-none-eabi-10.3-2021.10/bin/../lib/gcc/arm-none-eabi/10.3.1/../../../../arm-none-eabi/lib/thumb/v7e-m+fp/hard/libg_nano.a(lib_a-fprintf.o)
                0x0000000008009a58                fprintf
                0x0000000008009a58                fiprintf
 .text._fstat_r
                0x0000000008009a7c       0x24 /home/viktor/Downloads/AT32_IDE_V1.0.13_Linux-x86_64/AT32IDE_V1.0.13_Linux-X86_64/platform/tools/gcc-arm-none-eabi-10.3-2021.10/bin/../lib/gcc/arm-none-eabi/10.3.1/../../../../arm-none-eabi/lib/thumb/v7e-m+fp/hard/libg_nano.a(lib_a-fstatr.o)
                0x0000000008009a7c                _fstat_r
 .text._isatty_r
                0x0000000008009aa0       0x20 /home/viktor/Downloads/AT32_IDE_V1.0.13_Linux-x86_64/AT32IDE_V1.0.13_Linux-X86_64/platform/tools/gcc-arm-none-eabi-10.3-2021.10/bin/../lib/gcc/arm-none-eabi/10.3.1/../../../../arm-none-eabi/lib/thumb/v7e-m+fp/hard/libg_nano.a(lib_a-isattyr.o)
                0x0000000008009aa0                _isatty_r
 .text.__ascii_mbtowc
                0x0000000008009ac0       0x24 /home/viktor/Downloads/AT32_IDE_V1.0.13_Linux-x86_64/AT32IDE_V1.0.13_Linux-X86_64/platform/tools/gcc-arm-none-eabi-10.3-2021.10/bin/../lib/gcc/arm-none-eabi/10.3.1/../../../../arm-none-eabi/lib/thumb/v7e-m+fp/hard/libg_nano.a(lib_a-mbtowc_r.o)
                0x0000000008009ac0                __ascii_mbtowc
 .text.__malloc_lock
                0x0000000008009ae4        0xc /home/viktor/Downloads/AT32_IDE_V1.0.13_Linux-x86_64/AT32IDE_V1.0.13_Linux-X86_64/platform/tools/gcc-arm-none-eabi-10.3-2021.10/bin/../lib/gcc/arm-none-eabi/10.3.1/../../../../arm-none-eabi/lib/thumb/v7e-m+fp/hard/libg_nano.a(lib_a-mlock.o)
                0x0000000008009ae4                __malloc_lock
 .text.__malloc_unlock
                0x0000000008009af0        0xc /home/viktor/Downloads/AT32_IDE_V1.0.13_Linux-x86_64/AT32IDE_V1.0.13_Linux-X86_64/platform/tools/gcc-arm-none-eabi-10.3-2021.10/bin/../lib/gcc/arm-none-eabi/10.3.1/../../../../arm-none-eabi/lib/thumb/v7e-m+fp/hard/libg_nano.a(lib_a-mlock.o)
                0x0000000008009af0                __malloc_unlock
 .text._realloc_r
                0x0000000008009afc       0x5e /home/viktor/Downloads/AT32_IDE_V1.0.13_Linux-x86_64/AT32IDE_V1.0.13_Linux-X86_64/platform/tools/gcc-arm-none-eabi-10.3-2021.10/bin/../lib/gcc/arm-none-eabi/10.3.1/../../../../arm-none-eabi/lib/thumb/v7e-m+fp/hard/libg_nano.a(lib_a-nano-reallocr.o)
                0x0000000008009afc                _realloc_r
 .text.__ascii_wctomb
                0x0000000008009b5a       0x1a /home/viktor/Downloads/AT32_IDE_V1.0.13_Linux-x86_64/AT32IDE_V1.0.13_Linux-X86_64/platform/tools/gcc-arm-none-eabi-10.3-2021.10/bin/../lib/gcc/arm-none-eabi/10.3.1/../../../../arm-none-eabi/lib/thumb/v7e-m+fp/hard/libg_nano.a(lib_a-wctomb_r.o)
                0x0000000008009b5a                __ascii_wctomb
 .text.abort    0x0000000008009b74        0xe /home/viktor/Downloads/AT32_IDE_V1.0.13_Linux-x86_64/AT32IDE_V1.0.13_Linux-X86_64/platform/tools/gcc-arm-none-eabi-10.3-2021.10/bin/../lib/gcc/arm-none-eabi/10.3.1/../../../../arm-none-eabi/lib/thumb/v7e-m+fp/hard/libg_nano.a(lib_a-abort.o)
                0x0000000008009b74                abort
 .text._malloc_usable_size_r
                0x0000000008009b82       0x10 /home/viktor/Downloads/AT32_IDE_V1.0.13_Linux-x86_64/AT32IDE_V1.0.13_Linux-X86_64/platform/tools/gcc-arm-none-eabi-10.3-2021.10/bin/../lib/gcc/arm-none-eabi/10.3.1/../../../../arm-none-eabi/lib/thumb/v7e-m+fp/hard/libg_nano.a(lib_a-nano-msizer.o)
                0x0000000008009b82                _malloc_usable_size_r
 .text._raise_r
                0x0000000008009b92       0x50 /home/viktor/Downloads/AT32_IDE_V1.0.13_Linux-x86_64/AT32IDE_V1.0.13_Linux-X86_64/platform/tools/gcc-arm-none-eabi-10.3-2021.10/bin/../lib/gcc/arm-none-eabi/10.3.1/../../../../arm-none-eabi/lib/thumb/v7e-m+fp/hard/libg_nano.a(lib_a-signal.o)
                0x0000000008009b92                _raise_r
 *fill*         0x0000000008009be2        0x2 
 .text.raise    0x0000000008009be4       0x10 /home/viktor/Downloads/AT32_IDE_V1.0.13_Linux-x86_64/AT32IDE_V1.0.13_Linux-X86_64/platform/tools/gcc-arm-none-eabi-10.3-2021.10/bin/../lib/gcc/arm-none-eabi/10.3.1/../../../../arm-none-eabi/lib/thumb/v7e-m+fp/hard/libg_nano.a(lib_a-signal.o)
                0x0000000008009be4                raise
 .text._kill_r  0x0000000008009bf4       0x24 /home/viktor/Downloads/AT32_IDE_V1.0.13_Linux-x86_64/AT32IDE_V1.0.13_Linux-X86_64/platform/tools/gcc-arm-none-eabi-10.3-2021.10/bin/../lib/gcc/arm-none-eabi/10.3.1/../../../../arm-none-eabi/lib/thumb/v7e-m+fp/hard/libg_nano.a(lib_a-signalr.o)
                0x0000000008009bf4                _kill_r
 .text._getpid_r
                0x0000000008009c18        0x4 /home/viktor/Downloads/AT32_IDE_V1.0.13_Linux-x86_64/AT32IDE_V1.0.13_Linux-X86_64/platform/tools/gcc-arm-none-eabi-10.3-2021.10/bin/../lib/gcc/arm-none-eabi/10.3.1/../../../../arm-none-eabi/lib/thumb/v7e-m+fp/hard/libg_nano.a(lib_a-signalr.o)
                0x0000000008009c18                _getpid_r
 .text._close   0x0000000008009c1c       0x10 /home/viktor/Downloads/AT32_IDE_V1.0.13_Linux-x86_64/AT32IDE_V1.0.13_Linux-X86_64/platform/tools/gcc-arm-none-eabi-10.3-2021.10/bin/../lib/gcc/arm-none-eabi/10.3.1/../../../../arm-none-eabi/lib/thumb/v7e-m+fp/hard/libnosys.a(close.o)
                0x0000000008009c1c                _close
 .text._fstat   0x0000000008009c2c       0x10 /home/viktor/Downloads/AT32_IDE_V1.0.13_Linux-x86_64/AT32IDE_V1.0.13_Linux-X86_64/platform/tools/gcc-arm-none-eabi-10.3-2021.10/bin/../lib/gcc/arm-none-eabi/10.3.1/../../../../arm-none-eabi/lib/thumb/v7e-m+fp/hard/libnosys.a(fstat.o)
                0x0000000008009c2c                _fstat
 .text._getpid  0x0000000008009c3c       0x10 /home/viktor/Downloads/AT32_IDE_V1.0.13_Linux-x86_64/AT32IDE_V1.0.13_Linux-X86_64/platform/tools/gcc-arm-none-eabi-10.3-2021.10/bin/../lib/gcc/arm-none-eabi/10.3.1/../../../../arm-none-eabi/lib/thumb/v7e-m+fp/hard/libnosys.a(getpid.o)
                0x0000000008009c3c                _getpid
 .text._isatty  0x0000000008009c4c       0x10 /home/viktor/Downloads/AT32_IDE_V1.0.13_Linux-x86_64/AT32IDE_V1.0.13_Linux-X86_64/platform/tools/gcc-arm-none-eabi-10.3-2021.10/bin/../lib/gcc/arm-none-eabi/10.3.1/../../../../arm-none-eabi/lib/thumb/v7e-m+fp/hard/libnosys.a(isatty.o)
                0x0000000008009c4c                _isatty
 .text._kill    0x0000000008009c5c       0x10 /home/viktor/Downloads/AT32_IDE_V1.0.13_Linux-x86_64/AT32IDE_V1.0.13_Linux-X86_64/platform/tools/gcc-arm-none-eabi-10.3-2021.10/bin/../lib/gcc/arm-none-eabi/10.3.1/../../../../arm-none-eabi/lib/thumb/v7e-m+fp/hard/libnosys.a(kill.o)
                0x0000000008009c5c                _kill
 .text._lseek   0x0000000008009c6c       0x10 /home/viktor/Downloads/AT32_IDE_V1.0.13_Linux-x86_64/AT32IDE_V1.0.13_Linux-X86_64/platform/tools/gcc-arm-none-eabi-10.3-2021.10/bin/../lib/gcc/arm-none-eabi/10.3.1/../../../../arm-none-eabi/lib/thumb/v7e-m+fp/hard/libnosys.a(lseek.o)
                0x0000000008009c6c                _lseek
 .text._read    0x0000000008009c7c       0x10 /home/viktor/Downloads/AT32_IDE_V1.0.13_Linux-x86_64/AT32IDE_V1.0.13_Linux-X86_64/platform/tools/gcc-arm-none-eabi-10.3-2021.10/bin/../lib/gcc/arm-none-eabi/10.3.1/../../../../arm-none-eabi/lib/thumb/v7e-m+fp/hard/libnosys.a(read.o)
                0x0000000008009c7c                _read
 .text._sbrk    0x0000000008009c8c       0x1c /home/viktor/Downloads/AT32_IDE_V1.0.13_Linux-x86_64/AT32IDE_V1.0.13_Linux-X86_64/platform/tools/gcc-arm-none-eabi-10.3-2021.10/bin/../lib/gcc/arm-none-eabi/10.3.1/../../../../arm-none-eabi/lib/thumb/v7e-m+fp/hard/libnosys.a(sbrk.o)
                0x0000000008009c8c                _sbrk
 .text._exit    0x0000000008009ca8        0x4 /home/viktor/Downloads/AT32_IDE_V1.0.13_Linux-x86_64/AT32IDE_V1.0.13_Linux-X86_64/platform/tools/gcc-arm-none-eabi-10.3-2021.10/bin/../lib/gcc/arm-none-eabi/10.3.1/../../../../arm-none-eabi/lib/thumb/v7e-m+fp/hard/libnosys.a(_exit.o)
                0x0000000008009ca8                _exit
 *(.glue_7)
 .glue_7        0x0000000008009cac        0x0 linker stubs
 *(.glue_7t)
 .glue_7t       0x0000000008009cac        0x0 linker stubs
 *(.eh_frame)
 .eh_frame      0x0000000008009cac        0x0 /home/viktor/Downloads/AT32_IDE_V1.0.13_Linux-x86_64/AT32IDE_V1.0.13_Linux-X86_64/platform/tools/gcc-arm-none-eabi-10.3-2021.10/bin/../lib/gcc/arm-none-eabi/10.3.1/thumb/v7e-m+fp/hard/crtbegin.o
 *(.init)
 .init          0x0000000008009cac        0x4 /home/viktor/Downloads/AT32_IDE_V1.0.13_Linux-x86_64/AT32IDE_V1.0.13_Linux-X86_64/platform/tools/gcc-arm-none-eabi-10.3-2021.10/bin/../lib/gcc/arm-none-eabi/10.3.1/thumb/v7e-m+fp/hard/crti.o
                0x0000000008009cac                _init
 .init          0x0000000008009cb0        0x8 /home/viktor/Downloads/AT32_IDE_V1.0.13_Linux-x86_64/AT32IDE_V1.0.13_Linux-X86_64/platform/tools/gcc-arm-none-eabi-10.3-2021.10/bin/../lib/gcc/arm-none-eabi/10.3.1/thumb/v7e-m+fp/hard/crtn.o
 *(.fini)
 .fini          0x0000000008009cb8        0x4 /home/viktor/Downloads/AT32_IDE_V1.0.13_Linux-x86_64/AT32IDE_V1.0.13_Linux-X86_64/platform/tools/gcc-arm-none-eabi-10.3-2021.10/bin/../lib/gcc/arm-none-eabi/10.3.1/thumb/v7e-m+fp/hard/crti.o
                0x0000000008009cb8                _fini
 .fini          0x0000000008009cbc        0x8 /home/viktor/Downloads/AT32_IDE_V1.0.13_Linux-x86_64/AT32IDE_V1.0.13_Linux-X86_64/platform/tools/gcc-arm-none-eabi-10.3-2021.10/bin/../lib/gcc/arm-none-eabi/10.3.1/thumb/v7e-m+fp/hard/crtn.o
                0x0000000008009cc4                . = ALIGN (0x4)
                0x0000000008009cc4                _etext = .

.vfp11_veneer   0x0000000008009cc4        0x0
 .vfp11_veneer  0x0000000008009cc4        0x0 linker stubs

.v4_bx          0x0000000008009cc4        0x0
 .v4_bx         0x0000000008009cc4        0x0 linker stubs

.iplt           0x0000000008009cc4        0x0
 .iplt          0x0000000008009cc4        0x0 /home/viktor/Downloads/AT32_IDE_V1.0.13_Linux-x86_64/AT32IDE_V1.0.13_Linux-X86_64/platform/tools/gcc-arm-none-eabi-10.3-2021.10/bin/../lib/gcc/arm-none-eabi/10.3.1/thumb/v7e-m+fp/hard/crtbegin.o

.rodata         0x0000000008009cc8      0xb10
                0x0000000008009cc8                . = ALIGN (0x4)
 *(.rodata)
 .rodata        0x0000000008009cc8      0x50e ./user/main.o
                0x0000000008009cc8                sine_lut
 *fill*         0x000000000800a1d6        0x2 
 .rodata        0x000000000800a1d8      0x17a ./user/sampler_loader.o
 *fill*         0x000000000800a352        0x2 
 .rodata        0x000000000800a354       0x28 ./firmware/at32f403a_407_crm.o
 .rodata        0x000000000800a37c       0x10 ./cmsis/system_at32f403a_407.o
 .rodata        0x000000000800a38c        0xc /home/viktor/Downloads/AT32_IDE_V1.0.13_Linux-x86_64/AT32IDE_V1.0.13_Linux-X86_64/platform/tools/gcc-arm-none-eabi-10.3-2021.10/bin/../lib/gcc/arm-none-eabi/10.3.1/../../../../arm-none-eabi/lib/thumb/v7e-m+fp/hard/libg_nano.a(lib_a-nano-vfscanf_i.o)
 *(.rodata*)
 .rodata._global_impure_ptr
                0x000000000800a398        0x4 /home/viktor/Downloads/AT32_IDE_V1.0.13_Linux-x86_64/AT32IDE_V1.0.13_Linux-X86_64/platform/tools/gcc-arm-none-eabi-10.3-2021.10/bin/../lib/gcc/arm-none-eabi/10.3.1/../../../../arm-none-eabi/lib/thumb/v7e-m+fp/hard/libg_nano.a(lib_a-impure.o)
                0x000000000800a398                _global_impure_ptr
 .rodata._printf_float.str1.1
                0x000000000800a39c       0x10 /home/viktor/Downloads/AT32_IDE_V1.0.13_Linux-x86_64/AT32IDE_V1.0.13_Linux-X86_64/platform/tools/gcc-arm-none-eabi-10.3-2021.10/bin/../lib/gcc/arm-none-eabi/10.3.1/../../../../arm-none-eabi/lib/thumb/v7e-m+fp/hard/libg_nano.a(lib_a-nano-vfprintf_float.o)
                                         0x12 (size before relaxing)
 .rodata._printf_i.str1.1
                0x000000000800a3ac       0x22 /home/viktor/Downloads/AT32_IDE_V1.0.13_Linux-x86_64/AT32IDE_V1.0.13_Linux-X86_64/platform/tools/gcc-arm-none-eabi-10.3-2021.10/bin/../lib/gcc/arm-none-eabi/10.3.1/../../../../arm-none-eabi/lib/thumb/v7e-m+fp/hard/libg_nano.a(lib_a-nano-vfprintf_i.o)
 .rodata._dtoa_r.str1.1
                0x000000000800a3ce       0xb3 /home/viktor/Downloads/AT32_IDE_V1.0.13_Linux-x86_64/AT32IDE_V1.0.13_Linux-X86_64/platform/tools/gcc-arm-none-eabi-10.3-2021.10/bin/../lib/gcc/arm-none-eabi/10.3.1/../../../../arm-none-eabi/lib/thumb/v7e-m+fp/hard/libg_nano.a(lib_a-dtoa.o)
                                         0xb5 (size before relaxing)
 *fill*         0x000000000800a481        0x3 
 .rodata.__sf_fake_stderr
                0x000000000800a484       0x20 /home/viktor/Downloads/AT32_IDE_V1.0.13_Linux-x86_64/AT32IDE_V1.0.13_Linux-X86_64/platform/tools/gcc-arm-none-eabi-10.3-2021.10/bin/../lib/gcc/arm-none-eabi/10.3.1/../../../../arm-none-eabi/lib/thumb/v7e-m+fp/hard/libg_nano.a(lib_a-findfp.o)
                0x000000000800a484                __sf_fake_stderr
 .rodata.__sf_fake_stdin
                0x000000000800a4a4       0x20 /home/viktor/Downloads/AT32_IDE_V1.0.13_Linux-x86_64/AT32IDE_V1.0.13_Linux-X86_64/platform/tools/gcc-arm-none-eabi-10.3-2021.10/bin/../lib/gcc/arm-none-eabi/10.3.1/../../../../arm-none-eabi/lib/thumb/v7e-m+fp/hard/libg_nano.a(lib_a-findfp.o)
                0x000000000800a4a4                __sf_fake_stdin
 .rodata.__sf_fake_stdout
                0x000000000800a4c4       0x20 /home/viktor/Downloads/AT32_IDE_V1.0.13_Linux-x86_64/AT32IDE_V1.0.13_Linux-X86_64/platform/tools/gcc-arm-none-eabi-10.3-2021.10/bin/../lib/gcc/arm-none-eabi/10.3.1/../../../../arm-none-eabi/lib/thumb/v7e-m+fp/hard/libg_nano.a(lib_a-findfp.o)
                0x000000000800a4c4                __sf_fake_stdout
 .rodata._Balloc.str1.1
                0x000000000800a4e4       0x7f /home/viktor/Downloads/AT32_IDE_V1.0.13_Linux-x86_64/AT32IDE_V1.0.13_Linux-X86_64/platform/tools/gcc-arm-none-eabi-10.3-2021.10/bin/../lib/gcc/arm-none-eabi/10.3.1/../../../../arm-none-eabi/lib/thumb/v7e-m+fp/hard/libg_nano.a(lib_a-mprec.o)
                                         0x96 (size before relaxing)
 .rodata.__multadd.str1.1
                0x000000000800a563       0x11 /home/viktor/Downloads/AT32_IDE_V1.0.13_Linux-x86_64/AT32IDE_V1.0.13_Linux-X86_64/platform/tools/gcc-arm-none-eabi-10.3-2021.10/bin/../lib/gcc/arm-none-eabi/10.3.1/../../../../arm-none-eabi/lib/thumb/v7e-m+fp/hard/libg_nano.a(lib_a-mprec.o)
 *fill*         0x000000000800a563        0x5 
 .rodata.__mprec_bigtens
                0x000000000800a568       0x28 /home/viktor/Downloads/AT32_IDE_V1.0.13_Linux-x86_64/AT32IDE_V1.0.13_Linux-X86_64/platform/tools/gcc-arm-none-eabi-10.3-2021.10/bin/../lib/gcc/arm-none-eabi/10.3.1/../../../../arm-none-eabi/lib/thumb/v7e-m+fp/hard/libg_nano.a(lib_a-mprec.o)
                0x000000000800a568                __mprec_bigtens
 .rodata.__mprec_tens
                0x000000000800a590       0xc8 /home/viktor/Downloads/AT32_IDE_V1.0.13_Linux-x86_64/AT32IDE_V1.0.13_Linux-X86_64/platform/tools/gcc-arm-none-eabi-10.3-2021.10/bin/../lib/gcc/arm-none-eabi/10.3.1/../../../../arm-none-eabi/lib/thumb/v7e-m+fp/hard/libg_nano.a(lib_a-mprec.o)
                0x000000000800a590                __mprec_tens
 .rodata.p05.0  0x000000000800a658        0xc /home/viktor/Downloads/AT32_IDE_V1.0.13_Linux-x86_64/AT32IDE_V1.0.13_Linux-X86_64/platform/tools/gcc-arm-none-eabi-10.3-2021.10/bin/../lib/gcc/arm-none-eabi/10.3.1/../../../../arm-none-eabi/lib/thumb/v7e-m+fp/hard/libg_nano.a(lib_a-mprec.o)
 .rodata.__ssvfscanf_r.str1.1
                0x000000000800a664        0x4 /home/viktor/Downloads/AT32_IDE_V1.0.13_Linux-x86_64/AT32IDE_V1.0.13_Linux-X86_64/platform/tools/gcc-arm-none-eabi-10.3-2021.10/bin/../lib/gcc/arm-none-eabi/10.3.1/../../../../arm-none-eabi/lib/thumb/v7e-m+fp/hard/libg_nano.a(lib_a-nano-svfscanf.o)
 .rodata._vfprintf_r.str1.1
                0x000000000800a668        0xd /home/viktor/Downloads/AT32_IDE_V1.0.13_Linux-x86_64/AT32IDE_V1.0.13_Linux-X86_64/platform/tools/gcc-arm-none-eabi-10.3-2021.10/bin/../lib/gcc/arm-none-eabi/10.3.1/../../../../arm-none-eabi/lib/thumb/v7e-m+fp/hard/libg_nano.a(lib_a-nano-vfprintf.o)
                                         0x11 (size before relaxing)
 .rodata.str1.1
                0x000000000800a675        0x9 /home/viktor/Downloads/AT32_IDE_V1.0.13_Linux-x86_64/AT32IDE_V1.0.13_Linux-X86_64/platform/tools/gcc-arm-none-eabi-10.3-2021.10/bin/../lib/gcc/arm-none-eabi/10.3.1/../../../../arm-none-eabi/lib/thumb/v7e-m+fp/hard/libg_nano.a(lib_a-nano-vfscanf_i.o)
 .rodata._scanf_i.str1.1
                0x000000000800a67e       0x12 /home/viktor/Downloads/AT32_IDE_V1.0.13_Linux-x86_64/AT32IDE_V1.0.13_Linux-X86_64/platform/tools/gcc-arm-none-eabi-10.3-2021.10/bin/../lib/gcc/arm-none-eabi/10.3.1/../../../../arm-none-eabi/lib/thumb/v7e-m+fp/hard/libg_nano.a(lib_a-nano-vfscanf_i.o)
 .rodata.__assert_func.str1.1
                0x000000000800a690       0x3c /home/viktor/Downloads/AT32_IDE_V1.0.13_Linux-x86_64/AT32IDE_V1.0.13_Linux-X86_64/platform/tools/gcc-arm-none-eabi-10.3-2021.10/bin/../lib/gcc/arm-none-eabi/10.3.1/../../../../arm-none-eabi/lib/thumb/v7e-m+fp/hard/libg_nano.a(lib_a-assert.o)
                                         0x3d (size before relaxing)
 .rodata._ctype_
                0x000000000800a6cc      0x101 /home/viktor/Downloads/AT32_IDE_V1.0.13_Linux-x86_64/AT32IDE_V1.0.13_Linux-X86_64/platform/tools/gcc-arm-none-eabi-10.3-2021.10/bin/../lib/gcc/arm-none-eabi/10.3.1/../../../../arm-none-eabi/lib/thumb/v7e-m+fp/hard/libg_nano.a(lib_a-ctype_.o)
                0x000000000800a6cc                _ctype_
 .rodata._setlocale_r.str1.1
                0x000000000800a7cd        0x8 /home/viktor/Downloads/AT32_IDE_V1.0.13_Linux-x86_64/AT32IDE_V1.0.13_Linux-X86_64/platform/tools/gcc-arm-none-eabi-10.3-2021.10/bin/../lib/gcc/arm-none-eabi/10.3.1/../../../../arm-none-eabi/lib/thumb/v7e-m+fp/hard/libg_nano.a(lib_a-locale.o)
                                          0x9 (size before relaxing)
 .rodata.str1.1
                0x000000000800a7d5        0x2 /home/viktor/Downloads/AT32_IDE_V1.0.13_Linux-x86_64/AT32IDE_V1.0.13_Linux-X86_64/platform/tools/gcc-arm-none-eabi-10.3-2021.10/bin/../lib/gcc/arm-none-eabi/10.3.1/../../../../arm-none-eabi/lib/thumb/v7e-m+fp/hard/libg_nano.a(lib_a-locale.o)
                0x000000000800a7d8                . = ALIGN (0x4)
 *fill*         0x000000000800a7d7        0x1 

.rel.dyn        0x000000000800a7d8        0x0
 .rel.iplt      0x000000000800a7d8        0x0 /home/viktor/Downloads/AT32_IDE_V1.0.13_Linux-x86_64/AT32IDE_V1.0.13_Linux-X86_64/platform/tools/gcc-arm-none-eabi-10.3-2021.10/bin/../lib/gcc/arm-none-eabi/10.3.1/thumb/v7e-m+fp/hard/crtbegin.o

.ARM.extab
 *(.ARM.extab* .gnu.linkonce.armextab.*)

.ARM            0x000000000800a7d8        0x0
                0x000000000800a7d8                __exidx_start = .
 *(.ARM.exidx*)
                0x000000000800a7d8                __exidx_end = .

.preinit_array  0x000000000800a7d8        0x0
                0x000000000800a7d8                PROVIDE (__preinit_array_start = .)
 *(.preinit_array*)
                0x000000000800a7d8                PROVIDE (__preinit_array_end = .)

.init_array     0x000000000800a7d8        0x4
                0x000000000800a7d8                PROVIDE (__init_array_start = .)
 *(SORT_BY_NAME(.init_array.*))
 *(.init_array*)
 .init_array    0x000000000800a7d8        0x4 /home/viktor/Downloads/AT32_IDE_V1.0.13_Linux-x86_64/AT32IDE_V1.0.13_Linux-X86_64/platform/tools/gcc-arm-none-eabi-10.3-2021.10/bin/../lib/gcc/arm-none-eabi/10.3.1/thumb/v7e-m+fp/hard/crtbegin.o
                0x000000000800a7dc                PROVIDE (__init_array_end = .)

.fini_array     0x000000000800a7dc        0x4
                [!provide]                        PROVIDE (__fini_array_start = .)
 *(SORT_BY_NAME(.fini_array.*))
 *(.fini_array*)
 .fini_array    0x000000000800a7dc        0x4 /home/viktor/Downloads/AT32_IDE_V1.0.13_Linux-x86_64/AT32IDE_V1.0.13_Linux-X86_64/platform/tools/gcc-arm-none-eabi-10.3-2021.10/bin/../lib/gcc/arm-none-eabi/10.3.1/thumb/v7e-m+fp/hard/crtbegin.o
                [!provide]                        PROVIDE (__fini_array_end = .)
                0x000000000800a7e0                _sidata = LOADADDR (.data)

.data           0x0000000020000000      0x57c load address 0x000000000800a7e0
                0x0000000020000000                . = ALIGN (0x4)
                0x0000000020000000                _sdata = .
 *(.data)
 .data          0x0000000020000000      0x384 ./user/main.o
                0x0000000020000000                sample_select
                0x0000000020000020                ADSR_settings
                0x0000000020000030                ADSR_sustain
                0x0000000020000034                ADSR_counter_position
                0x000000002000003c                CNT_list_selected
                0x000000002000005c                temp_data
                0x0000000020000160                total_samples
                0x0000000020000164                release_start
                0x000000002000016c                output_gain
                0x0000000020000170                output_gain2
                0x0000000020000174                side_gain
                0x0000000020000178                multi
                0x000000002000017c                all_settings
                0x000000002000027c                one_shot_playback_rate
                0x0000000020000280                lfo1_depth
                0x0000000020000282                lfo1_rate
                0x0000000020000284                sine_wave
 .data          0x0000000020000384        0x4 ./cmsis/system_at32f403a_407.o
                0x0000000020000384                system_core_clock
 .data          0x0000000020000388       0x21 ./bsp/at32f403a_407_board.o
                0x0000000020000388                led_gpio_port
                0x0000000020000394                led_gpio_pin
                0x000000002000039c                led_gpio_crm_clk
 *(.data*)
 *fill*         0x00000000200003a9        0x3 
 .data._impure_ptr
                0x00000000200003ac        0x4 /home/viktor/Downloads/AT32_IDE_V1.0.13_Linux-x86_64/AT32IDE_V1.0.13_Linux-X86_64/platform/tools/gcc-arm-none-eabi-10.3-2021.10/bin/../lib/gcc/arm-none-eabi/10.3.1/../../../../arm-none-eabi/lib/thumb/v7e-m+fp/hard/libg_nano.a(lib_a-impure.o)
                0x00000000200003ac                _impure_ptr
 .data.impure_data
                0x00000000200003b0       0x60 /home/viktor/Downloads/AT32_IDE_V1.0.13_Linux-x86_64/AT32IDE_V1.0.13_Linux-X86_64/platform/tools/gcc-arm-none-eabi-10.3-2021.10/bin/../lib/gcc/arm-none-eabi/10.3.1/../../../../arm-none-eabi/lib/thumb/v7e-m+fp/hard/libg_nano.a(lib_a-impure.o)
 .data.__global_locale
                0x0000000020000410      0x16c /home/viktor/Downloads/AT32_IDE_V1.0.13_Linux-x86_64/AT32IDE_V1.0.13_Linux-X86_64/platform/tools/gcc-arm-none-eabi-10.3-2021.10/bin/../lib/gcc/arm-none-eabi/10.3.1/../../../../arm-none-eabi/lib/thumb/v7e-m+fp/hard/libg_nano.a(lib_a-locale.o)
                0x0000000020000410                __global_locale
                0x000000002000057c                . = ALIGN (0x4)
                0x000000002000057c                _edata = .
                0x0000000008400000                _spim_init_base = LOADADDR (.spim)
                0x0000000000000000                _spim_init_length = SIZEOF (.spim)

.igot.plt       0x000000002000057c        0x0 load address 0x000000000800ad5c