Archive member included to satisfy reference by file (symbol)

/home/viktor/Downloads/AT32IDE_V1.0.14_Linux-X86_64/platform/tools/gcc-arm-none-eabi-10.3-2021.10/bin/../lib/gcc/arm-none-eabi/10.3.1/../../../../arm-none-eabi/lib/thumb/v7e-m+fp/hard/libm.a(lib_a-s_round.o)
                              ./user/main.o (round)
/home/viktor/Downloads/AT32IDE_V1.0.14_Linux-X86_64/platform/tools/gcc-arm-none-eabi-10.3-2021.10/bin/../lib/gcc/arm-none-eabi/10.3.1/../../../../arm-none-eabi/lib/thumb/v7e-m+fp/hard/libm.a(lib_a-w_pow.o)
                              ./user/main.o (pow)
/home/viktor/Downloads/AT32IDE_V1.0.14_Linux-X86_64/platform/tools/gcc-arm-none-eabi-10.3-2021.10/bin/../lib/gcc/arm-none-eabi/10.3.1/../../../../arm-none-eabi/lib/thumb/v7e-m+fp/hard/libm.a(lib_a-e_pow.o)
                              /home/viktor/Downloads/AT32IDE_V1.0.14_Linux-X86_64/platform/tools/gcc-arm-none-eabi-10.3-2021.10/bin/../lib/gcc/arm-none-eabi/10.3.1/../../../../arm-none-eabi/lib/thumb/v7e-m+fp/hard/libm.a(lib_a-w_pow.o) (__ieee754_pow)
/home/viktor/Downloads/AT32IDE_V1.0.14_Linux-X86_64/platform/tools/gcc-arm-none-eabi-10.3-2021.10/bin/../lib/gcc/arm-none-eabi/10.3.1/../../../../arm-none-eabi/lib/thumb/v7e-m+fp/hard/libm.a(lib_a-e_sqrt.o)
                              /home/viktor/Downloads/AT32IDE_V1.0.14_Linux-X86_64/platform/tools/gcc-arm-none-eabi-10.3-2021.10/bin/../lib/gcc/arm-none-eabi/10.3.1/../../../../arm-none-eabi/lib/thumb/v7e-m+fp/hard/libm.a(lib_a-e_pow.o) (__ieee754_sqrt)
/home/viktor/Downloads/AT32IDE_V1.0.14_Linux-X86_64/platform/tools/gcc-arm-none-eabi-10.3-2021.10/bin/../lib/gcc/arm-none-eabi/10.3.1/../../../../arm-none-eabi/lib/thumb/v7e-m+fp/hard/libm.a(lib_a-math_err.o)
                              /home/viktor/Downloads/AT32IDE_V1.0.14_Linux-X86_64/platform/tools/gcc-arm-none-eabi-10.3-2021.10/bin/../lib/gcc/arm-none-eabi/10.3.1/../../../../arm-none-eabi/lib/thumb/v7e-m+fp/hard/libm.a(lib_a-e_pow.o) (__math_uflow)
/home/viktor/Downloads/AT32IDE_V1.0.14_Linux-X86_64/platform/tools/gcc-arm-none-eabi-10.3-2021.10/bin/../lib/gcc/arm-none-eabi/10.3.1/../../../../arm-none-eabi/lib/thumb/v7e-m+fp/hard/libm.a(lib_a-s_fabs.o)
                              /home/viktor/Downloads/AT32IDE_V1.0.14_Linux-X86_64/platform/tools/gcc-arm-none-eabi-10.3-2021.10/bin/../lib/gcc/arm-none-eabi/10.3.1/../../../../arm-none-eabi/lib/thumb/v7e-m+fp/hard/libm.a(lib_a-e_pow.o) (fabs)
/home/viktor/Downloads/AT32IDE_V1.0.14_Linux-X86_64/platform/tools/gcc-arm-none-eabi-10.3-2021.10/bin/../lib/gcc/arm-none-eabi/10.3.1/../../../../arm-none-eabi/lib/thumb/v7e-m+fp/hard/libm.a(lib_a-s_finite.o)
                              /home/viktor/Downloads/AT32IDE_V1.0.14_Linux-X86_64/platform/tools/gcc-arm-none-eabi-10.3-2021.10/bin/../lib/gcc/arm-none-eabi/10.3.1/../../../../arm-none-eabi/lib/thumb/v7e-m+fp/hard/libm.a(lib_a-w_pow.o) (finite)
/home/viktor/Downloads/AT32IDE_V1.0.14_Linux-X86_64/platform/tools/gcc-arm-none-eabi-10.3-2021.10/bin/../lib/gcc/arm-none-eabi/10.3.1/../../../../arm-none-eabi/lib/thumb/v7e-m+fp/hard/libm.a(lib_a-s_scalbn.o)
                              /home/viktor/Downloads/AT32IDE_V1.0.14_Linux-X86_64/platform/tools/gcc-arm-none-eabi-10.3-2021.10/bin/../lib/gcc/arm-none-eabi/10.3.1/../../../../arm-none-eabi/lib/thumb/v7e-m+fp/hard/libm.a(lib_a-e_pow.o) (scalbn)
/home/viktor/Downloads/AT32IDE_V1.0.14_Linux-X86_64/platform/tools/gcc-arm-none-eabi-10.3-2021.10/bin/../lib/gcc/arm-none-eabi/10.3.1/thumb/v7e-m+fp/hard/libgcc.a(_arm_muldf3.o)
                              ./user/main.o (__aeabi_dmul)
/home/viktor/Downloads/AT32IDE_V1.0.14_Linux-X86_64/platform/tools/gcc-arm-none-eabi-10.3-2021.10/bin/../lib/gcc/arm-none-eabi/10.3.1/thumb/v7e-m+fp/hard/libgcc.a(_arm_addsubdf3.o)
                              /home/viktor/Downloads/AT32IDE_V1.0.14_Linux-X86_64/platform/tools/gcc-arm-none-eabi-10.3-2021.10/bin/../lib/gcc/arm-none-eabi/10.3.1/../../../../arm-none-eabi/lib/thumb/v7e-m+fp/hard/libm.a(lib_a-e_pow.o) (__aeabi_dsub)
/home/viktor/Downloads/AT32IDE_V1.0.14_Linux-X86_64/platform/tools/gcc-arm-none-eabi-10.3-2021.10/bin/../lib/gcc/arm-none-eabi/10.3.1/thumb/v7e-m+fp/hard/libgcc.a(_arm_muldivdf3.o)
                              ./user/main.o (__aeabi_ddiv)
/home/viktor/Downloads/AT32IDE_V1.0.14_Linux-X86_64/platform/tools/gcc-arm-none-eabi-10.3-2021.10/bin/../lib/gcc/arm-none-eabi/10.3.1/thumb/v7e-m+fp/hard/libgcc.a(_arm_cmpdf2.o)
                              /home/viktor/Downloads/AT32IDE_V1.0.14_Linux-X86_64/platform/tools/gcc-arm-none-eabi-10.3-2021.10/bin/../lib/gcc/arm-none-eabi/10.3.1/../../../../arm-none-eabi/lib/thumb/v7e-m+fp/hard/libm.a(lib_a-w_pow.o) (__aeabi_dcmpeq)
/home/viktor/Downloads/AT32IDE_V1.0.14_Linux-X86_64/platform/tools/gcc-arm-none-eabi-10.3-2021.10/bin/../lib/gcc/arm-none-eabi/10.3.1/thumb/v7e-m+fp/hard/libgcc.a(_arm_unorddf2.o)
[...]
Memory Configuration

Name             Origin             Length             Attributes
FLASH            0x0000000008000000 0x00000000000e0000 xr
RAM              0x0000000020000000 0x0000000000018000 xrw
SPIM             0x0000000008400000 0x0000000001000000 xr
DATA_SECTION     0x00000000080e0000 0x0000000000020000 rw
*default*        0x0000000000000000 0xffffffffffffffff

Linker script and memory map

LOAD /home/viktor/Downloads/AT32IDE_V1.0.14_Linux-X86_64/platform/tools/gcc-arm-none-eabi-10.3-2021.10/bin/../lib/gcc/arm-none-eabi/10.3.1/thumb/v7e-m+fp/hard/crti.o
LOAD /home/viktor/Downloads/AT32IDE_V1.0.14_Linux-X86_64/platform/tools/gcc-arm-none-eabi-10.3-2021.10/bin/../lib/gcc/arm-none-eabi/10.3.1/thumb/v7e-m+fp/hard/crtbegin.o
LOAD /home/viktor/Downloads/AT32IDE_V1.0.14_Linux-X86_64/platform/tools/gcc-arm-none-eabi-10.3-2021.10/bin/../lib/gcc/arm-none-eabi/10.3.1/../../../../arm-none-eabi/lib/thumb/v7e-m+fp/hard/crt0.o
LOAD /home/viktor/Downloads/AT32IDE_V1.0.14_Linux-X86_64/platform/tools/gcc-arm-none-eabi-10.3-2021.10/bin/../lib/gcc/arm-none-eabi/10.3.1/../../../../arm-none-eabi/lib/thumb/v7e-m+fp/hard/libm.a
LOAD ./user/at32f403a_407_clock.o
LOAD ./user/at32f403a_407_int.o
LOAD ./user/main.o
LOAD ./user/sampler_loader.o
LOAD ./user/systick.o
LOAD ./include/i2c_application.o
LOAD ./firmware/at32f403a_407_acc.o
LOAD ./firmware/at32f403a_407_adc.o
LOAD ./firmware/at32f403a_407_bpr.o
LOAD ./firmware/at32f403a_407_can.o
LOAD ./firmware/at32f403a_407_crc.o
LOAD ./firmware/at32f403a_407_crm.o
LOAD ./firmware/at32f403a_407_dac.o
LOAD ./firmware/at32f403a_407_debug.o
LOAD ./firmware/at32f403a_407_dma.o
LOAD ./firmware/at32f403a_407_emac.o
LOAD ./firmware/at32f403a_407_exint.o
LOAD ./firmware/at32f403a_407_flash.o
LOAD ./firmware/at32f403a_407_gpio.o
LOAD ./firmware/at32f403a_407_i2c.o
LOAD ./firmware/at32f403a_407_misc.o
LOAD ./firmware/at32f403a_407_pwc.o
LOAD ./firmware/at32f403a_407_rtc.o
LOAD ./firmware/at32f403a_407_sdio.o
LOAD ./firmware/at32f403a_407_spi.o
LOAD ./firmware/at32f403a_407_tmr.o
LOAD ./firmware/at32f403a_407_usart.o
LOAD ./firmware/at32f403a_407_usb.o
LOAD ./firmware/at32f403a_407_wdt.o
LOAD ./firmware/at32f403a_407_wwdt.o
LOAD ./firmware/at32f403a_407_xmc.o
LOAD ./cmsis/startup_at32f403a_407.o
LOAD ./cmsis/system_at32f403a_407.o
LOAD ./bsp/at32f403a_407_board.o
LOAD /home/viktor/Downloads/AT32IDE_V1.0.14_Linux-X86_64/platform/tools/gcc-arm-none-eabi-10.3-2021.10/bin/../lib/gcc/arm-none-eabi/10.3.1/../../../../arm-none-eabi/lib/thumb/v7e-m+fp/hard/libm.a
START GROUP
LOAD /home/viktor/Downloads/AT32IDE_V1.0.14_Linux-X86_64/platform/tools/gcc-arm-none-eabi-10.3-2021.10/bin/../lib/gcc/arm-none-eabi/10.3.1/thumb/v7e-m+fp/hard/libgcc.a
LOAD /home/viktor/Downloads/AT32IDE_V1.0.14_Linux-X86_64/platform/tools/gcc-arm-none-eabi-10.3-2021.10/bin/../lib/gcc/arm-none-eabi/10.3.1/../../../../arm-none-eabi/lib/thumb/v7e-m+fp/hard/libg_nano.a
LOAD /home/viktor/Downloads/AT32IDE_V1.0.14_Linux-X86_64/platform/tools/gcc-arm-none-eabi-10.3-2021.10/bin/../lib/gcc/arm-none-eabi/10.3.1/../../../../arm-none-eabi/lib/thumb/v7e-m+fp/hard/libc_nano.a
END GROUP
START GROUP
LOAD /home/viktor/Downloads/AT32IDE_V1.0.14_Linux-X86_64/platform/tools/gcc-arm-none-eabi-10.3-2021.10/bin/../lib/gcc/arm-none-eabi/10.3.1/thumb/v7e-m+fp/hard/libgcc.a
LOAD /home/viktor/Downloads/AT32IDE_V1.0.14_Linux-X86_64/platform/tools/gcc-arm-none-eabi-10.3-2021.10/bin/../lib/gcc/arm-none-eabi/10.3.1/../../../../arm-none-eabi/lib/thumb/v7e-m+fp/hard/libc_nano.a
LOAD /home/viktor/Downloads/AT32IDE_V1.0.14_Linux-X86_64/platform/tools/gcc-arm-none-eabi-10.3-2021.10/bin/../lib/gcc/arm-none-eabi/10.3.1/../../../../arm-none-eabi/lib/thumb/v7e-m+fp/hard/libnosys.a
END GROUP
START GROUP
LOAD /home/viktor/Downloads/AT32IDE_V1.0.14_Linux-X86_64/platform/tools/gcc-arm-none-eabi-10.3-2021.10/bin/../lib/gcc/arm-none-eabi/10.3.1/thumb/v7e-m+fp/hard/libgcc.a
LOAD /home/viktor/Downloads/AT32IDE_V1.0.14_Linux-X86_64/platform/tools/gcc-arm-none-eabi-10.3-2021.10/bin/../lib/gcc/arm-none-eabi/10.3.1/../../../../arm-none-eabi/lib/thumb/v7e-m+fp/hard/libc_nano.a
LOAD /home/viktor/Downloads/AT32IDE_V1.0.14_Linux-X86_64/platform/tools/gcc-arm-none-eabi-10.3-2021.10/bin/../lib/gcc/arm-none-eabi/10.3.1/../../../../arm-none-eabi/lib/thumb/v7e-m+fp/hard/libnosys.a
END GROUP
LOAD /home/viktor/Downloads/AT32IDE_V1.0.14_Linux-X86_64/platform/tools/gcc-arm-none-eabi-10.3-2021.10/bin/../lib/gcc/arm-none-eabi/10.3.1/thumb/v7e-m+fp/hard/crtend.o
LOAD /home/viktor/Downloads/AT32IDE_V1.0.14_Linux-X86_64/platform/tools/gcc-arm-none-eabi-10.3-2021.10/bin/../lib/gcc/arm-none-eabi/10.3.1/thumb/v7e-m+fp/hard/crtn.o
                0x0000000020018000                _estack = 0x20018000
                0x0000000000000200                _Min_Heap_Size = 0x200
                0x0000000000000400                _Min_Stack_Size = 0x400

.isr_vector     0x0000000008000000      0x184
                0x0000000008000000                . = ALIGN (0x4)
 *(.isr_vector)
 .isr_vector    0x0000000008000000      0x184 ./cmsis/startup_at32f403a_407.o
                0x0000000008000000                g_pfnVectors
                0x0000000008000184                . = ALIGN (0x4)

.text           0x0000000008000190     0xb3d4
                0x0000000008000190                . = ALIGN (0x4)
 *(.text)
 .text          0x0000000008000190       0x40 /home/viktor/Downloads/AT32IDE_V1.0.14_Linux-X86_64/platform/tools/gcc-arm-none-eabi-10.3-2021.10/bin/../lib/gcc/arm-none-eabi/10.3.1/thumb/v7e-m+fp/hard/crtbegin.o
 .text          0x00000000080001d0      0x378 /home/viktor/Downloads/AT32IDE_V1.0.14_Linux-X86_64/platform/tools/gcc-arm-none-eabi-10.3-2021.10/bin/../lib/gcc/arm-none-eabi/10.3.1/thumb/v7e-m+fp/hard/libgcc.a(_arm_addsubdf3.o)
                0x00000000080001d0                __aeabi_drsub
                0x00000000080001d8                __aeabi_dsub
                0x00000000080001d8                __subdf3
                0x00000000080001dc                __adddf3
                0x00000000080001dc                __aeabi_dadd
                0x0000000008000454                __aeabi_ui2d
                0x0000000008000454                __floatunsidf
                0x0000000008000474                __floatsidf
                0x0000000008000474                __aeabi_i2d
                0x0000000008000498                __extendsfdf2
                0x0000000008000498                __aeabi_f2d
                0x00000000080004dc                __aeabi_ul2d
                0x00000000080004dc                __floatundidf
                0x00000000080004ec                __floatdidf
                0x00000000080004ec                __aeabi_l2d
 .text          0x0000000008000548      0x424 /home/viktor/Downloads/AT32IDE_V1.0.14_Linux-X86_64/platform/tools/gcc-arm-none-eabi-10.3-2021.10/bin/../lib/gcc/arm-none-eabi/10.3.1/thumb/v7e-m+fp/hard/libgcc.a(_arm_muldivdf3.o)
                0x0000000008000548                __aeabi_dmul
                0x0000000008000548                __muldf3
                0x000000000800079c                __aeabi_ddiv
                0x000000000800079c                __divdf3
 .text          0x000000000800096c      0x110 /home/viktor/Downloads/AT32IDE_V1.0.14_Linux-X86_64/platform/tools/gcc-arm-none-eabi-10.3-2021.10/bin/../lib/gcc/arm-none-eabi/10.3.1/thumb/v7e-m+fp/hard/libgcc.a(_arm_cmpdf2.o)
                0x000000000800096c                __gtdf2
                0x000000000800096c                __gedf2
                0x0000000008000974                __ltdf2
                0x0000000008000974                __ledf2
                0x000000000800097c                __cmpdf2
                0x000000000800097c                __eqdf2
                0x000000000800097c                __nedf2
                0x00000000080009f8                __aeabi_cdrcmple
                0x0000000008000a08                __aeabi_cdcmple
                0x0000000008000a08                __aeabi_cdcmpeq
                0x0000000008000a18                __aeabi_dcmpeq
                0x0000000008000a2c                __aeabi_dcmplt
                0x0000000008000a40                __aeabi_dcmple
                0x0000000008000a54                __aeabi_dcmpge
                0x0000000008000a68                __aeabi_dcmpgt
 .text          0x0000000008000a7c       0x2c /home/viktor/Downloads/AT32IDE_V1.0.14_Linux-X86_64/platform/tools/gcc-arm-none-eabi-10.3-2021.10/bin/../lib/gcc/arm-none-eabi/10.3.1/thumb/v7e-m+fp/hard/libgcc.a(_arm_unorddf2.o)
                0x0000000008000a7c                __aeabi_dcmpun
                0x0000000008000a7c                __unorddf2
 .text          0x0000000008000aa8       0x40 /home/viktor/Downloads/AT32IDE_V1.0.14_Linux-X86_64/platform/tools/gcc-arm-none-eabi-10.3-2021.10/bin/../lib/gcc/arm-none-eabi/10.3.1/thumb/v7e-m+fp/hard/libgcc.a(_arm_fixunsdfsi.o)
                0x0000000008000aa8                __fixunsdfsi
                0x0000000008000aa8                __aeabi_d2uiz
 .text          0x0000000008000ae8       0xa0 /home/viktor/Downloads/AT32IDE_V1.0.14_Linux-X86_64/platform/tools/gcc-arm-none-eabi-10.3-2021.10/bin/../lib/gcc/arm-none-eabi/10.3.1/thumb/v7e-m+fp/hard/libgcc.a(_arm_truncdfsf2.o)
                0x0000000008000ae8                __aeabi_d2f
                0x0000000008000ae8                __truncdfsf2
 .text          0x0000000008000b88       0x10 /home/viktor/Downloads/AT32IDE_V1.0.14_Linux-X86_64/platform/tools/gcc-arm-none-eabi-10.3-2021.10/bin/../lib/gcc/arm-none-eabi/10.3.1/../../../../arm-none-eabi/lib/thumb/v7e-m+fp/hard/libg_nano.a(lib_a-strlen.o)
                0x0000000008000b88                strlen
 *fill*         0x0000000008000b98        0x8 
 .text          0x0000000008000ba0       0xa0 /home/viktor/Downloads/AT32IDE_V1.0.14_Linux-X86_64/platform/tools/gcc-arm-none-eabi-10.3-2021.10/bin/../lib/gcc/arm-none-eabi/10.3.1/../../../../arm-none-eabi/lib/thumb/v7e-m+fp/hard/libg_nano.a(lib_a-memchr.o)
                0x0000000008000ba0                memchr
 .text          0x0000000008000c40       0x50 /home/viktor/Downloads/AT32IDE_V1.0.14_Linux-X86_64/platform/tools/gcc-arm-none-eabi-10.3-2021.10/bin/../lib/gcc/arm-none-eabi/10.3.1/thumb/v7e-m+fp/hard/libgcc.a(_arm_fixdfsi.o)
                0x0000000008000c40                __fixdfsi
                0x0000000008000c40                __aeabi_d2iz
 *(.text*)
 .text.wait_stbl
                0x0000000008000c90       0x2a ./user/at32f403a_407_clock.o
 .text.system_clock_config
                0x0000000008000cba       0x8c ./user/at32f403a_407_clock.o
                0x0000000008000cba                system_clock_config
 .text.NMI_Handler
                0x0000000008000d46        0xe ./user/at32f403a_407_int.o
                0x0000000008000d46                NMI_Handler
 .text.HardFault_Handler
                0x0000000008000d54        0x6 ./user/at32f403a_407_int.o
                0x0000000008000d54                HardFault_Handler
 .text.MemManage_Handler
                0x0000000008000d5a        0x6 ./user/at32f403a_407_int.o
                0x0000000008000d5a                MemManage_Handler
 .text.BusFault_Handler
                0x0000000008000d60        0x6 ./user/at32f403a_407_int.o
                0x0000000008000d60                BusFault_Handler
 .text.UsageFault_Handler
                0x0000000008000d66        0x6 ./user/at32f403a_407_int.o
                0x0000000008000d66                UsageFault_Handler
 .text.SVC_Handler
                0x0000000008000d6c        0xe ./user/at32f403a_407_int.o
                0x0000000008000d6c                SVC_Handler
 .text.DebugMon_Handler
                0x0000000008000d7a        0xe ./user/at32f403a_407_int.o
                0x0000000008000d7a                DebugMon_Handler
 .text.PendSV_Handler
                0x0000000008000d88        0xe ./user/at32f403a_407_int.o
                0x0000000008000d88                PendSV_Handler
 *fill*         0x0000000008000d96        0x2 
 .text.SysTick_Handler
                0x0000000008000d98       0x1c ./user/at32f403a_407_int.o
                0x0000000008000d98                SysTick_Handler
 .text.sample_address_calculate
                0x0000000008000db4       0x54 ./user/main.o
                0x0000000008000db4                sample_address_calculate
 .text.midi_note_pwm_calculator
                0x0000000008000e08      0x11c ./user/main.o
                0x0000000008000e08                midi_note_pwm_calculator
 .text.envelopes_preprocess
                0x0000000008000f24      0x16c ./user/main.o
                0x0000000008000f24                envelopes_preprocess
 .text.waves    0x0000000008001090       0x7c ./user/main.o
                0x0000000008001090                waves
 .text.settings_storage
                0x000000000800110c      0x154 ./user/main.o
                0x000000000800110c                settings_storage
 .text.flash_settings_write
                0x0000000008001260       0x60 ./user/main.o
                0x0000000008001260                flash_settings_write
 .text.flash_counter_write
                0x00000000080012c0       0x50 ./user/main.o
                0x00000000080012c0                flash_counter_write
 .text.flash_counter_read
                0x0000000008001310       0x20 ./user/main.o
                0x0000000008001310                flash_counter_read
 .text.controller_process
                0x0000000008001330      0x2e4 ./user/main.o
                0x0000000008001330                controller_process
 .text.ram_page_read
                0x0000000008001614       0xfc ./user/main.o
                0x0000000008001614                ram_page_read
 .text.ram_page_write
                0x0000000008001710       0xe8 ./user/main.o
                0x0000000008001710                ram_page_write
 .text.spi4_polling_rx
                0x00000000080017f8       0xa4 ./user/main.o
                0x00000000080017f8                spi4_polling_rx
 .text.spi4_polling_tx
                0x000000000800189c       0x78 ./user/main.o
                0x000000000800189c                spi4_polling_tx
 .text.wk_dma_channel_config
                0x0000000008001914       0x2c ./user/main.o
                0x0000000008001914                wk_dma_channel_config
 .text.spi_message_process
                0x0000000008001940      0x198 ./user/main.o
                0x0000000008001940                spi_message_process
 .text.uart_receive_end
                0x0000000008001ad8      0x14c ./user/main.o
                0x0000000008001ad8                uart_receive_end
 .text.uart_receive_save
                0x0000000008001c24      0x130 ./user/main.o
                0x0000000008001c24                uart_receive_save
 .text.uart4_command_process
                0x0000000008001d54      0x1d4 ./user/main.o
                0x0000000008001d54                uart4_command_process
 .text.flash_to_ram_mirror
                0x0000000008001f28       0x78 ./user/main.o
                0x0000000008001f28                flash_to_ram_mirror
 .text.ram_to_flash_mirror
                0x0000000008001fa0      0x1e8 ./user/main.o
                0x0000000008001fa0                ram_to_flash_mirror
 .text.read_busy
                0x0000000008002188       0x74 ./user/main.o
                0x0000000008002188                read_busy
 .text.dac_config
                0x00000000080021fc      0x28c ./user/main.o
                0x00000000080021fc                dac_config
 .text.usart_config
                0x0000000008002488       0x84 ./user/main.o
                0x0000000008002488                usart_config
 .text.gpio_config
                0x000000000800250c       0x64 ./user/main.o
                0x000000000800250c                gpio_config
 .text.spi4_init
                0x0000000008002570      0x118 ./user/main.o
                0x0000000008002570                spi4_init
 .text.wk_dma1_channel2_init
                0x0000000008002688       0x78 ./user/main.o
                0x0000000008002688                wk_dma1_channel2_init
 .text.wk_dma1_channel3_init
                0x0000000008002700       0x78 ./user/main.o
                0x0000000008002700                wk_dma1_channel3_init
 .text.wk_usart3_init
                0x0000000008002778       0xd4 ./user/main.o
                0x0000000008002778                wk_usart3_init
 .text.wk_uart4_init
                0x000000000800284c       0xd4 ./user/main.o
                0x000000000800284c                wk_uart4_init
 .text.I2C3_ERR_IRQHandler
                0x0000000008002920       0x40 ./user/main.o
                0x0000000008002920                I2C3_ERR_IRQHandler
 .text.next_sample
                0x0000000008002960      0x524 ./user/main.o
                0x0000000008002960                next_sample
 .text.ADSR_TIM_writer
                0x0000000008002e84      0x144 ./user/main.o
                0x0000000008002e84                ADSR_TIM_writer
 .text.audio_gain_global
                0x0000000008002fc8       0x64 ./user/main.o
                0x0000000008002fc8                audio_gain_global
 .text.delay_calc
                0x000000000800302c       0x64 ./user/main.o
                0x000000000800302c                delay_calc
 .text.resample_linear
                0x0000000008003090       0x5c ./user/main.o
 .text.lfo_out  0x00000000080030ec       0x80 ./user/main.o
                0x00000000080030ec                lfo_out
 .text.note_fifo
                0x000000000800316c       0x98 ./user/main.o
                0x000000000800316c                note_fifo
 .text.midi_fifo
                0x0000000008003204       0xec ./user/main.o
                0x0000000008003204                midi_fifo
 .text.program_change
                0x00000000080032f0      0x100 ./user/main.o
                0x00000000080032f0                program_change
 .text.control_change
                0x00000000080033f0      0x230 ./user/main.o
                0x00000000080033f0                control_change
 .text.midi_incoming
                0x0000000008003620      0x370 ./user/main.o
                0x0000000008003620                midi_incoming
 .text.note_process
                0x0000000008003990      0x178 ./user/main.o
                0x0000000008003990                note_process
 .text.oneshot_sequencer
                0x0000000008003b08      0x27c ./user/main.o
                0x0000000008003b08                oneshot_sequencer
 .text.main     0x0000000008003d84      0xac8 ./user/main.o
                0x0000000008003d84                main
 .text.USART2_IRQHandler
                0x000000000800484c       0x98 ./user/main.o
                0x000000000800484c                USART2_IRQHandler
 .text.UART4_IRQHandler
                0x00000000080048e4       0xcc ./user/main.o
                0x00000000080048e4                UART4_IRQHandler
 .text.TMR7_GLOBAL_IRQHandler
                0x00000000080049b0       0x24 ./user/main.o
                0x00000000080049b0                TMR7_GLOBAL_IRQHandler
 .text.DMA1_Channel1_IRQHandler
                0x00000000080049d4       0x40 ./user/main.o
                0x00000000080049d4                DMA1_Channel1_IRQHandler
 .text.DMA1_Channel2_IRQHandler
                0x0000000008004a14       0x6c ./user/main.o
                0x0000000008004a14                DMA1_Channel2_IRQHandler
 .text.DMA1_Channel3_IRQHandler
                0x0000000008004a80       0x44 ./user/main.o
                0x0000000008004a80                DMA1_Channel3_IRQHandler
 .text.USART3_IRQHandler
                0x0000000008004ac4       0x70 ./user/main.o
                0x0000000008004ac4                USART3_IRQHandler
 .text.crm_reset
                0x0000000008004b34       0x6c ./firmware/at32f403a_407_crm.o
                0x0000000008004b34                crm_reset
 .text.crm_flag_get
                0x0000000008004ba0       0x50 ./firmware/at32f403a_407_crm.o
                0x0000000008004ba0                crm_flag_get
 .text.crm_hext_stable_wait
                0x0000000008004bf0       0x4a ./firmware/at32f403a_407_crm.o
                0x0000000008004bf0                crm_hext_stable_wait
 .text.crm_periph_clock_enable
                0x0000000008004c3a       0x7c ./firmware/at32f403a_407_crm.o
                0x0000000008004c3a                crm_periph_clock_enable
 *fill*         0x0000000008004cb6        0x2 
 .text.crm_clock_source_enable
                0x0000000008004cb8       0xa8 ./firmware/at32f403a_407_crm.o
                0x0000000008004cb8                crm_clock_source_enable
 .text.crm_ahb_div_set
                0x0000000008004d60       0x2c ./firmware/at32f403a_407_crm.o
                0x0000000008004d60                crm_ahb_div_set
 .text.crm_apb1_div_set
                0x0000000008004d8c       0x2c ./firmware/at32f403a_407_crm.o
                0x0000000008004d8c                crm_apb1_div_set
 .text.crm_apb2_div_set
                0x0000000008004db8       0x2c ./firmware/at32f403a_407_crm.o
                0x0000000008004db8                crm_apb2_div_set
 .text.crm_pll_config
                0x0000000008004de4       0x9c ./firmware/at32f403a_407_crm.o
                0x0000000008004de4                crm_pll_config
 .text.crm_sysclk_switch
                0x0000000008004e80       0x54 ./firmware/at32f403a_407_crm.o
                0x0000000008004e80                crm_sysclk_switch
 .text.crm_sysclk_switch_status_get
                0x0000000008004ed4       0x1c ./firmware/at32f403a_407_crm.o
                0x0000000008004ed4                crm_sysclk_switch_status_get
 .text.crm_clocks_freq_get
                0x0000000008004ef0      0x1d4 ./firmware/at32f403a_407_crm.o
                0x0000000008004ef0                crm_clocks_freq_get
 .text.dac_enable
                0x00000000080050c4       0x54 ./firmware/at32f403a_407_dac.o
                0x00000000080050c4                dac_enable
 .text.dac_output_buffer_enable
                0x0000000008005118       0x64 ./firmware/at32f403a_407_dac.o
                0x0000000008005118                dac_output_buffer_enable
 .text.dac_trigger_enable
                0x000000000800517c       0x54 ./firmware/at32f403a_407_dac.o
                0x000000000800517c                dac_trigger_enable
 .text.dac_trigger_select
                0x00000000080051d0       0x54 ./firmware/at32f403a_407_dac.o
                0x00000000080051d0                dac_trigger_select
 .text.dac_wave_generate
                0x0000000008005224       0x54 ./firmware/at32f403a_407_dac.o
                0x0000000008005224                dac_wave_generate
 .text.dac_dma_enable
                0x0000000008005278       0x54 ./firmware/at32f403a_407_dac.o
                0x0000000008005278                dac_dma_enable
 .text.dma_reset
                0x00000000080052cc       0xac ./firmware/at32f403a_407_dma.o
                0x00000000080052cc                dma_reset
 .text.dma_interrupt_enable
                0x0000000008005378       0x3c ./firmware/at32f403a_407_dma.o
                0x0000000008005378                dma_interrupt_enable
 .text.dma_channel_enable
                0x00000000080053b4       0x2a ./firmware/at32f403a_407_dma.o
                0x00000000080053b4                dma_channel_enable
 .text.dma_flexible_config
                0x00000000080053de       0xe0 ./firmware/at32f403a_407_dma.o
                0x00000000080053de                dma_flexible_config
 *fill*         0x00000000080054be        0x2 
 .text.dma_interrupt_flag_get
                0x00000000080054c0       0x50 ./firmware/at32f403a_407_dma.o
                0x00000000080054c0                dma_interrupt_flag_get
 .text.dma_flag_clear
                0x0000000008005510       0x38 ./firmware/at32f403a_407_dma.o
                0x0000000008005510                dma_flag_clear
 .text.dma_default_para_init
                0x0000000008005548       0x50 ./firmware/at32f403a_407_dma.o
                0x0000000008005548                dma_default_para_init
 .text.dma_init
                0x0000000008005598       0xc4 ./firmware/at32f403a_407_dma.o
                0x0000000008005598                dma_init
 .text.flash_operation_status_get
                0x000000000800565c       0x5c ./firmware/at32f403a_407_flash.o
                0x000000000800565c                flash_operation_status_get
 .text.flash_bank1_operation_status_get
                0x00000000080056b8       0x5c ./firmware/at32f403a_407_flash.o
                0x00000000080056b8                flash_bank1_operation_status_get
 .text.flash_bank2_operation_status_get
                0x0000000008005714       0x5c ./firmware/at32f403a_407_flash.o
                0x0000000008005714                flash_bank2_operation_status_get
 .text.flash_spim_operation_status_get
                0x0000000008005770       0x64 ./firmware/at32f403a_407_flash.o
                0x0000000008005770                flash_spim_operation_status_get
 .text.flash_operation_wait_for
                0x00000000080057d4       0x44 ./firmware/at32f403a_407_flash.o
                0x00000000080057d4                flash_operation_wait_for
 .text.flash_bank1_operation_wait_for
                0x0000000008005818       0x44 ./firmware/at32f403a_407_flash.o
                0x0000000008005818                flash_bank1_operation_wait_for
 .text.flash_bank2_operation_wait_for
                0x000000000800585c       0x44 ./firmware/at32f403a_407_flash.o
                0x000000000800585c                flash_bank2_operation_wait_for
 .text.flash_spim_operation_wait_for
                0x00000000080058a0       0x44 ./firmware/at32f403a_407_flash.o
                0x00000000080058a0                flash_spim_operation_wait_for
 .text.flash_unlock
                0x00000000080058e4       0x34 ./firmware/at32f403a_407_flash.o
                0x00000000080058e4                flash_unlock
 .text.flash_sector_erase
                0x0000000008005918       0xec ./firmware/at32f403a_407_flash.o
                0x0000000008005918                flash_sector_erase
 .text.flash_byte_program
                0x0000000008005a04       0x90 ./firmware/at32f403a_407_flash.o
                0x0000000008005a04                flash_byte_program
 .text.flash_spim_dummy_read
                0x0000000008005a94       0x24 ./firmware/at32f403a_407_flash.o
                0x0000000008005a94                flash_spim_dummy_read
 .text.gpio_init
                0x0000000008005ab8      0x138 ./firmware/at32f403a_407_gpio.o
                0x0000000008005ab8                gpio_init
 .text.gpio_default_para_init
                0x0000000008005bf0       0x34 ./firmware/at32f403a_407_gpio.o
                0x0000000008005bf0                gpio_default_para_init
 .text.gpio_pin_remap_config
                0x0000000008005c24       0x98 ./firmware/at32f403a_407_gpio.o
                0x0000000008005c24                gpio_pin_remap_config
 .text.i2c_flag_get
                0x0000000008005cbc       0x56 ./firmware/at32f403a_407_i2c.o
                0x0000000008005cbc                i2c_flag_get
 .text.i2c_flag_clear
                0x0000000008005d12       0x58 ./firmware/at32f403a_407_i2c.o
                0x0000000008005d12                i2c_flag_clear
 *fill*         0x0000000008005d6a        0x2 
 .text.__NVIC_SetPriorityGrouping
                0x0000000008005d6c       0x48 ./firmware/at32f403a_407_misc.o
 .text.__NVIC_GetPriorityGrouping
                0x0000000008005db4       0x1c ./firmware/at32f403a_407_misc.o
 .text.__NVIC_EnableIRQ
                0x0000000008005dd0       0x3c ./firmware/at32f403a_407_misc.o
 .text.__NVIC_SetPriority
                0x0000000008005e0c       0x54 ./firmware/at32f403a_407_misc.o
 .text.NVIC_EncodePriority
                0x0000000008005e60       0x66 ./firmware/at32f403a_407_misc.o
 .text.nvic_irq_enable
                0x0000000008005ec6       0x42 ./firmware/at32f403a_407_misc.o
                0x0000000008005ec6                nvic_irq_enable
 .text.nvic_priority_group_config
                0x0000000008005f08       0x1a ./firmware/at32f403a_407_misc.o
                0x0000000008005f08                nvic_priority_group_config
 *fill*         0x0000000008005f22        0x2 
 .text.systick_clock_source_config
                0x0000000008005f24       0x3c ./firmware/at32f403a_407_misc.o
                0x0000000008005f24                systick_clock_source_config
 .text.spi_default_para_init
                0x0000000008005f60       0x44 ./firmware/at32f403a_407_spi.o
                0x0000000008005f60                spi_default_para_init
 .text.spi_init
                0x0000000008005fa4      0x1a2 ./firmware/at32f403a_407_spi.o
                0x0000000008005fa4                spi_init
 .text.spi_enable
                0x0000000008006146       0x2a ./firmware/at32f403a_407_spi.o
                0x0000000008006146                spi_enable
 .text.spi_i2s_dma_transmitter_enable
                0x0000000008006170       0x2a ./firmware/at32f403a_407_spi.o
                0x0000000008006170                spi_i2s_dma_transmitter_enable
 .text.spi_i2s_dma_receiver_enable
                0x000000000800619a       0x2a ./firmware/at32f403a_407_spi.o
                0x000000000800619a                spi_i2s_dma_receiver_enable
 .text.spi_i2s_data_transmit
                0x00000000080061c4       0x1e ./firmware/at32f403a_407_spi.o
                0x00000000080061c4                spi_i2s_data_transmit
 .text.spi_i2s_data_receive
                0x00000000080061e2       0x1a ./firmware/at32f403a_407_spi.o
                0x00000000080061e2                spi_i2s_data_receive
 .text.spi_i2s_flag_get
                0x00000000080061fc       0x32 ./firmware/at32f403a_407_spi.o
                0x00000000080061fc                spi_i2s_flag_get
 .text.tmr_counter_enable
                0x000000000800622e       0x2a ./firmware/at32f403a_407_tmr.o
                0x000000000800622e                tmr_counter_enable
 .text.tmr_base_init
                0x0000000008006258       0x2e ./firmware/at32f403a_407_tmr.o
                0x0000000008006258                tmr_base_init
 .text.tmr_cnt_dir_set
                0x0000000008006286       0x2a ./firmware/at32f403a_407_tmr.o
                0x0000000008006286                tmr_cnt_dir_set
 .text.tmr_counter_value_get
                0x00000000080062b0       0x18 ./firmware/at32f403a_407_tmr.o
                0x00000000080062b0                tmr_counter_value_get
 .text.tmr_primary_mode_select
                0x00000000080062c8       0x2a ./firmware/at32f403a_407_tmr.o
                0x00000000080062c8                tmr_primary_mode_select
 .text.tmr_interrupt_flag_get
                0x00000000080062f2       0x3e ./firmware/at32f403a_407_tmr.o
                0x00000000080062f2                tmr_interrupt_flag_get
 .text.tmr_flag_clear
                0x0000000008006330       0x1e ./firmware/at32f403a_407_tmr.o
                0x0000000008006330                tmr_flag_clear
 *fill*         0x000000000800634e        0x2 
 .text.usart_init
                0x0000000008006350       0xe0 ./firmware/at32f403a_407_usart.o
                0x0000000008006350                usart_init
 .text.usart_parity_selection_config
                0x0000000008006430       0x6a ./firmware/at32f403a_407_usart.o
                0x0000000008006430                usart_parity_selection_config
 .text.usart_enable
                0x000000000800649a       0x2a ./firmware/at32f403a_407_usart.o
                0x000000000800649a                usart_enable
 .text.usart_transmitter_enable
                0x00000000080064c4       0x2a ./firmware/at32f403a_407_usart.o
                0x00000000080064c4                usart_transmitter_enable
 .text.usart_receiver_enable
                0x00000000080064ee       0x2a ./firmware/at32f403a_407_usart.o
                0x00000000080064ee                usart_receiver_enable
 .text.usart_interrupt_enable
                0x0000000008006518       0x68 ./firmware/at32f403a_407_usart.o
                0x0000000008006518                usart_interrupt_enable
 .text.usart_data_transmit
                0x0000000008006580       0x22 ./firmware/at32f403a_407_usart.o
                0x0000000008006580                usart_data_transmit
 .text.usart_data_receive
                0x00000000080065a2       0x1a ./firmware/at32f403a_407_usart.o
                0x00000000080065a2                usart_data_receive
 .text.usart_hardware_flow_control_set
                0x00000000080065bc       0x86 ./firmware/at32f403a_407_usart.o
                0x00000000080065bc                usart_hardware_flow_control_set
 .text.usart_flag_get
                0x0000000008006642       0x28 ./firmware/at32f403a_407_usart.o
                0x0000000008006642                usart_flag_get
 *fill*         0x000000000800666a        0x2 
 .text.usart_interrupt_flag_get
                0x000000000800666c      0x1ac ./firmware/at32f403a_407_usart.o
                0x000000000800666c                usart_interrupt_flag_get
 .text.Reset_Handler
                0x0000000008006818       0x48 ./cmsis/startup_at32f403a_407.o
                0x0000000008006818                Reset_Handler
 .text.Default_Handler
                0x0000000008006860        0x2 ./cmsis/startup_at32f403a_407.o
                0x0000000008006860                SDIO1_IRQHandler
                0x0000000008006860                XMC_IRQHandler
                0x0000000008006860                EXINT2_IRQHandler
                0x0000000008006860                USBFS_L_CAN1_RX0_IRQHandler
                0x0000000008006860                UART8_IRQHandler
                0x0000000008006860                SPI4_IRQHandler
                0x0000000008006860                I2C2_EVT_IRQHandler
                0x0000000008006860                TMR1_OVF_TMR10_IRQHandler
                0x0000000008006860                TMR8_TRG_HALL_TMR14_IRQHandler
                0x0000000008006860                USBFS_H_CAN1_TX_IRQHandler
                0x0000000008006860                I2C1_ERR_IRQHandler
                0x0000000008006860                EXINT9_5_IRQHandler
                0x0000000008006860                EMAC_IRQHandler
                0x0000000008006860                CAN2_RX1_IRQHandler
                0x0000000008006860                TMR5_GLOBAL_IRQHandler
                0x0000000008006860                SDIO2_IRQHandler
                0x0000000008006860                ADC1_2_IRQHandler
                0x0000000008006860                SPI1_IRQHandler
                0x0000000008006860                TAMPER_IRQHandler
                0x0000000008006860                CAN2_RX0_IRQHandler
                0x0000000008006860                DMA2_Channel2_IRQHandler
                0x0000000008006860                DMA1_Channel4_IRQHandler
                0x0000000008006860                TMR8_CH_IRQHandler
                0x0000000008006860                USART6_IRQHandler
                0x0000000008006860                EXINT0_IRQHandler
                0x0000000008006860                RTC_IRQHandler
                0x0000000008006860                DMA1_Channel7_IRQHandler
                0x0000000008006860                CAN1_RX1_IRQHandler
                0x0000000008006860                UART5_IRQHandler
                0x0000000008006860                ADC3_IRQHandler
                0x0000000008006860                ACC_IRQHandler
                0x0000000008006860                EMAC_WKUP_IRQHandler
                0x0000000008006860                DMA2_Channel1_IRQHandler
                0x0000000008006860                EXINT3_IRQHandler
                0x0000000008006860                DMA1_Channel6_IRQHandler
                0x0000000008006860                Default_Handler
                0x0000000008006860                USBFS_MAPH_IRQHandler
                0x0000000008006860                TMR3_GLOBAL_IRQHandler
                0x0000000008006860                CAN1_SE_IRQHandler
                0x0000000008006860                CAN2_TX_IRQHandler
                0x0000000008006860                SPI3_I2S3EXT_IRQHandler
                0x0000000008006860                TMR1_BRK_TMR9_IRQHandler
                0x0000000008006860                USBFS_MAPL_IRQHandler
                0x0000000008006860                TMR8_BRK_TMR12_IRQHandler
                0x0000000008006860                TMR1_TRG_HALL_TMR11_IRQHandler
                0x0000000008006860                DMA1_Channel5_IRQHandler
                0x0000000008006860                TMR4_GLOBAL_IRQHandler
                0x0000000008006860                EXINT4_IRQHandler
                0x0000000008006860                CAN2_SE_IRQHandler
                0x0000000008006860                DMA2_Channel6_7_IRQHandler
                0x0000000008006860                PVM_IRQHandler
                0x0000000008006860                I2C3_EVT_IRQHandler
                0x0000000008006860                I2C1_EVT_IRQHandler
                0x0000000008006860                TMR8_OVF_TMR13_IRQHandler
                0x0000000008006860                TMR6_GLOBAL_IRQHandler
                0x0000000008006860                EXINT1_IRQHandler
                0x0000000008006860                RTCAlarm_IRQHandler
                0x0000000008006860                DMA2_Channel4_5_IRQHandler
                0x0000000008006860                UART7_IRQHandler
                0x0000000008006860                TMR2_GLOBAL_IRQHandler
                0x0000000008006860                FLASH_IRQHandler
                0x0000000008006860                SPI2_I2S2EXT_IRQHandler
                0x0000000008006860                I2C2_ERR_IRQHandler
                0x0000000008006860                USBFSWakeUp_IRQHandler
                0x0000000008006860                USART1_IRQHandler
                0x0000000008006860                TMR1_CH_IRQHandler
                0x0000000008006860                CRM_IRQHandler
                0x0000000008006860                EXINT15_10_IRQHandler
                0x0000000008006860                WWDT_IRQHandler
                0x0000000008006860                DMA2_Channel3_IRQHandler
 *fill*         0x0000000008006862        0x2 
 .text.SystemInit
                0x0000000008006864       0x88 ./cmsis/system_at32f403a_407.o
                0x0000000008006864                SystemInit
 .text.system_core_clock_update
                0x00000000080068ec      0x150 ./cmsis/system_at32f403a_407.o
                0x00000000080068ec                system_core_clock_update
 .text._write   0x0000000008006a3c       0x60 ./bsp/at32f403a_407_board.o
                0x0000000008006a3c                _write
 .text.uart_print_init
                0x0000000008006a9c       0x8c ./bsp/at32f403a_407_board.o
                0x0000000008006a9c                uart_print_init
 .text.at32_board_init
                0x0000000008006b28       0x16 ./bsp/at32f403a_407_board.o
                0x0000000008006b28                at32_board_init
 *fill*         0x0000000008006b3e        0x2 
 .text.at32_button_init
                0x0000000008006b40       0x44 ./bsp/at32f403a_407_board.o
                0x0000000008006b40                at32_button_init
 .text.at32_led_init
                0x0000000008006b84       0x68 ./bsp/at32f403a_407_board.o
                0x0000000008006b84                at32_led_init
 .text.at32_led_toggle
                0x0000000008006bec       0x54 ./bsp/at32f403a_407_board.o
                0x0000000008006bec                at32_led_toggle
 .text.delay_init
                0x0000000008006c40       0x40 ./bsp/at32f403a_407_board.o
                0x0000000008006c40                delay_init
 .text.delay_ms
                0x0000000008006c80       0x98 ./bsp/at32f403a_407_board.o
                0x0000000008006c80                delay_ms
 .text.round    0x0000000008006d18       0xa0 /home/viktor/Downloads/AT32IDE_V1.0.14_Linux-X86_64/platform/tools/gcc-arm-none-eabi-10.3-2021.10/bin/../lib/gcc/arm-none-eabi/10.3.1/../../../../arm-none-eabi/lib/thumb/v7e-m+fp/hard/libm.a(lib_a-s_round.o)
                0x0000000008006d18                round
 .text.pow      0x0000000008006db8       0xf0 /home/viktor/Downloads/AT32IDE_V1.0.14_Linux-X86_64/platform/tools/gcc-arm-none-eabi-10.3-2021.10/bin/../lib/gcc/arm-none-eabi/10.3.1/../../../../arm-none-eabi/lib/thumb/v7e-m+fp/hard/libm.a(lib_a-w_pow.o)
                0x0000000008006db8                pow
 .text.__ieee754_pow
                0x0000000008006ea8      0xb74 /home/viktor/Downloads/AT32IDE_V1.0.14_Linux-X86_64/platform/tools/gcc-arm-none-eabi-10.3-2021.10/bin/../lib/gcc/arm-none-eabi/10.3.1/../../../../arm-none-eabi/lib/thumb/v7e-m+fp/hard/libm.a(lib_a-e_pow.o)
                0x0000000008006ea8                __ieee754_pow
 .text.__ieee754_sqrt
                0x0000000008007a1c      0x198 /home/viktor/Downloads/AT32IDE_V1.0.14_Linux-X86_64/platform/tools/gcc-arm-none-eabi-10.3-2021.10/bin/../lib/gcc/arm-none-eabi/10.3.1/../../../../arm-none-eabi/lib/thumb/v7e-m+fp/hard/libm.a(lib_a-e_sqrt.o)
                0x0000000008007a1c                __ieee754_sqrt
 .text.with_errno
                0x0000000008007bb4       0x18 /home/viktor/Downloads/AT32IDE_V1.0.14_Linux-X86_64/platform/tools/gcc-arm-none-eabi-10.3-2021.10/bin/../lib/gcc/arm-none-eabi/10.3.1/../../../../arm-none-eabi/lib/thumb/v7e-m+fp/hard/libm.a(lib_a-math_err.o)
 .text.xflow    0x0000000008007bcc       0x2c /home/viktor/Downloads/AT32IDE_V1.0.14_Linux-X86_64/platform/tools/gcc-arm-none-eabi-10.3-2021.10/bin/../lib/gcc/arm-none-eabi/10.3.1/../../../../arm-none-eabi/lib/thumb/v7e-m+fp/hard/libm.a(lib_a-math_err.o)
 .text.__math_uflow
                0x0000000008007bf8       0x14 /home/viktor/Downloads/AT32IDE_V1.0.14_Linux-X86_64/platform/tools/gcc-arm-none-eabi-10.3-2021.10/bin/../lib/gcc/arm-none-eabi/10.3.1/../../../../arm-none-eabi/lib/thumb/v7e-m+fp/hard/libm.a(lib_a-math_err.o)
                0x0000000008007bf8                __math_uflow
 .text.__math_oflow
                0x0000000008007c0c       0x14 /home/viktor/Downloads/AT32IDE_V1.0.14_Linux-X86_64/platform/tools/gcc-arm-none-eabi-10.3-2021.10/bin/../lib/gcc/arm-none-eabi/10.3.1/../../../../arm-none-eabi/lib/thumb/v7e-m+fp/hard/libm.a(lib_a-math_err.o)
                0x0000000008007c0c                __math_oflow
 .text.fabs     0x0000000008007c20       0x14 /home/viktor/Downloads/AT32IDE_V1.0.14_Linux-X86_64/platform/tools/gcc-arm-none-eabi-10.3-2021.10/bin/../lib/gcc/arm-none-eabi/10.3.1/../../../../arm-none-eabi/lib/thumb/v7e-m+fp/hard/libm.a(lib_a-s_fabs.o)
                0x0000000008007c20                fabs
 .text.finite   0x0000000008007c34       0x18 /home/viktor/Downloads/AT32IDE_V1.0.14_Linux-X86_64/platform/tools/gcc-arm-none-eabi-10.3-2021.10/bin/../lib/gcc/arm-none-eabi/10.3.1/../../../../arm-none-eabi/lib/thumb/v7e-m+fp/hard/libm.a(lib_a-s_finite.o)
                0x0000000008007c34                finite
 *fill*         0x0000000008007c4c        0x4 
 .text.scalbn   0x0000000008007c50      0x124 /home/viktor/Downloads/AT32IDE_V1.0.14_Linux-X86_64/platform/tools/gcc-arm-none-eabi-10.3-2021.10/bin/../lib/gcc/arm-none-eabi/10.3.1/../../../../arm-none-eabi/lib/thumb/v7e-m+fp/hard/libm.a(lib_a-s_scalbn.o)
                0x0000000008007c50                scalbn
 .text.__errno  0x0000000008007d74        0xc /home/viktor/Downloads/AT32IDE_V1.0.14_Linux-X86_64/platform/tools/gcc-arm-none-eabi-10.3-2021.10/bin/../lib/gcc/arm-none-eabi/10.3.1/../../../../arm-none-eabi/lib/thumb/v7e-m+fp/hard/libg_nano.a(lib_a-errno.o)
                0x0000000008007d74                __errno
 .text.__libc_init_array
                0x0000000008007d80       0x48 /home/viktor/Downloads/AT32IDE_V1.0.14_Linux-X86_64/platform/tools/gcc-arm-none-eabi-10.3-2021.10/bin/../lib/gcc/arm-none-eabi/10.3.1/../../../../arm-none-eabi/lib/thumb/v7e-m+fp/hard/libg_nano.a(lib_a-init.o)
                0x0000000008007d80                __libc_init_array
 .text.memcpy   0x0000000008007dc8       0x1c /home/viktor/Downloads/AT32IDE_V1.0.14_Linux-X86_64/platform/tools/gcc-arm-none-eabi-10.3-2021.10/bin/../lib/gcc/arm-none-eabi/10.3.1/../../../../arm-none-eabi/lib/thumb/v7e-m+fp/hard/libg_nano.a(lib_a-memcpy-stub.o)
                0x0000000008007dc8                memcpy
 .text.memset   0x0000000008007de4       0x10 /home/viktor/Downloads/AT32IDE_V1.0.14_Linux-X86_64/platform/tools/gcc-arm-none-eabi-10.3-2021.10/bin/../lib/gcc/arm-none-eabi/10.3.1/../../../../arm-none-eabi/lib/thumb/v7e-m+fp/hard/libg_nano.a(lib_a-memset.o)
                0x0000000008007de4                memset
 .text.__cvt    0x0000000008007df4       0xc4 /home/viktor/Downloads/AT32IDE_V1.0.14_Linux-X86_64/platform/tools/gcc-arm-none-eabi-10.3-2021.10/bin/../lib/gcc/arm-none-eabi/10.3.1/../../../../arm-none-eabi/lib/thumb/v7e-m+fp/hard/libg_nano.a(lib_a-nano-vfprintf_float.o)
                0x0000000008007df4                __cvt
 .text.__exponent
                0x0000000008007eb8       0x7c /home/viktor/Downloads/AT32IDE_V1.0.14_Linux-X86_64/platform/tools/gcc-arm-none-eabi-10.3-2021.10/bin/../lib/gcc/arm-none-eabi/10.3.1/../../../../arm-none-eabi/lib/thumb/v7e-m+fp/hard/libg_nano.a(lib_a-nano-vfprintf_float.o)
                0x0000000008007eb8                __exponent
 .text._printf_float
                0x0000000008007f34      0x46c /home/viktor/Downloads/AT32IDE_V1.0.14_Linux-X86_64/platform/tools/gcc-arm-none-eabi-10.3-2021.10/bin/../lib/gcc/arm-none-eabi/10.3.1/../../../../arm-none-eabi/lib/thumb/v7e-m+fp/hard/libg_nano.a(lib_a-nano-vfprintf_float.o)
                0x0000000008007f34                _printf_float
 .text._printf_common
                0x00000000080083a0       0xda /home/viktor/Downloads/AT32IDE_V1.0.14_Linux-X86_64/platform/tools/gcc-arm-none-eabi-10.3-2021.10/bin/../lib/gcc/arm-none-eabi/10.3.1/../../../../arm-none-eabi/lib/thumb/v7e-m+fp/hard/libg_nano.a(lib_a-nano-vfprintf_i.o)
                0x00000000080083a0                _printf_common
 *fill*         0x000000000800847a        0x2 
 .text._printf_i
                0x000000000800847c      0x24c /home/viktor/Downloads/AT32IDE_V1.0.14_Linux-X86_64/platform/tools/gcc-arm-none-eabi-10.3-2021.10/bin/../lib/gcc/arm-none-eabi/10.3.1/../../../../arm-none-eabi/lib/thumb/v7e-m+fp/hard/libg_nano.a(lib_a-nano-vfprintf_i.o)
                0x000000000800847c                _printf_i
 .text.printf   0x00000000080086c8       0x30 /home/viktor/Downloads/AT32IDE_V1.0.14_Linux-X86_64/platform/tools/gcc-arm-none-eabi-10.3-2021.10/bin/../lib/gcc/arm-none-eabi/10.3.1/../../../../arm-none-eabi/lib/thumb/v7e-m+fp/hard/libg_nano.a(lib_a-printf.o)
                0x00000000080086c8                printf
                0x00000000080086c8                iprintf
 .text._puts_r  0x00000000080086f8       0xdc /home/viktor/Downloads/AT32IDE_V1.0.14_Linux-X86_64/platform/tools/gcc-arm-none-eabi-10.3-2021.10/bin/../lib/gcc/arm-none-eabi/10.3.1/../../../../arm-none-eabi/lib/thumb/v7e-m+fp/hard/libg_nano.a(lib_a-puts.o)
                0x00000000080086f8                _puts_r
 .text.puts     0x00000000080087d4       0x10 /home/viktor/Downloads/AT32IDE_V1.0.14_Linux-X86_64/platform/tools/gcc-arm-none-eabi-10.3-2021.10/bin/../lib/gcc/arm-none-eabi/10.3.1/../../../../arm-none-eabi/lib/thumb/v7e-m+fp/hard/libg_nano.a(lib_a-puts.o)
                0x00000000080087d4                puts
 .text.setvbuf  0x00000000080087e4      0x18c /home/viktor/Downloads/AT32IDE_V1.0.14_Linux-X86_64/platform/tools/gcc-arm-none-eabi-10.3-2021.10/bin/../lib/gcc/arm-none-eabi/10.3.1/../../../../arm-none-eabi/lib/thumb/v7e-m+fp/hard/libg_nano.a(lib_a-setvbuf.o)
                0x00000000080087e4                setvbuf
 .text.sscanf   0x0000000008008970       0x58 /home/viktor/Downloads/AT32IDE_V1.0.14_Linux-X86_64/platform/tools/gcc-arm-none-eabi-10.3-2021.10/bin/../lib/gcc/arm-none-eabi/10.3.1/../../../../arm-none-eabi/lib/thumb/v7e-m+fp/hard/libg_nano.a(lib_a-sscanf.o)
                0x0000000008008970                sscanf
                0x0000000008008970                siscanf
 .text.__sread  0x00000000080089c8       0x22 /home/viktor/Downloads/AT32IDE_V1.0.14_Linux-X86_64/platform/tools/gcc-arm-none-eabi-10.3-2021.10/bin/../lib/gcc/arm-none-eabi/10.3.1/../../../../arm-none-eabi/lib/thumb/v7e-m+fp/hard/libg_nano.a(lib_a-stdio.o)
                0x00000000080089c8                __sread
 .text.__seofread
                0x00000000080089ea        0x4 /home/viktor/Downloads/AT32IDE_V1.0.14_Linux-X86_64/platform/tools/gcc-arm-none-eabi-10.3-2021.10/bin/../lib/gcc/arm-none-eabi/10.3.1/../../../../arm-none-eabi/lib/thumb/v7e-m+fp/hard/libg_nano.a(lib_a-stdio.o)
                0x00000000080089ea                __seofread
 .text.__swrite
                0x00000000080089ee       0x38 /home/viktor/Downloads/AT32IDE_V1.0.14_Linux-X86_64/platform/tools/gcc-arm-none-eabi-10.3-2021.10/bin/../lib/gcc/arm-none-eabi/10.3.1/../../../../arm-none-eabi/lib/thumb/v7e-m+fp/hard/libg_nano.a(lib_a-stdio.o)
                0x00000000080089ee                __swrite
 .text.__sseek  0x0000000008008a26       0x24 /home/viktor/Downloads/AT32IDE_V1.0.14_Linux-X86_64/platform/tools/gcc-arm-none-eabi-10.3-2021.10/bin/../lib/gcc/arm-none-eabi/10.3.1/../../../../arm-none-eabi/lib/thumb/v7e-m+fp/hard/libg_nano.a(lib_a-stdio.o)
                0x0000000008008a26                __sseek
 .text.__sclose
                0x0000000008008a4a        0x8 /home/viktor/Downloads/AT32IDE_V1.0.14_Linux-X86_64/platform/tools/gcc-arm-none-eabi-10.3-2021.10/bin/../lib/gcc/arm-none-eabi/10.3.1/../../../../arm-none-eabi/lib/thumb/v7e-m+fp/hard/libg_nano.a(lib_a-stdio.o)
                0x0000000008008a4a                __sclose
 .text.strncmp  0x0000000008008a52       0x28 /home/viktor/Downloads/AT32IDE_V1.0.14_Linux-X86_64/platform/tools/gcc-arm-none-eabi-10.3-2021.10/bin/../lib/gcc/arm-none-eabi/10.3.1/../../../../arm-none-eabi/lib/thumb/v7e-m+fp/hard/libg_nano.a(lib_a-strncmp.o)
                0x0000000008008a52                strncmp
 *fill*         0x0000000008008a7a        0x2 
 .text.__swbuf_r
                0x0000000008008a7c       0xa4 /home/viktor/Downloads/AT32IDE_V1.0.14_Linux-X86_64/platform/tools/gcc-arm-none-eabi-10.3-2021.10/bin/../lib/gcc/arm-none-eabi/10.3.1/../../../../arm-none-eabi/lib/thumb/v7e-m+fp/hard/libg_nano.a(lib_a-wbuf.o)
                0x0000000008008a7c                __swbuf_r
 .text._write_r
                0x0000000008008b20       0x24 /home/viktor/Downloads/AT32IDE_V1.0.14_Linux-X86_64/platform/tools/gcc-arm-none-eabi-10.3-2021.10/bin/../lib/gcc/arm-none-eabi/10.3.1/../../../../arm-none-eabi/lib/thumb/v7e-m+fp/hard/libg_nano.a(lib_a-writer.o)
                0x0000000008008b20                _write_r
 .text.__swsetup_r
                0x0000000008008b44       0xdc /home/viktor/Downloads/AT32IDE_V1.0.14_Linux-X86_64/platform/tools/gcc-arm-none-eabi-10.3-2021.10/bin/../lib/gcc/arm-none-eabi/10.3.1/../../../../arm-none-eabi/lib/thumb/v7e-m+fp/hard/libg_nano.a(lib_a-wsetup.o)
                0x0000000008008b44                __swsetup_r
 .text._close_r
                0x0000000008008c20       0x20 /home/viktor/Downloads/AT32IDE_V1.0.14_Linux-X86_64/platform/tools/gcc-arm-none-eabi-10.3-2021.10/bin/../lib/gcc/arm-none-eabi/10.3.1/../../../../arm-none-eabi/lib/thumb/v7e-m+fp/hard/libg_nano.a(lib_a-closer.o)
                0x0000000008008c20                _close_r
 .text.quorem   0x0000000008008c40      0x116 /home/viktor/Downloads/AT32IDE_V1.0.14_Linux-X86_64/platform/tools/gcc-arm-none-eabi-10.3-2021.10/bin/../lib/gcc/arm-none-eabi/10.3.1/../../../../arm-none-eabi/lib/thumb/v7e-m+fp/hard/libg_nano.a(lib_a-dtoa.o)
 *fill*         0x0000000008008d56        0x2 
 .text._dtoa_r  0x0000000008008d58      0xbdc /home/viktor/Downloads/AT32IDE_V1.0.14_Linux-X86_64/platform/tools/gcc-arm-none-eabi-10.3-2021.10/bin/../lib/gcc/arm-none-eabi/10.3.1/../../../../arm-none-eabi/lib/thumb/v7e-m+fp/hard/libg_nano.a(lib_a-dtoa.o)
                0x0000000008008d58                _dtoa_r
 .text.__sflush_r
                0x0000000008009934      0x10c /home/viktor/Downloads/AT32IDE_V1.0.14_Linux-X86_64/platform/tools/gcc-arm-none-eabi-10.3-2021.10/bin/../lib/gcc/arm-none-eabi/10.3.1/../../../../arm-none-eabi/lib/thumb/v7e-m+fp/hard/libg_nano.a(lib_a-fflush.o)
                0x0000000008009934                __sflush_r
 .text._fflush_r
                0x0000000008009a40       0x78 /home/viktor/Downloads/AT32IDE_V1.0.14_Linux-X86_64/platform/tools/gcc-arm-none-eabi-10.3-2021.10/bin/../lib/gcc/arm-none-eabi/10.3.1/../../../../arm-none-eabi/lib/thumb/v7e-m+fp/hard/libg_nano.a(lib_a-fflush.o)
                0x0000000008009a40                _fflush_r
 .text.std      0x0000000008009ab8       0x48 /home/viktor/Downloads/AT32IDE_V1.0.14_Linux-X86_64/platform/tools/gcc-arm-none-eabi-10.3-2021.10/bin/../lib/gcc/arm-none-eabi/10.3.1/../../../../arm-none-eabi/lib/thumb/v7e-m+fp/hard/libg_nano.a(lib_a-findfp.o)
 .text._cleanup_r
                0x0000000008009b00        0xc /home/viktor/Downloads/AT32IDE_V1.0.14_Linux-X86_64/platform/tools/gcc-arm-none-eabi-10.3-2021.10/bin/../lib/gcc/arm-none-eabi/10.3.1/../../../../arm-none-eabi/lib/thumb/v7e-m+fp/hard/libg_nano.a(lib_a-findfp.o)
                0x0000000008009b00                _cleanup_r
 .text.__sfmoreglue
                0x0000000008009b0c       0x2c /home/viktor/Downloads/AT32IDE_V1.0.14_Linux-X86_64/platform/tools/gcc-arm-none-eabi-10.3-2021.10/bin/../lib/gcc/arm-none-eabi/10.3.1/../../../../arm-none-eabi/lib/thumb/v7e-m+fp/hard/libg_nano.a(lib_a-findfp.o)
                0x0000000008009b0c                __sfmoreglue
 .text.__sfp_lock_acquire
                0x0000000008009b38        0xc /home/viktor/Downloads/AT32IDE_V1.0.14_Linux-X86_64/platform/tools/gcc-arm-none-eabi-10.3-2021.10/bin/../lib/gcc/arm-none-eabi/10.3.1/../../../../arm-none-eabi/lib/thumb/v7e-m+fp/hard/libg_nano.a(lib_a-findfp.o)
                0x0000000008009b38                __sfp_lock_acquire
 .text.__sfp_lock_release
                0x0000000008009b44        0xc /home/viktor/Downloads/AT32IDE_V1.0.14_Linux-X86_64/platform/tools/gcc-arm-none-eabi-10.3-2021.10/bin/../lib/gcc/arm-none-eabi/10.3.1/../../../../arm-none-eabi/lib/thumb/v7e-m+fp/hard/libg_nano.a(lib_a-findfp.o)
                0x0000000008009b44                __sfp_lock_release
 .text.__sinit_lock_acquire
                0x0000000008009b50        0xc /home/viktor/Downloads/AT32IDE_V1.0.14_Linux-X86_64/platform/tools/gcc-arm-none-eabi-10.3-2021.10/bin/../lib/gcc/arm-none-eabi/10.3.1/../../../../arm-none-eabi/lib/thumb/v7e-m+fp/hard/libg_nano.a(lib_a-findfp.o)
                0x0000000008009b50                __sinit_lock_acquire
 .text.__sinit_lock_release
                0x0000000008009b5c        0xc /home/viktor/Downloads/AT32IDE_V1.0.14_Linux-X86_64/platform/tools/gcc-arm-none-eabi-10.3-2021.10/bin/../lib/gcc/arm-none-eabi/10.3.1/../../../../arm-none-eabi/lib/thumb/v7e-m+fp/hard/libg_nano.a(lib_a-findfp.o)
                0x0000000008009b5c                __sinit_lock_release
 .text.__sinit  0x0000000008009b68       0x70 /home/viktor/Downloads/AT32IDE_V1.0.14_Linux-X86_64/platform/tools/gcc-arm-none-eabi-10.3-2021.10/bin/../lib/gcc/arm-none-eabi/10.3.1/../../../../arm-none-eabi/lib/thumb/v7e-m+fp/hard/libg_nano.a(lib_a-findfp.o)
                0x0000000008009b68                __sinit
 .text.__sfp    0x0000000008009bd8       0x8c /home/viktor/Downloads/AT32IDE_V1.0.14_Linux-X86_64/platform/tools/gcc-arm-none-eabi-10.3-2021.10/bin/../lib/gcc/arm-none-eabi/10.3.1/../../../../arm-none-eabi/lib/thumb/v7e-m+fp/hard/libg_nano.a(lib_a-findfp.o)
                0x0000000008009bd8                __sfp
 .text._fwalk_reent
                0x0000000008009c64       0x3e /home/viktor/Downloads/AT32IDE_V1.0.14_Linux-X86_64/platform/tools/gcc-arm-none-eabi-10.3-2021.10/bin/../lib/gcc/arm-none-eabi/10.3.1/../../../../arm-none-eabi/lib/thumb/v7e-m+fp/hard/libg_nano.a(lib_a-fwalk.o)
                0x0000000008009c64                _fwalk_reent
 *fill*         0x0000000008009ca2        0x2 
 .text._localeconv_r
                0x0000000008009ca4        0x8 /home/viktor/Downloads/AT32IDE_V1.0.14_Linux-X86_64/platform/tools/gcc-arm-none-eabi-10.3-2021.10/bin/../lib/gcc/arm-none-eabi/10.3.1/../../../../arm-none-eabi/lib/thumb/v7e-m+fp/hard/libg_nano.a(lib_a-localeconv.o)
                0x0000000008009ca4                _localeconv_r
 .text.__retarget_lock_init_recursive
                0x0000000008009cac        0x2 /home/viktor/Downloads/AT32IDE_V1.0.14_Linux-X86_64/platform/tools/gcc-arm-none-eabi-10.3-2021.10/bin/../lib/gcc/arm-none-eabi/10.3.1/../../../../arm-none-eabi/lib/thumb/v7e-m+fp/hard/libg_nano.a(lib_a-lock.o)
                0x0000000008009cac                __retarget_lock_init_recursive
 .text.__retarget_lock_acquire_recursive
                0x0000000008009cae        0x2 /home/viktor/Downloads/AT32IDE_V1.0.14_Linux-X86_64/platform/tools/gcc-arm-none-eabi-10.3-2021.10/bin/../lib/gcc/arm-none-eabi/10.3.1/../../../../arm-none-eabi/lib/thumb/v7e-m+fp/hard/libg_nano.a(lib_a-lock.o)
                0x0000000008009cae                __retarget_lock_acquire_recursive
 .text.__retarget_lock_release_recursive
                0x0000000008009cb0        0x2 /home/viktor/Downloads/AT32IDE_V1.0.14_Linux-X86_64/platform/tools/gcc-arm-none-eabi-10.3-2021.10/bin/../lib/gcc/arm-none-eabi/10.3.1/../../../../arm-none-eabi/lib/thumb/v7e-m+fp/hard/libg_nano.a(lib_a-lock.o)
                0x0000000008009cb0                __retarget_lock_release_recursive
 *fill*         0x0000000008009cb2        0x2 
 .text._lseek_r
                0x0000000008009cb4       0x24 /home/viktor/Downloads/AT32IDE_V1.0.14_Linux-X86_64/platform/tools/gcc-arm-none-eabi-10.3-2021.10/bin/../lib/gcc/arm-none-eabi/10.3.1/../../../../arm-none-eabi/lib/thumb/v7e-m+fp/hard/libg_nano.a(lib_a-lseekr.o)
                0x0000000008009cb4                _lseek_r
 .text.__swhatbuf_r
                0x0000000008009cd8       0x4a /home/viktor/Downloads/AT32IDE_V1.0.14_Linux-X86_64/platform/tools/gcc-arm-none-eabi-10.3-2021.10/bin/../lib/gcc/arm-none-eabi/10.3.1/../../../../arm-none-eabi/lib/thumb/v7e-m+fp/hard/libg_nano.a(lib_a-makebuf.o)
                0x0000000008009cd8                __swhatbuf_r
 *fill*         0x0000000008009d22        0x2 
 .text.__smakebuf_r
                0x0000000008009d24       0x80 /home/viktor/Downloads/AT32IDE_V1.0.14_Linux-X86_64/platform/tools/gcc-arm-none-eabi-10.3-2021.10/bin/../lib/gcc/arm-none-eabi/10.3.1/../../../../arm-none-eabi/lib/thumb/v7e-m+fp/hard/libg_nano.a(lib_a-makebuf.o)
                0x0000000008009d24                __smakebuf_r
 .text.malloc   0x0000000008009da4       0x10 /home/viktor/Downloads/AT32IDE_V1.0.14_Linux-X86_64/platform/tools/gcc-arm-none-eabi-10.3-2021.10/bin/../lib/gcc/arm-none-eabi/10.3.1/../../../../arm-none-eabi/lib/thumb/v7e-m+fp/hard/libg_nano.a(lib_a-malloc.o)
                0x0000000008009da4                malloc
 .text._Balloc  0x0000000008009db4       0x80 /home/viktor/Downloads/AT32IDE_V1.0.14_Linux-X86_64/platform/tools/gcc-arm-none-eabi-10.3-2021.10/bin/../lib/gcc/arm-none-eabi/10.3.1/../../../../arm-none-eabi/lib/thumb/v7e-m+fp/hard/libg_nano.a(lib_a-mprec.o)
                0x0000000008009db4                _Balloc
 .text._Bfree   0x0000000008009e34       0x44 /home/viktor/Downloads/AT32IDE_V1.0.14_Linux-X86_64/platform/tools/gcc-arm-none-eabi-10.3-2021.10/bin/../lib/gcc/arm-none-eabi/10.3.1/../../../../arm-none-eabi/lib/thumb/v7e-m+fp/hard/libg_nano.a(lib_a-mprec.o)
                0x0000000008009e34                _Bfree
 .text.__multadd
                0x0000000008009e78       0x8c /home/viktor/Downloads/AT32IDE_V1.0.14_Linux-X86_64/platform/tools/gcc-arm-none-eabi-10.3-2021.10/bin/../lib/gcc/arm-none-eabi/10.3.1/../../../../arm-none-eabi/lib/thumb/v7e-m+fp/hard/libg_nano.a(lib_a-mprec.o)
                0x0000000008009e78                __multadd
 .text.__hi0bits
                0x0000000008009f04       0x40 /home/viktor/Downloads/AT32IDE_V1.0.14_Linux-X86_64/platform/tools/gcc-arm-none-eabi-10.3-2021.10/bin/../lib/gcc/arm-none-eabi/10.3.1/../../../../arm-none-eabi/lib/thumb/v7e-m+fp/hard/libg_nano.a(lib_a-mprec.o)
                0x0000000008009f04                __hi0bits
 .text.__lo0bits
                0x0000000008009f44       0x5e /home/viktor/Downloads/AT32IDE_V1.0.14_Linux-X86_64/platform/tools/gcc-arm-none-eabi-10.3-2021.10/bin/../lib/gcc/arm-none-eabi/10.3.1/../../../../arm-none-eabi/lib/thumb/v7e-m+fp/hard/libg_nano.a(lib_a-mprec.o)
                0x0000000008009f44                __lo0bits
 *fill*         0x0000000008009fa2        0x2 
 .text.__i2b    0x0000000008009fa4       0x2c /home/viktor/Downloads/AT32IDE_V1.0.14_Linux-X86_64/platform/tools/gcc-arm-none-eabi-10.3-2021.10/bin/../lib/gcc/arm-none-eabi/10.3.1/../../../../arm-none-eabi/lib/thumb/v7e-m+fp/hard/libg_nano.a(lib_a-mprec.o)
                0x0000000008009fa4                __i2b
 .text.__multiply
                0x0000000008009fd0      0x154 /home/viktor/Downloads/AT32IDE_V1.0.14_Linux-X86_64/platform/tools/gcc-arm-none-eabi-10.3-2021.10/bin/../lib/gcc/arm-none-eabi/10.3.1/../../../../arm-none-eabi/lib/thumb/v7e-m+fp/hard/libg_nano.a(lib_a-mprec.o)
                0x0000000008009fd0                __multiply
 .text.__pow5mult
                0x000000000800a124       0xb4 /home/viktor/Downloads/AT32IDE_V1.0.14_Linux-X86_64/platform/tools/gcc-arm-none-eabi-10.3-2021.10/bin/../lib/gcc/arm-none-eabi/10.3.1/../../../../arm-none-eabi/lib/thumb/v7e-m+fp/hard/libg_nano.a(lib_a-mprec.o)
                0x000000000800a124                __pow5mult
 .text.__lshift
                0x000000000800a1d8       0xe0 /home/viktor/Downloads/AT32IDE_V1.0.14_Linux-X86_64/platform/tools/gcc-arm-none-eabi-10.3-2021.10/bin/../lib/gcc/arm-none-eabi/10.3.1/../../../../arm-none-eabi/lib/thumb/v7e-m+fp/hard/libg_nano.a(lib_a-mprec.o)
                0x000000000800a1d8                __lshift
 .text.__mcmp   0x000000000800a2b8       0x38 /home/viktor/Downloads/AT32IDE_V1.0.14_Linux-X86_64/platform/tools/gcc-arm-none-eabi-10.3-2021.10/bin/../lib/gcc/arm-none-eabi/10.3.1/../../../../arm-none-eabi/lib/thumb/v7e-m+fp/hard/libg_nano.a(lib_a-mprec.o)
                0x000000000800a2b8                __mcmp
 .text.__mdiff  0x000000000800a2f0      0x114 /home/viktor/Downloads/AT32IDE_V1.0.14_Linux-X86_64/platform/tools/gcc-arm-none-eabi-10.3-2021.10/bin/../lib/gcc/arm-none-eabi/10.3.1/../../../../arm-none-eabi/lib/thumb/v7e-m+fp/hard/libg_nano.a(lib_a-mprec.o)
                0x000000000800a2f0                __mdiff
 .text.__d2b    0x000000000800a404       0xb8 /home/viktor/Downloads/AT32IDE_V1.0.14_Linux-X86_64/platform/tools/gcc-arm-none-eabi-10.3-2021.10/bin/../lib/gcc/arm-none-eabi/10.3.1/../../../../arm-none-eabi/lib/thumb/v7e-m+fp/hard/libg_nano.a(lib_a-mprec.o)
                0x000000000800a404                __d2b
 .text._calloc_r
                0x000000000800a4bc       0x2c /home/viktor/Downloads/AT32IDE_V1.0.14_Linux-X86_64/platform/tools/gcc-arm-none-eabi-10.3-2021.10/bin/../lib/gcc/arm-none-eabi/10.3.1/../../../../arm-none-eabi/lib/thumb/v7e-m+fp/hard/libg_nano.a(lib_a-nano-callocr.o)
                0x000000000800a4bc                _calloc_r
 .text._free_r  0x000000000800a4e8       0x98 /home/viktor/Downloads/AT32IDE_V1.0.14_Linux-X86_64/platform/tools/gcc-arm-none-eabi-10.3-2021.10/bin/../lib/gcc/arm-none-eabi/10.3.1/../../../../arm-none-eabi/lib/thumb/v7e-m+fp/hard/libg_nano.a(lib_a-nano-freer.o)
                0x000000000800a4e8                _free_r
 .text.sbrk_aligned
                0x000000000800a580       0x40 /home/viktor/Downloads/AT32IDE_V1.0.14_Linux-X86_64/platform/tools/gcc-arm-none-eabi-10.3-2021.10/bin/../lib/gcc/arm-none-eabi/10.3.1/../../../../arm-none-eabi/lib/thumb/v7e-m+fp/hard/libg_nano.a(lib_a-nano-mallocr.o)
 .text._malloc_r
                0x000000000800a5c0       0xe8 /home/viktor/Downloads/AT32IDE_V1.0.14_Linux-X86_64/platform/tools/gcc-arm-none-eabi-10.3-2021.10/bin/../lib/gcc/arm-none-eabi/10.3.1/../../../../arm-none-eabi/lib/thumb/v7e-m+fp/hard/libg_nano.a(lib_a-nano-mallocr.o)
                0x000000000800a5c0                _malloc_r
 .text._sungetc_r
                0x000000000800a6a8       0x7a /home/viktor/Downloads/AT32IDE_V1.0.14_Linux-X86_64/platform/tools/gcc-arm-none-eabi-10.3-2021.10/bin/../lib/gcc/arm-none-eabi/10.3.1/../../../../arm-none-eabi/lib/thumb/v7e-m+fp/hard/libg_nano.a(lib_a-nano-svfscanf.o)
                0x000000000800a6a8                _sungetc_r
 .text.__ssrefill_r
                0x000000000800a722       0x3a /home/viktor/Downloads/AT32IDE_V1.0.14_Linux-X86_64/platform/tools/gcc-arm-none-eabi-10.3-2021.10/bin/../lib/gcc/arm-none-eabi/10.3.1/../../../../arm-none-eabi/lib/thumb/v7e-m+fp/hard/libg_nano.a(lib_a-nano-svfscanf.o)
                0x000000000800a722                __ssrefill_r
 .text.__ssvfscanf_r
                0x000000000800a75c      0x2f0 /home/viktor/Downloads/AT32IDE_V1.0.14_Linux-X86_64/platform/tools/gcc-arm-none-eabi-10.3-2021.10/bin/../lib/gcc/arm-none-eabi/10.3.1/../../../../arm-none-eabi/lib/thumb/v7e-m+fp/hard/libg_nano.a(lib_a-nano-svfscanf.o)
                0x000000000800a75c                __ssvfscanf_r
                0x000000000800a75c                __ssvfiscanf_r
 .text.__sfputc_r
                0x000000000800aa4c       0x2e /home/viktor/Downloads/AT32IDE_V1.0.14_Linux-X86_64/platform/tools/gcc-arm-none-eabi-10.3-2021.10/bin/../lib/gcc/arm-none-eabi/10.3.1/../../../../arm-none-eabi/lib/thumb/v7e-m+fp/hard/libg_nano.a(lib_a-nano-vfprintf.o)
 .text.__sfputs_r
                0x000000000800aa7a       0x24 /home/viktor/Downloads/AT32IDE_V1.0.14_Linux-X86_64/platform/tools/gcc-arm-none-eabi-10.3-2021.10/bin/../lib/gcc/arm-none-eabi/10.3.1/../../../../arm-none-eabi/lib/thumb/v7e-m+fp/hard/libg_nano.a(lib_a-nano-vfprintf.o)
                0x000000000800aa7a                __sfputs_r
 *fill*         0x000000000800aa9e        0x2 
 .text._vfprintf_r
                0x000000000800aaa0      0x260 /home/viktor/Downloads/AT32IDE_V1.0.14_Linux-X86_64/platform/tools/gcc-arm-none-eabi-10.3-2021.10/bin/../lib/gcc/arm-none-eabi/10.3.1/../../../../arm-none-eabi/lib/thumb/v7e-m+fp/hard/libg_nano.a(lib_a-nano-vfprintf.o)
                0x000000000800aaa0                _vfiprintf_r
                0x000000000800aaa0                _vfprintf_r
 .text._scanf_chars
                0x000000000800ad00       0xb4 /home/viktor/Downloads/AT32IDE_V1.0.14_Linux-X86_64/platform/tools/gcc-arm-none-eabi-10.3-2021.10/bin/../lib/gcc/arm-none-eabi/10.3.1/../../../../arm-none-eabi/lib/thumb/v7e-m+fp/hard/libg_nano.a(lib_a-nano-vfscanf_i.o)
                0x000000000800ad00                _scanf_chars
 .text._scanf_i
                0x000000000800adb4      0x1f0 /home/viktor/Downloads/AT32IDE_V1.0.14_Linux-X86_64/platform/tools/gcc-arm-none-eabi-10.3-2021.10/bin/../lib/gcc/arm-none-eabi/10.3.1/../../../../arm-none-eabi/lib/thumb/v7e-m+fp/hard/libg_nano.a(lib_a-nano-vfscanf_i.o)
                0x000000000800adb4                _scanf_i
 .text._read_r  0x000000000800afa4       0x24 /home/viktor/Downloads/AT32IDE_V1.0.14_Linux-X86_64/platform/tools/gcc-arm-none-eabi-10.3-2021.10/bin/../lib/gcc/arm-none-eabi/10.3.1/../../../../arm-none-eabi/lib/thumb/v7e-m+fp/hard/libg_nano.a(lib_a-readr.o)
                0x000000000800afa4                _read_r
 .text._sbrk_r  0x000000000800afc8       0x20 /home/viktor/Downloads/AT32IDE_V1.0.14_Linux-X86_64/platform/tools/gcc-arm-none-eabi-10.3-2021.10/bin/../lib/gcc/arm-none-eabi/10.3.1/../../../../arm-none-eabi/lib/thumb/v7e-m+fp/hard/libg_nano.a(lib_a-sbrkr.o)
                0x000000000800afc8                _sbrk_r
 .text.__sccl   0x000000000800afe8       0x70 /home/viktor/Downloads/AT32IDE_V1.0.14_Linux-X86_64/platform/tools/gcc-arm-none-eabi-10.3-2021.10/bin/../lib/gcc/arm-none-eabi/10.3.1/../../../../arm-none-eabi/lib/thumb/v7e-m+fp/hard/libg_nano.a(lib_a-sccl.o)
                0x000000000800afe8                __sccl
 .text._strtol_l.constprop.0
                0x000000000800b058      0x104 /home/viktor/Downloads/AT32IDE_V1.0.14_Linux-X86_64/platform/tools/gcc-arm-none-eabi-10.3-2021.10/bin/../lib/gcc/arm-none-eabi/10.3.1/../../../../arm-none-eabi/lib/thumb/v7e-m+fp/hard/libg_nano.a(lib_a-strtol.o)
 .text._strtol_r
                0x000000000800b15c        0x4 /home/viktor/Downloads/AT32IDE_V1.0.14_Linux-X86_64/platform/tools/gcc-arm-none-eabi-10.3-2021.10/bin/../lib/gcc/arm-none-eabi/10.3.1/../../../../arm-none-eabi/lib/thumb/v7e-m+fp/hard/libg_nano.a(lib_a-strtol.o)
                0x000000000800b15c                _strtol_r
 .text._strtoul_l.constprop.0
                0x000000000800b160       0xe4 /home/viktor/Downloads/AT32IDE_V1.0.14_Linux-X86_64/platform/tools/gcc-arm-none-eabi-10.3-2021.10/bin/../lib/gcc/arm-none-eabi/10.3.1/../../../../arm-none-eabi/lib/thumb/v7e-m+fp/hard/libg_nano.a(lib_a-strtoul.o)
 .text._strtoul_r
                0x000000000800b244        0x4 /home/viktor/Downloads/AT32IDE_V1.0.14_Linux-X86_64/platform/tools/gcc-arm-none-eabi-10.3-2021.10/bin/../lib/gcc/arm-none-eabi/10.3.1/../../../../arm-none-eabi/lib/thumb/v7e-m+fp/hard/libg_nano.a(lib_a-strtoul.o)
                0x000000000800b244                _strtoul_r
 .text.__submore
                0x000000000800b248       0x74 /home/viktor/Downloads/AT32IDE_V1.0.14_Linux-X86_64/platform/tools/gcc-arm-none-eabi-10.3-2021.10/bin/../lib/gcc/arm-none-eabi/10.3.1/../../../../arm-none-eabi/lib/thumb/v7e-m+fp/hard/libg_nano.a(lib_a-ungetc.o)
                0x000000000800b248                __submore
 .text.__assert_func
                0x000000000800b2bc       0x3c /home/viktor/Downloads/AT32IDE_V1.0.14_Linux-X86_64/platform/tools/gcc-arm-none-eabi-10.3-2021.10/bin/../lib/gcc/arm-none-eabi/10.3.1/../../../../arm-none-eabi/lib/thumb/v7e-m+fp/hard/libg_nano.a(lib_a-assert.o)
                0x000000000800b2bc                __assert_func
 .text.fprintf  0x000000000800b2f8       0x24 /home/viktor/Downloads/AT32IDE_V1.0.14_Linux-X86_64/platform/tools/gcc-arm-none-eabi-10.3-2021.10/bin/../lib/gcc/arm-none-eabi/10.3.1/../../../../arm-none-eabi/lib/thumb/v7e-m+fp/hard/libg_nano.a(lib_a-fprintf.o)
                0x000000000800b2f8                fprintf
                0x000000000800b2f8                fiprintf
 .text._fstat_r
                0x000000000800b31c       0x24 /home/viktor/Downloads/AT32IDE_V1.0.14_Linux-X86_64/platform/tools/gcc-arm-none-eabi-10.3-2021.10/bin/../lib/gcc/arm-none-eabi/10.3.1/../../../../arm-none-eabi/lib/thumb/v7e-m+fp/hard/libg_nano.a(lib_a-fstatr.o)
                0x000000000800b31c                _fstat_r
 .text._isatty_r
                0x000000000800b340       0x20 /home/viktor/Downloads/AT32IDE_V1.0.14_Linux-X86_64/platform/tools/gcc-arm-none-eabi-10.3-2021.10/bin/../lib/gcc/arm-none-eabi/10.3.1/../../../../arm-none-eabi/lib/thumb/v7e-m+fp/hard/libg_nano.a(lib_a-isattyr.o)
                0x000000000800b340                _isatty_r
 .text.__ascii_mbtowc
                0x000000000800b360       0x24 /home/viktor/Downloads/AT32IDE_V1.0.14_Linux-X86_64/platform/tools/gcc-arm-none-eabi-10.3-2021.10/bin/../lib/gcc/arm-none-eabi/10.3.1/../../../../arm-none-eabi/lib/thumb/v7e-m+fp/hard/libg_nano.a(lib_a-mbtowc_r.o)
                0x000000000800b360                __ascii_mbtowc
 .text.__malloc_lock
                0x000000000800b384        0xc /home/viktor/Downloads/AT32IDE_V1.0.14_Linux-X86_64/platform/tools/gcc-arm-none-eabi-10.3-2021.10/bin/../lib/gcc/arm-none-eabi/10.3.1/../../../../arm-none-eabi/lib/thumb/v7e-m+fp/hard/libg_nano.a(lib_a-mlock.o)
                0x000000000800b384                __malloc_lock
 .text.__malloc_unlock
                0x000000000800b390        0xc /home/viktor/Downloads/AT32IDE_V1.0.14_Linux-X86_64/platform/tools/gcc-arm-none-eabi-10.3-2021.10/bin/../lib/gcc/arm-none-eabi/10.3.1/../../../../arm-none-eabi/lib/thumb/v7e-m+fp/hard/libg_nano.a(lib_a-mlock.o)
                0x000000000800b390                __malloc_unlock
 .text._realloc_r
                0x000000000800b39c       0x5e /home/viktor/Downloads/AT32IDE_V1.0.14_Linux-X86_64/platform/tools/gcc-arm-none-eabi-10.3-2021.10/bin/../lib/gcc/arm-none-eabi/10.3.1/../../../../arm-none-eabi/lib/thumb/v7e-m+fp/hard/libg_nano.a(lib_a-nano-reallocr.o)
                0x000000000800b39c                _realloc_r
 .text.__ascii_wctomb
                0x000000000800b3fa       0x1a /home/viktor/Downloads/AT32IDE_V1.0.14_Linux-X86_64/platform/tools/gcc-arm-none-eabi-10.3-2021.10/bin/../lib/gcc/arm-none-eabi/10.3.1/../../../../arm-none-eabi/lib/thumb/v7e-m+fp/hard/libg_nano.a(lib_a-wctomb_r.o)
                0x000000000800b3fa                __ascii_wctomb
 .text.abort    0x000000000800b414        0xe /home/viktor/Downloads/AT32IDE_V1.0.14_Linux-X86_64/platform/tools/gcc-arm-none-eabi-10.3-2021.10/bin/../lib/gcc/arm-none-eabi/10.3.1/../../../../arm-none-eabi/lib/thumb/v7e-m+fp/hard/libg_nano.a(lib_a-abort.o)
                0x000000000800b414                abort
 .text._malloc_usable_size_r
                0x000000000800b422       0x10 /home/viktor/Downloads/AT32IDE_V1.0.14_Linux-X86_64/platform/tools/gcc-arm-none-eabi-10.3-2021.10/bin/../lib/gcc/arm-none-eabi/10.3.1/../../../../arm-none-eabi/lib/thumb/v7e-m+fp/hard/libg_nano.a(lib_a-nano-msizer.o)
                0x000000000800b422                _malloc_usable_size_r
 .text._raise_r
                0x000000000800b432       0x50 /home/viktor/Downloads/AT32IDE_V1.0.14_Linux-X86_64/platform/tools/gcc-arm-none-eabi-10.3-2021.10/bin/../lib/gcc/arm-none-eabi/10.3.1/../../../../arm-none-eabi/lib/thumb/v7e-m+fp/hard/libg_nano.a(lib_a-signal.o)
                0x000000000800b432                _raise_r
 *fill*         0x000000000800b482        0x2 
 .text.raise    0x000000000800b484       0x10 /home/viktor/Downloads/AT32IDE_V1.0.14_Linux-X86_64/platform/tools/gcc-arm-none-eabi-10.3-2021.10/bin/../lib/gcc/arm-none-eabi/10.3.1/../../../../arm-none-eabi/lib/thumb/v7e-m+fp/hard/libg_nano.a(lib_a-signal.o)
                0x000000000800b484                raise
 .text._kill_r  0x000000000800b494       0x24 /home/viktor/Downloads/AT32IDE_V1.0.14_Linux-X86_64/platform/tools/gcc-arm-none-eabi-10.3-2021.10/bin/../lib/gcc/arm-none-eabi/10.3.1/../../../../arm-none-eabi/lib/thumb/v7e-m+fp/hard/libg_nano.a(lib_a-signalr.o)
                0x000000000800b494                _kill_r
 .text._getpid_r
                0x000000000800b4b8        0x4 /home/viktor/Downloads/AT32IDE_V1.0.14_Linux-X86_64/platform/tools/gcc-arm-none-eabi-10.3-2021.10/bin/../lib/gcc/arm-none-eabi/10.3.1/../../../../arm-none-eabi/lib/thumb/v7e-m+fp/hard/libg_nano.a(lib_a-signalr.o)
                0x000000000800b4b8                _getpid_r
 .text._close   0x000000000800b4bc       0x10 /home/viktor/Downloads/AT32IDE_V1.0.14_Linux-X86_64/platform/tools/gcc-arm-none-eabi-10.3-2021.10/bin/../lib/gcc/arm-none-eabi/10.3.1/../../../../arm-none-eabi/lib/thumb/v7e-m+fp/hard/libnosys.a(close.o)
                0x000000000800b4bc                _close
 .text._fstat   0x000000000800b4cc       0x10 /home/viktor/Downloads/AT32IDE_V1.0.14_Linux-X86_64/platform/tools/gcc-arm-none-eabi-10.3-2021.10/bin/../lib/gcc/arm-none-eabi/10.3.1/../../../../arm-none-eabi/lib/thumb/v7e-m+fp/hard/libnosys.a(fstat.o)
                0x000000000800b4cc                _fstat
 .text._getpid  0x000000000800b4dc       0x10 /home/viktor/Downloads/AT32IDE_V1.0.14_Linux-X86_64/platform/tools/gcc-arm-none-eabi-10.3-2021.10/bin/../lib/gcc/arm-none-eabi/10.3.1/../../../../arm-none-eabi/lib/thumb/v7e-m+fp/hard/libnosys.a(getpid.o)
                0x000000000800b4dc                _getpid
 .text._isatty  0x000000000800b4ec       0x10 /home/viktor/Downloads/AT32IDE_V1.0.14_Linux-X86_64/platform/tools/gcc-arm-none-eabi-10.3-2021.10/bin/../lib/gcc/arm-none-eabi/10.3.1/../../../../arm-none-eabi/lib/thumb/v7e-m+fp/hard/libnosys.a(isatty.o)
                0x000000000800b4ec                _isatty
 .text._kill    0x000000000800b4fc       0x10 /home/viktor/Downloads/AT32IDE_V1.0.14_Linux-X86_64/platform/tools/gcc-arm-none-eabi-10.3-2021.10/bin/../lib/gcc/arm-none-eabi/10.3.1/../../../../arm-none-eabi/lib/thumb/v7e-m+fp/hard/libnosys.a(kill.o)
                0x000000000800b4fc                _kill
 .text._lseek   0x000000000800b50c       0x10 /home/viktor/Downloads/AT32IDE_V1.0.14_Linux-X86_64/platform/tools/gcc-arm-none-eabi-10.3-2021.10/bin/../lib/gcc/arm-none-eabi/10.3.1/../../../../arm-none-eabi/lib/thumb/v7e-m+fp/hard/libnosys.a(lseek.o)
                0x000000000800b50c                _lseek
 .text._read    0x000000000800b51c       0x10 /home/viktor/Downloads/AT32IDE_V1.0.14_Linux-X86_64/platform/tools/gcc-arm-none-eabi-10.3-2021.10/bin/../lib/gcc/arm-none-eabi/10.3.1/../../../../arm-none-eabi/lib/thumb/v7e-m+fp/hard/libnosys.a(read.o)
                0x000000000800b51c                _read
 .text._sbrk    0x000000000800b52c       0x1c /home/viktor/Downloads/AT32IDE_V1.0.14_Linux-X86_64/platform/tools/gcc-arm-none-eabi-10.3-2021.10/bin/../lib/gcc/arm-none-eabi/10.3.1/../../../../arm-none-eabi/lib/thumb/v7e-m+fp/hard/libnosys.a(sbrk.o)
                0x000000000800b52c                _sbrk
 .text._exit    0x000000000800b548        0x4 /home/viktor/Downloads/AT32IDE_V1.0.14_Linux-X86_64/platform/tools/gcc-arm-none-eabi-10.3-2021.10/bin/../lib/gcc/arm-none-eabi/10.3.1/../../../../arm-none-eabi/lib/thumb/v7e-m+fp/hard/libnosys.a(_exit.o)
                0x000000000800b548                _exit
 *(.glue_7)
 .glue_7        0x000000000800b54c        0x0 linker stubs
 *(.glue_7t)
 .glue_7t       0x000000000800b54c        0x0 linker stubs
 *(.eh_frame)
 .eh_frame      0x000000000800b54c        0x0 /home/viktor/Downloads/AT32IDE_V1.0.14_Linux-X86_64/platform/tools/gcc-arm-none-eabi-10.3-2021.10/bin/../lib/gcc/arm-none-eabi/10.3.1/thumb/v7e-m+fp/hard/crtbegin.o
 *(.init)
 .init          0x000000000800b54c        0x4 /home/viktor/Downloads/AT32IDE_V1.0.14_Linux-X86_64/platform/tools/gcc-arm-none-eabi-10.3-2021.10/bin/../lib/gcc/arm-none-eabi/10.3.1/thumb/v7e-m+fp/hard/crti.o
                0x000000000800b54c                _init
 .init          0x000000000800b550        0x8 /home/viktor/Downloads/AT32IDE_V1.0.14_Linux-X86_64/platform/tools/gcc-arm-none-eabi-10.3-2021.10/bin/../lib/gcc/arm-none-eabi/10.3.1/thumb/v7e-m+fp/hard/crtn.o
 *(.fini)
 .fini          0x000000000800b558        0x4 /home/viktor/Downloads/AT32IDE_V1.0.14_Linux-X86_64/platform/tools/gcc-arm-none-eabi-10.3-2021.10/bin/../lib/gcc/arm-none-eabi/10.3.1/thumb/v7e-m+fp/hard/crti.o
                0x000000000800b558                _fini
 .fini          0x000000000800b55c        0x8 /home/viktor/Downloads/AT32IDE_V1.0.14_Linux-X86_64/platform/tools/gcc-arm-none-eabi-10.3-2021.10/bin/../lib/gcc/arm-none-eabi/10.3.1/thumb/v7e-m+fp/hard/crtn.o
                0x000000000800b564                . = ALIGN (0x4)
                0x000000000800b564                _etext = .

.vfp11_veneer   0x000000000800b564        0x0
 .vfp11_veneer  0x000000000800b564        0x0 linker stubs

.v4_bx          0x000000000800b564        0x0
 .v4_bx         0x000000000800b564        0x0 linker stubs

.iplt           0x000000000800b564        0x0
 .iplt          0x000000000800b564        0x0 /home/viktor/Downloads/AT32IDE_V1.0.14_Linux-X86_64/platform/tools/gcc-arm-none-eabi-10.3-2021.10/bin/../lib/gcc/arm-none-eabi/10.3.1/thumb/v7e-m+fp/hard/crtbegin.o

.rodata         0x000000000800b568      0xab8
                0x000000000800b568                . = ALIGN (0x4)
 *(.rodata)
 .rodata        0x000000000800b568      0x633 ./user/main.o
                0x000000000800b568                sine_lut
 *fill*         0x000000000800bb9b        0x1 
 .rodata        0x000000000800bb9c       0x28 ./firmware/at32f403a_407_crm.o
 .rodata        0x000000000800bbc4       0x10 ./cmsis/system_at32f403a_407.o
 .rodata        0x000000000800bbd4        0xc /home/viktor/Downloads/AT32IDE_V1.0.14_Linux-X86_64/platform/tools/gcc-arm-none-eabi-10.3-2021.10/bin/../lib/gcc/arm-none-eabi/10.3.1/../../../../arm-none-eabi/lib/thumb/v7e-m+fp/hard/libg_nano.a(lib_a-nano-vfscanf_i.o)
 *(.rodata*)
 .rodata._global_impure_ptr
                0x000000000800bbe0        0x4 /home/viktor/Downloads/AT32IDE_V1.0.14_Linux-X86_64/platform/tools/gcc-arm-none-eabi-10.3-2021.10/bin/../lib/gcc/arm-none-eabi/10.3.1/../../../../arm-none-eabi/lib/thumb/v7e-m+fp/hard/libg_nano.a(lib_a-impure.o)
                0x000000000800bbe0                _global_impure_ptr
 .rodata._printf_float.str1.1
                0x000000000800bbe4       0x10 /home/viktor/Downloads/AT32IDE_V1.0.14_Linux-X86_64/platform/tools/gcc-arm-none-eabi-10.3-2021.10/bin/../lib/gcc/arm-none-eabi/10.3.1/../../../../arm-none-eabi/lib/thumb/v7e-m+fp/hard/libg_nano.a(lib_a-nano-vfprintf_float.o)
                                         0x12 (size before relaxing)
 .rodata._printf_i.str1.1
                0x000000000800bbf4       0x22 /home/viktor/Downloads/AT32IDE_V1.0.14_Linux-X86_64/platform/tools/gcc-arm-none-eabi-10.3-2021.10/bin/../lib/gcc/arm-none-eabi/10.3.1/../../../../arm-none-eabi/lib/thumb/v7e-m+fp/hard/libg_nano.a(lib_a-nano-vfprintf_i.o)
 .rodata._dtoa_r.str1.1
                0x000000000800bc16       0xb3 /home/viktor/Downloads/AT32IDE_V1.0.14_Linux-X86_64/platform/tools/gcc-arm-none-eabi-10.3-2021.10/bin/../lib/gcc/arm-none-eabi/10.3.1/../../../../arm-none-eabi/lib/thumb/v7e-m+fp/hard/libg_nano.a(lib_a-dtoa.o)
                                         0xb5 (size before relaxing)
 *fill*         0x000000000800bcc9        0x3 
 .rodata.__sf_fake_stderr
                0x000000000800bccc       0x20 /home/viktor/Downloads/AT32IDE_V1.0.14_Linux-X86_64/platform/tools/gcc-arm-none-eabi-10.3-2021.10/bin/../lib/gcc/arm-none-eabi/10.3.1/../../../../arm-none-eabi/lib/thumb/v7e-m+fp/hard/libg_nano.a(lib_a-findfp.o)
                0x000000000800bccc                __sf_fake_stderr
 .rodata.__sf_fake_stdin
                0x000000000800bcec       0x20 /home/viktor/Downloads/AT32IDE_V1.0.14_Linux-X86_64/platform/tools/gcc-arm-none-eabi-10.3-2021.10/bin/../lib/gcc/arm-none-eabi/10.3.1/../../../../arm-none-eabi/lib/thumb/v7e-m+fp/hard/libg_nano.a(lib_a-findfp.o)
                0x000000000800bcec                __sf_fake_stdin
 .rodata.__sf_fake_stdout
                0x000000000800bd0c       0x20 /home/viktor/Downloads/AT32IDE_V1.0.14_Linux-X86_64/platform/tools/gcc-arm-none-eabi-10.3-2021.10/bin/../lib/gcc/arm-none-eabi/10.3.1/../../../../arm-none-eabi/lib/thumb/v7e-m+fp/hard/libg_nano.a(lib_a-findfp.o)
                0x000000000800bd0c                __sf_fake_stdout
 .rodata._Balloc.str1.1
                0x000000000800bd2c       0x7f /home/viktor/Downloads/AT32IDE_V1.0.14_Linux-X86_64/platform/tools/gcc-arm-none-eabi-10.3-2021.10/bin/../lib/gcc/arm-none-eabi/10.3.1/../../../../arm-none-eabi/lib/thumb/v7e-m+fp/hard/libg_nano.a(lib_a-mprec.o)
                                         0x96 (size before relaxing)
 .rodata.__multadd.str1.1
                0x000000000800bdab       0x11 /home/viktor/Downloads/AT32IDE_V1.0.14_Linux-X86_64/platform/tools/gcc-arm-none-eabi-10.3-2021.10/bin/../lib/gcc/arm-none-eabi/10.3.1/../../../../arm-none-eabi/lib/thumb/v7e-m+fp/hard/libg_nano.a(lib_a-mprec.o)
 *fill*         0x000000000800bdab        0x5 
 .rodata.__mprec_bigtens
                0x000000000800bdb0       0x28 /home/viktor/Downloads/AT32IDE_V1.0.14_Linux-X86_64/platform/tools/gcc-arm-none-eabi-10.3-2021.10/bin/../lib/gcc/arm-none-eabi/10.3.1/../../../../arm-none-eabi/lib/thumb/v7e-m+fp/hard/libg_nano.a(lib_a-mprec.o)
                0x000000000800bdb0                __mprec_bigtens
 .rodata.__mprec_tens
                0x000000000800bdd8       0xc8 /home/viktor/Downloads/AT32IDE_V1.0.14_Linux-X86_64/platform/tools/gcc-arm-none-eabi-10.3-2021.10/bin/../lib/gcc/arm-none-eabi/10.3.1/../../../../arm-none-eabi/lib/thumb/v7e-m+fp/hard/libg_nano.a(lib_a-mprec.o)
                0x000000000800bdd8                __mprec_tens
 .rodata.p05.0  0x000000000800bea0        0xc /home/viktor/Downloads/AT32IDE_V1.0.14_Linux-X86_64/platform/tools/gcc-arm-none-eabi-10.3-2021.10/bin/../lib/gcc/arm-none-eabi/10.3.1/../../../../arm-none-eabi/lib/thumb/v7e-m+fp/hard/libg_nano.a(lib_a-mprec.o)
 .rodata.__ssvfscanf_r.str1.1
                0x000000000800beac        0x4 /home/viktor/Downloads/AT32IDE_V1.0.14_Linux-X86_64/platform/tools/gcc-arm-none-eabi-10.3-2021.10/bin/../lib/gcc/arm-none-eabi/10.3.1/../../../../arm-none-eabi/lib/thumb/v7e-m+fp/hard/libg_nano.a(lib_a-nano-svfscanf.o)
 .rodata._vfprintf_r.str1.1
                0x000000000800beb0        0xd /home/viktor/Downloads/AT32IDE_V1.0.14_Linux-X86_64/platform/tools/gcc-arm-none-eabi-10.3-2021.10/bin/../lib/gcc/arm-none-eabi/10.3.1/../../../../arm-none-eabi/lib/thumb/v7e-m+fp/hard/libg_nano.a(lib_a-nano-vfprintf.o)
                                         0x11 (size before relaxing)
 .rodata.str1.1
                0x000000000800bebd        0x9 /home/viktor/Downloads/AT32IDE_V1.0.14_Linux-X86_64/platform/tools/gcc-arm-none-eabi-10.3-2021.10/bin/../lib/gcc/arm-none-eabi/10.3.1/../../../../arm-none-eabi/lib/thumb/v7e-m+fp/hard/libg_nano.a(lib_a-nano-vfscanf_i.o)
 .rodata._scanf_i.str1.1
                0x000000000800bec6       0x12 /home/viktor/Downloads/AT32IDE_V1.0.14_Linux-X86_64/platform/tools/gcc-arm-none-eabi-10.3-2021.10/bin/../lib/gcc/arm-none-eabi/10.3.1/../../../../arm-none-eabi/lib/thumb/v7e-m+fp/hard/libg_nano.a(lib_a-nano-vfscanf_i.o)
 .rodata.__assert_func.str1.1
                0x000000000800bed8       0x3c /home/viktor/Downloads/AT32IDE_V1.0.14_Linux-X86_64/platform/tools/gcc-arm-none-eabi-10.3-2021.10/bin/../lib/gcc/arm-none-eabi/10.3.1/../../../../arm-none-eabi/lib/thumb/v7e-m+fp/hard/libg_nano.a(lib_a-assert.o)
                                         0x3d (size before relaxing)
 .rodata._ctype_
                0x000000000800bf14      0x101 /home/viktor/Downloads/AT32IDE_V1.0.14_Linux-X86_64/platform/tools/gcc-arm-none-eabi-10.3-2021.10/bin/../lib/gcc/arm-none-eabi/10.3.1/../../../../arm-none-eabi/lib/thumb/v7e-m+fp/hard/libg_nano.a(lib_a-ctype_.o)
                0x000000000800bf14                _ctype_
 .rodata._setlocale_r.str1.1
                0x000000000800c015        0x8 /home/viktor/Downloads/AT32IDE_V1.0.14_Linux-X86_64/platform/tools/gcc-arm-none-eabi-10.3-2021.10/bin/../lib/gcc/arm-none-eabi/10.3.1/../../../../arm-none-eabi/lib/thumb/v7e-m+fp/hard/libg_nano.a(lib_a-locale.o)
                                          0x9 (size before relaxing)
 .rodata.str1.1
                0x000000000800c01d        0x2 /home/viktor/Downloads/AT32IDE_V1.0.14_Linux-X86_64/platform/tools/gcc-arm-none-eabi-10.3-2021.10/bin/../lib/gcc/arm-none-eabi/10.3.1/../../../../arm-none-eabi/lib/thumb/v7e-m+fp/hard/libg_nano.a(lib_a-locale.o)
                0x000000000800c020                . = ALIGN (0x4)
 *fill*         0x000000000800c01f        0x1 

.rel.dyn        0x000000000800c020        0x0
 .rel.iplt      0x000000000800c020        0x0 /home/viktor/Downloads/AT32IDE_V1.0.14_Linux-X86_64/platform/tools/gcc-arm-none-eabi-10.3-2021.10/bin/../lib/gcc/arm-none-eabi/10.3.1/thumb/v7e-m+fp/hard/crtbegin.o

.ARM.extab
 *(.ARM.extab* .gnu.linkonce.armextab.*)

.ARM            0x000000000800c020        0x0
                0x000000000800c020                __exidx_start = .
 *(.ARM.exidx*)
                0x000000000800c020                __exidx_end = .

.preinit_array  0x000000000800c020        0x0
                0x000000000800c020                PROVIDE (__preinit_array_start = .)
 *(.preinit_array*)
                0x000000000800c020                PROVIDE (__preinit_array_end = .)

.init_array     0x000000000800c020        0x4
                0x000000000800c020                PROVIDE (__init_array_start = .)
 *(SORT_BY_NAME(.init_array.*))
 *(.init_array*)
 .init_array    0x000000000800c020        0x4 /home/viktor/Downloads/AT32IDE_V1.0.14_Linux-X86_64/platform/tools/gcc-arm-none-eabi-10.3-2021.10/bin/../lib/gcc/arm-none-eabi/10.3.1/thumb/v7e-m+fp/hard/crtbegin.o
                0x000000000800c024                PROVIDE (__init_array_end = .)

.fini_array     0x000000000800c024        0x4
                [!provide]                        PROVIDE (__fini_array_start = .)
 *(SORT_BY_NAME(.fini_array.*))
 *(.fini_array*)
 .fini_array    0x000000000800c024        0x4 /home/viktor/Downloads/AT32IDE_V1.0.14_Linux-X86_64/platform/tools/gcc-arm-none-eabi-10.3-2021.10/bin/../lib/gcc/arm-none-eabi/10.3.1/thumb/v7e-m+fp/hard/crtbegin.o
                [!provide]                        PROVIDE (__fini_array_end = .)
                0x000000000800c028                _sidata = LOADADDR (.data)

.data           0x0000000020000000      0xcb0 load address 0x000000000800c028
                0x0000000020000000                . = ALIGN (0x4)
                0x0000000020000000                _sdata = .
 *(.data)
 .data          0x0000000020000000      0xab8 ./user/main.o
                0x0000000020000000                sample_select
                0x0000000020000020                ADSR_settings
                0x0000000020000030                ADSR_sustain
                0x0000000020000034                ADSR_counter_position
                0x000000002000003c                CNT_list_selected
                0x000000002000005c                audio_gain
                0x000000002000006c                temp_data
                0x0000000020000170                total_samples
                0x0000000020000171                cc_7
                0x0000000020000174                release_start
                0x000000002000017c                output_gain
                0x0000000020000180                output_gain2
                0x0000000020000184                side_gain
                0x0000000020000188                multi
                0x000000002000018c                all_settings
                0x000000002000098c                lfo1_depth
                0x000000002000098e                lfo1_rate
                0x0000000020000990                master_tune
                0x0000000020000994                cc_list_extra
                0x00000000200009b4                next_sample_id
                0x00000000200009b8                sine_wave
 .data          0x0000000020000ab8        0x4 ./cmsis/system_at32f403a_407.o
                0x0000000020000ab8                system_core_clock
 .data          0x0000000020000abc       0x21 ./bsp/at32f403a_407_board.o
                0x0000000020000abc                led_gpio_port
                0x0000000020000ac8                led_gpio_pin
                0x0000000020000ad0                led_gpio_crm_clk
 *(.data*)
 *fill*         0x0000000020000add        0x3 
 .data._impure_ptr
                0x0000000020000ae0        0x4 /home/viktor/Downloads/AT32IDE_V1.0.14_Linux-X86_64/platform/tools/gcc-arm-none-eabi-10.3-2021.10/bin/../lib/gcc/arm-none-eabi/10.3.1/../../../../arm-none-eabi/lib/thumb/v7e-m+fp/hard/libg_nano.a(lib_a-impure.o)
                0x0000000020000ae0                _impure_ptr
 .data.impure_data
                0x0000000020000ae4       0x60 /home/viktor/Downloads/AT32IDE_V1.0.14_Linux-X86_64/platform/tools/gcc-arm-none-eabi-10.3-2021.10/bin/../lib/gcc/arm-none-eabi/10.3.1/../../../../arm-none-eabi/lib/thumb/v7e-m+fp/hard/libg_nano.a(lib_a-impure.o)
 .data.__global_locale
                0x0000000020000b44      0x16c /home/viktor/Downloads/AT32IDE_V1.0.14_Linux-X86_64/platform/tools/gcc-arm-none-eabi-10.3-2021.10/bin/../lib/gcc/arm-none-eabi/10.3.1/../../../../arm-none-eabi/lib/thumb/v7e-m+fp/hard/libg_nano.a(lib_a-locale.o)
                0x0000000020000b44                __global_locale
                0x0000000020000cb0                . = ALIGN (0x4)
                0x0000000020000cb0                _edata = .
                0x0000000008400000                _spim_init_base = LOADADDR (.spim)
                0x0000000000000000                _spim_init_length = SIZEOF (.spim)

.igot.plt       0x0000000020000cb0        0x0 load address 0x000000000800ccd8
 .igot.plt      0x0000000020000cb0        0x0 /home/viktor/Downloads/AT32IDE_V1.0.14_Linux-X86_64/platform/tools/gcc-arm-none-eabi-10.3-2021.10/bin/../lib/gcc/arm-none-eabi/10.3.1/thumb/v7e-m+fp/hard/crtbegin.o

.spim           0x0000000008400000        0x0
                0x0000000008400000                . = ALIGN (0x4)
                0x0000000008400000                _spim_start = .
 *(.spim)
 *(.spim*)
                0x0000000008400000                . = ALIGN (0x4)
                0x0000000008400000                _spim_end = .

.user_data      0x00000000080e0000        0x0
                0x00000000080e0000                . = ALIGN (0x4)
 *(.user_data)
                0x00000000080e0000                . = ALIGN (0x4)
                0x00000000080e0000                . = ALIGN (0x4)

.bss            0x0000000020000cb0     0xec6c
                0x0000000020000cb0                _sbss = .
                0x0000000020000cb0                __bss_start__ = _sbss
 *(.bss)
 .bss           0x0000000020000cb0       0x1c /home/viktor/Downloads/AT32IDE_V1.0.14_Linux-X86_64/platform/tools/gcc-arm-none-eabi-10.3-2021.10/bin/../lib/gcc/arm-none-eabi/10.3.1/thumb/v7e-m+fp/hard/crtbegin.o
 .bss           0x0000000020000ccc     0xec2c ./user/main.o
                0x0000000020000ccc                one_shot_var
                0x0000000020000cd0                usart4_rx_buffer
                0x0000000020000dd0                usart4_int_buffer
                0x0000000020000ed4                usart4_rx_counter
                0x0000000020000ed8                usart3_rx_buffer
                0x0000000020000edc                usart3_rx_counter
                0x0000000020000ee0                usart3_rx_temp
                0x0000000020000ee6                controller_address
                0x0000000020000ee8                controller_value
                0x0000000020000ee9                usart3_rx_restart
                0x0000000020000eec                usart2_rx_buffer
                0x0000000020000eef                usart4_rx_reset
                0x0000000020000ef0                usart4_total_counter
                0x0000000020000ef4                psram_sample_write
                0x0000000020000ef5                psram_busy
                0x0000000020000ef8                uart_receive_timer
                0x0000000020000f18                spi_process_counter
                0x0000000020000f1c                spi_read_pointer
                0x0000000020000f20                spi_test_mode
                0x0000000020000f24                test_int_buf
                0x0000000020001024                overload_flag